<?xml version="1.0"?>
<link_info>
   <banner>TI ARM Linker Unix v5.1.6</banner>
   <copyright>Copyright (c) 1996-2014 Texas Instruments Incorporated</copyright>
   <link_time>0x55398a74</link_time>
   <link_errors>0x0</link_errors>
   <output_file>Aalto2_FreeRTOS.out</output_file>
   <entry_point>
      <name>_c_int00</name>
      <address>0x17d28</address>
   </entry_point>
   <input_file_list>
      <input_file id="fl-2">
         <path>./system/source/</path>
         <kind>object</kind>
         <file>can.obj</file>
         <name>can.obj</name>
      </input_file>
      <input_file id="fl-3">
         <path>./system/source/</path>
         <kind>object</kind>
         <file>dabort.obj</file>
         <name>dabort.obj</name>
      </input_file>
      <input_file id="fl-4">
         <path>./system/source/</path>
         <kind>object</kind>
         <file>esm.obj</file>
         <name>esm.obj</name>
      </input_file>
      <input_file id="fl-5">
         <path>./system/source/</path>
         <kind>object</kind>
         <file>gio.obj</file>
         <name>gio.obj</name>
      </input_file>
      <input_file id="fl-6">
         <path>./system/source/</path>
         <kind>object</kind>
         <file>i2c.obj</file>
         <name>i2c.obj</name>
      </input_file>
      <input_file id="fl-7">
         <path>./system/source/</path>
         <kind>object</kind>
         <file>notification.obj</file>
         <name>notification.obj</name>
      </input_file>
      <input_file id="fl-8">
         <path>./system/source/</path>
         <kind>object</kind>
         <file>os_croutine.obj</file>
         <name>os_croutine.obj</name>
      </input_file>
      <input_file id="fl-9">
         <path>./system/source/</path>
         <kind>object</kind>
         <file>os_event_groups.obj</file>
         <name>os_event_groups.obj</name>
      </input_file>
      <input_file id="fl-a">
         <path>./system/source/</path>
         <kind>object</kind>
         <file>os_heap.obj</file>
         <name>os_heap.obj</name>
      </input_file>
      <input_file id="fl-b">
         <path>./system/source/</path>
         <kind>object</kind>
         <file>os_list.obj</file>
         <name>os_list.obj</name>
      </input_file>
      <input_file id="fl-c">
         <path>./system/source/</path>
         <kind>object</kind>
         <file>os_mpu_wrappers.obj</file>
         <name>os_mpu_wrappers.obj</name>
      </input_file>
      <input_file id="fl-d">
         <path>./system/source/</path>
         <kind>object</kind>
         <file>os_port.obj</file>
         <name>os_port.obj</name>
      </input_file>
      <input_file id="fl-e">
         <path>./system/source/</path>
         <kind>object</kind>
         <file>os_portasm.obj</file>
         <name>os_portasm.obj</name>
      </input_file>
      <input_file id="fl-f">
         <path>./system/source/</path>
         <kind>object</kind>
         <file>os_queue.obj</file>
         <name>os_queue.obj</name>
      </input_file>
      <input_file id="fl-10">
         <path>./system/source/</path>
         <kind>object</kind>
         <file>os_tasks.obj</file>
         <name>os_tasks.obj</name>
      </input_file>
      <input_file id="fl-11">
         <path>./system/source/</path>
         <kind>object</kind>
         <file>os_timer.obj</file>
         <name>os_timer.obj</name>
      </input_file>
      <input_file id="fl-12">
         <path>./system/source/</path>
         <kind>object</kind>
         <file>pinmux.obj</file>
         <name>pinmux.obj</name>
      </input_file>
      <input_file id="fl-13">
         <path>./system/source/</path>
         <kind>object</kind>
         <file>pom.obj</file>
         <name>pom.obj</name>
      </input_file>
      <input_file id="fl-14">
         <path>./system/source/</path>
         <kind>object</kind>
         <file>sci.obj</file>
         <name>sci.obj</name>
      </input_file>
      <input_file id="fl-15">
         <path>./system/source/</path>
         <kind>object</kind>
         <file>spi.obj</file>
         <name>spi.obj</name>
      </input_file>
      <input_file id="fl-16">
         <path>./system/source/</path>
         <kind>object</kind>
         <file>sys_core.obj</file>
         <name>sys_core.obj</name>
      </input_file>
      <input_file id="fl-17">
         <path>./system/source/</path>
         <kind>object</kind>
         <file>sys_dma.obj</file>
         <name>sys_dma.obj</name>
      </input_file>
      <input_file id="fl-18">
         <path>./system/source/</path>
         <kind>object</kind>
         <file>sys_intvecs.obj</file>
         <name>sys_intvecs.obj</name>
      </input_file>
      <input_file id="fl-19">
         <path>./system/source/</path>
         <kind>object</kind>
         <file>sys_main.obj</file>
         <name>sys_main.obj</name>
      </input_file>
      <input_file id="fl-1a">
         <path>./system/source/</path>
         <kind>object</kind>
         <file>sys_mpu.obj</file>
         <name>sys_mpu.obj</name>
      </input_file>
      <input_file id="fl-1b">
         <path>./system/source/</path>
         <kind>object</kind>
         <file>sys_pcr.obj</file>
         <name>sys_pcr.obj</name>
      </input_file>
      <input_file id="fl-1c">
         <path>./system/source/</path>
         <kind>object</kind>
         <file>sys_phantom.obj</file>
         <name>sys_phantom.obj</name>
      </input_file>
      <input_file id="fl-1d">
         <path>./system/source/</path>
         <kind>object</kind>
         <file>sys_pmm.obj</file>
         <name>sys_pmm.obj</name>
      </input_file>
      <input_file id="fl-1e">
         <path>./system/source/</path>
         <kind>object</kind>
         <file>sys_pmu.obj</file>
         <name>sys_pmu.obj</name>
      </input_file>
      <input_file id="fl-1f">
         <path>./system/source/</path>
         <kind>object</kind>
         <file>sys_selftest.obj</file>
         <name>sys_selftest.obj</name>
      </input_file>
      <input_file id="fl-20">
         <path>./system/source/</path>
         <kind>object</kind>
         <file>sys_startup.obj</file>
         <name>sys_startup.obj</name>
      </input_file>
      <input_file id="fl-21">
         <path>./system/source/</path>
         <kind>object</kind>
         <file>sys_vim.obj</file>
         <name>sys_vim.obj</name>
      </input_file>
      <input_file id="fl-22">
         <path>./system/source/</path>
         <kind>object</kind>
         <file>system.obj</file>
         <name>system.obj</name>
      </input_file>
      <input_file id="fl-23">
         <path>./subsystems/test/</path>
         <kind>object</kind>
         <file>test.obj</file>
         <name>test.obj</name>
      </input_file>
      <input_file id="fl-24">
         <path>./subsystems/main/</path>
         <kind>object</kind>
         <file>main.obj</file>
         <name>main.obj</name>
      </input_file>
      <input_file id="fl-25">
         <path>./subsystems/cli/</path>
         <kind>object</kind>
         <file>cli.obj</file>
         <name>cli.obj</name>
      </input_file>
      <input_file id="fl-26">
         <path>./subsystems/TorqueControl/</path>
         <kind>object</kind>
         <file>TorqueControl.obj</file>
         <name>TorqueControl.obj</name>
      </input_file>
      <input_file id="fl-27">
         <path>./subsystems/TaskManaging/</path>
         <kind>object</kind>
         <file>TaskManaging.obj</file>
         <name>TaskManaging.obj</name>
      </input_file>
      <input_file id="fl-28">
         <path>./subsystems/SensorReading/</path>
         <kind>object</kind>
         <file>SensorReading.obj</file>
         <name>SensorReading.obj</name>
      </input_file>
      <input_file id="fl-29">
         <path>./subsystems/SU/</path>
         <kind>object</kind>
         <file>SU.obj</file>
         <name>SU.obj</name>
      </input_file>
      <input_file id="fl-2a">
         <path>./subsystems/FreeRTOS-Plus-FAT-SL/psp/target/rtc/</path>
         <kind>object</kind>
         <file>psp_rtc.obj</file>
         <name>psp_rtc.obj</name>
      </input_file>
      <input_file id="fl-2b">
         <path>./subsystems/FreeRTOS-Plus-FAT-SL/psp/target/fat_sl/</path>
         <kind>object</kind>
         <file>psp_test.obj</file>
         <name>psp_test.obj</name>
      </input_file>
      <input_file id="fl-2c">
         <path>./subsystems/FreeRTOS-Plus-FAT-SL/media-drv/ram/</path>
         <kind>object</kind>
         <file>ramdrv_f.obj</file>
         <name>ramdrv_f.obj</name>
      </input_file>
      <input_file id="fl-2d">
         <path>./subsystems/FreeRTOS-Plus-FAT-SL/fat_sl/common/</path>
         <kind>object</kind>
         <file>dir.obj</file>
         <name>dir.obj</name>
      </input_file>
      <input_file id="fl-2e">
         <path>./subsystems/FreeRTOS-Plus-FAT-SL/fat_sl/common/</path>
         <kind>object</kind>
         <file>drv.obj</file>
         <name>drv.obj</name>
      </input_file>
      <input_file id="fl-2f">
         <path>./subsystems/FreeRTOS-Plus-FAT-SL/fat_sl/common/</path>
         <kind>object</kind>
         <file>f_lock.obj</file>
         <name>f_lock.obj</name>
      </input_file>
      <input_file id="fl-30">
         <path>./subsystems/FreeRTOS-Plus-FAT-SL/fat_sl/common/</path>
         <kind>object</kind>
         <file>fat.obj</file>
         <name>fat.obj</name>
      </input_file>
      <input_file id="fl-31">
         <path>./subsystems/FreeRTOS-Plus-FAT-SL/fat_sl/common/</path>
         <kind>object</kind>
         <file>fat_cli.obj</file>
         <name>fat_cli.obj</name>
      </input_file>
      <input_file id="fl-32">
         <path>./subsystems/FreeRTOS-Plus-FAT-SL/fat_sl/common/</path>
         <kind>object</kind>
         <file>file.obj</file>
         <name>file.obj</name>
      </input_file>
      <input_file id="fl-33">
         <path>./subsystems/FreeRTOS-Plus-FAT-SL/fat_sl/common/</path>
         <kind>object</kind>
         <file>util.obj</file>
         <name>util.obj</name>
      </input_file>
      <input_file id="fl-34">
         <path>./subsystems/FreeRTOS-Plus-FAT-SL/fat_sl/common/</path>
         <kind>object</kind>
         <file>util_sfn.obj</file>
         <name>util_sfn.obj</name>
      </input_file>
      <input_file id="fl-35">
         <path>./subsystems/FreeRTOS-Plus-FAT-SL/fat_sl/common/</path>
         <kind>object</kind>
         <file>volume.obj</file>
         <name>volume.obj</name>
      </input_file>
      <input_file id="fl-36">
         <path>./subsystems/FreeRTOS-Plus-CLI/</path>
         <kind>object</kind>
         <file>FreeRTOS_CLI.obj</file>
         <name>FreeRTOS_CLI.obj</name>
      </input_file>
      <input_file id="fl-37">
         <path>./subsystems/ADS/</path>
         <kind>object</kind>
         <file>ADS.obj</file>
         <name>ADS.obj</name>
      </input_file>
      <input_file id="fl-38">
         <path>./subsystems/ADS/A2_ADCS_HIL/</path>
         <kind>object</kind>
         <file>UKF.obj</file>
         <name>UKF.obj</name>
      </input_file>
      <input_file id="fl-39">
         <path>./subsystems/ADS/A2_ADCS_HIL/</path>
         <kind>object</kind>
         <file>eci2ecef.obj</file>
         <name>eci2ecef.obj</name>
      </input_file>
      <input_file id="fl-3a">
         <path>./subsystems/ADS/A2_ADCS_HIL/</path>
         <kind>object</kind>
         <file>igrf.obj</file>
         <name>igrf.obj</name>
      </input_file>
      <input_file id="fl-3b">
         <path>./subsystems/ADS/A2_ADCS_HIL/</path>
         <kind>object</kind>
         <file>quat.obj</file>
         <name>quat.obj</name>
      </input_file>
      <input_file id="fl-3c">
         <path>./subsystems/ADS/A2_ADCS_HIL/</path>
         <kind>object</kind>
         <file>sgp4.obj</file>
         <name>sgp4.obj</name>
      </input_file>
      <input_file id="fl-3d">
         <path>./subsystems/ADS/A2_ADCS_HIL/</path>
         <kind>object</kind>
         <file>sol2JD.obj</file>
         <name>sol2JD.obj</name>
      </input_file>
      <input_file id="fl-3e">
         <path>./subsystems/ADS/A2_ADCS_HIL/</path>
         <kind>object</kind>
         <file>sunpos.obj</file>
         <name>sunpos.obj</name>
      </input_file>
      <input_file id="fl-3f">
         <path>./subsystems/ADS/A2_ADCS_HIL/</path>
         <kind>object</kind>
         <file>sunpos1.obj</file>
         <name>sunpos1.obj</name>
      </input_file>
      <input_file id="fl-40">
         <path>./subsystems/ACS/</path>
         <kind>object</kind>
         <file>ACS.obj</file>
         <name>ACS.obj</name>
      </input_file>
      <input_file id="fl-41">
         <path>./subsystems/ACS/</path>
         <kind>object</kind>
         <file>kleinman.obj</file>
         <name>kleinman.obj</name>
      </input_file>
      <input_file id="fl-42">
         <path>./subsystems/ACS/</path>
         <kind>object</kind>
         <file>schur_are.obj</file>
         <name>schur_are.obj</name>
      </input_file>
      <input_file id="fl-43">
         <path>./Library/mesch12b/</path>
         <kind>object</kind>
         <file>bdfactor.obj</file>
         <name>bdfactor.obj</name>
      </input_file>
      <input_file id="fl-44">
         <path>./Library/mesch12b/</path>
         <kind>object</kind>
         <file>bkpfacto.obj</file>
         <name>bkpfacto.obj</name>
      </input_file>
      <input_file id="fl-45">
         <path>./Library/mesch12b/</path>
         <kind>object</kind>
         <file>chfactor.obj</file>
         <name>chfactor.obj</name>
      </input_file>
      <input_file id="fl-46">
         <path>./Library/mesch12b/</path>
         <kind>object</kind>
         <file>copy.obj</file>
         <name>copy.obj</name>
      </input_file>
      <input_file id="fl-47">
         <path>./Library/mesch12b/</path>
         <kind>object</kind>
         <file>err.obj</file>
         <name>err.obj</name>
      </input_file>
      <input_file id="fl-48">
         <path>./Library/mesch12b/</path>
         <kind>object</kind>
         <file>fft.obj</file>
         <name>fft.obj</name>
      </input_file>
      <input_file id="fl-49">
         <path>./Library/mesch12b/</path>
         <kind>object</kind>
         <file>givens.obj</file>
         <name>givens.obj</name>
      </input_file>
      <input_file id="fl-4a">
         <path>./Library/mesch12b/</path>
         <kind>object</kind>
         <file>hessen.obj</file>
         <name>hessen.obj</name>
      </input_file>
      <input_file id="fl-4b">
         <path>./Library/mesch12b/</path>
         <kind>object</kind>
         <file>hsehldr.obj</file>
         <name>hsehldr.obj</name>
      </input_file>
      <input_file id="fl-4c">
         <path>./Library/mesch12b/</path>
         <kind>object</kind>
         <file>init.obj</file>
         <name>init.obj</name>
      </input_file>
      <input_file id="fl-4d">
         <path>./Library/mesch12b/</path>
         <kind>object</kind>
         <file>ivecop.obj</file>
         <name>ivecop.obj</name>
      </input_file>
      <input_file id="fl-4e">
         <path>./Library/mesch12b/</path>
         <kind>object</kind>
         <file>lufactor.obj</file>
         <name>lufactor.obj</name>
      </input_file>
      <input_file id="fl-4f">
         <path>./Library/mesch12b/</path>
         <kind>object</kind>
         <file>machine.obj</file>
         <name>machine.obj</name>
      </input_file>
      <input_file id="fl-50">
         <path>./Library/mesch12b/</path>
         <kind>object</kind>
         <file>matop.obj</file>
         <name>matop.obj</name>
      </input_file>
      <input_file id="fl-51">
         <path>./Library/mesch12b/</path>
         <kind>object</kind>
         <file>meminfo.obj</file>
         <name>meminfo.obj</name>
      </input_file>
      <input_file id="fl-52">
         <path>./Library/mesch12b/</path>
         <kind>object</kind>
         <file>memory.obj</file>
         <name>memory.obj</name>
      </input_file>
      <input_file id="fl-53">
         <path>./Library/mesch12b/</path>
         <kind>object</kind>
         <file>memstat.obj</file>
         <name>memstat.obj</name>
      </input_file>
      <input_file id="fl-54">
         <path>./Library/mesch12b/</path>
         <kind>object</kind>
         <file>mfunc.obj</file>
         <name>mfunc.obj</name>
      </input_file>
      <input_file id="fl-55">
         <path>./Library/mesch12b/</path>
         <kind>object</kind>
         <file>norm.obj</file>
         <name>norm.obj</name>
      </input_file>
      <input_file id="fl-56">
         <path>./Library/mesch12b/</path>
         <kind>object</kind>
         <file>pxop.obj</file>
         <name>pxop.obj</name>
      </input_file>
      <input_file id="fl-57">
         <path>./Library/mesch12b/</path>
         <kind>object</kind>
         <file>qrfactor.obj</file>
         <name>qrfactor.obj</name>
      </input_file>
      <input_file id="fl-58">
         <path>./Library/mesch12b/</path>
         <kind>object</kind>
         <file>schur.obj</file>
         <name>schur.obj</name>
      </input_file>
      <input_file id="fl-59">
         <path>./Library/mesch12b/</path>
         <kind>object</kind>
         <file>solve.obj</file>
         <name>solve.obj</name>
      </input_file>
      <input_file id="fl-5a">
         <path>./Library/mesch12b/</path>
         <kind>object</kind>
         <file>submat.obj</file>
         <name>submat.obj</name>
      </input_file>
      <input_file id="fl-5b">
         <path>./Library/mesch12b/</path>
         <kind>object</kind>
         <file>svd.obj</file>
         <name>svd.obj</name>
      </input_file>
      <input_file id="fl-5c">
         <path>./Library/mesch12b/</path>
         <kind>object</kind>
         <file>symmeig.obj</file>
         <name>symmeig.obj</name>
      </input_file>
      <input_file id="fl-5d">
         <path>./Library/mesch12b/</path>
         <kind>object</kind>
         <file>update.obj</file>
         <name>update.obj</name>
      </input_file>
      <input_file id="fl-5e">
         <path>./Library/mesch12b/</path>
         <kind>object</kind>
         <file>vecop.obj</file>
         <name>vecop.obj</name>
      </input_file>
      <input_file id="fl-5f">
         <path>./Library/mesch12b/</path>
         <kind>object</kind>
         <file>version.obj</file>
         <name>version.obj</name>
      </input_file>
      <input_file id="fl-64">
         <path>/opt/ti/ccsv6/tools/compiler/arm_5.1.6/lib/</path>
         <kind>archive</kind>
         <file>rtsv7R4_T_le_v3D16_eabi.lib</file>
         <name>atan.obj</name>
      </input_file>
      <input_file id="fl-65">
         <path>/opt/ti/ccsv6/tools/compiler/arm_5.1.6/lib/</path>
         <kind>archive</kind>
         <file>rtsv7R4_T_le_v3D16_eabi.lib</file>
         <name>auto_init.obj</name>
      </input_file>
      <input_file id="fl-66">
         <path>/opt/ti/ccsv6/tools/compiler/arm_5.1.6/lib/</path>
         <kind>archive</kind>
         <file>rtsv7R4_T_le_v3D16_eabi.lib</file>
         <name>copy_decompress_none.obj</name>
      </input_file>
      <input_file id="fl-67">
         <path>/opt/ti/ccsv6/tools/compiler/arm_5.1.6/lib/</path>
         <kind>archive</kind>
         <file>rtsv7R4_T_le_v3D16_eabi.lib</file>
         <name>copy_decompress_rle.obj</name>
      </input_file>
      <input_file id="fl-68">
         <path>/opt/ti/ccsv6/tools/compiler/arm_5.1.6/lib/</path>
         <kind>archive</kind>
         <file>rtsv7R4_T_le_v3D16_eabi.lib</file>
         <name>copy_zero_init.obj</name>
      </input_file>
      <input_file id="fl-69">
         <path>/opt/ti/ccsv6/tools/compiler/arm_5.1.6/lib/</path>
         <kind>archive</kind>
         <file>rtsv7R4_T_le_v3D16_eabi.lib</file>
         <name>cos.obj</name>
      </input_file>
      <input_file id="fl-6a">
         <path>/opt/ti/ccsv6/tools/compiler/arm_5.1.6/lib/</path>
         <kind>archive</kind>
         <file>rtsv7R4_T_le_v3D16_eabi.lib</file>
         <name>cpy_tbl.obj</name>
      </input_file>
      <input_file id="fl-6b">
         <path>/opt/ti/ccsv6/tools/compiler/arm_5.1.6/lib/</path>
         <kind>archive</kind>
         <file>rtsv7R4_T_le_v3D16_eabi.lib</file>
         <name>exit.obj</name>
      </input_file>
      <input_file id="fl-6c">
         <path>/opt/ti/ccsv6/tools/compiler/arm_5.1.6/lib/</path>
         <kind>archive</kind>
         <file>rtsv7R4_T_le_v3D16_eabi.lib</file>
         <name>floor.obj</name>
      </input_file>
      <input_file id="fl-6d">
         <path>/opt/ti/ccsv6/tools/compiler/arm_5.1.6/lib/</path>
         <kind>archive</kind>
         <file>rtsv7R4_T_le_v3D16_eabi.lib</file>
         <name>fmod.obj</name>
      </input_file>
      <input_file id="fl-6e">
         <path>/opt/ti/ccsv6/tools/compiler/arm_5.1.6/lib/</path>
         <kind>archive</kind>
         <file>rtsv7R4_T_le_v3D16_eabi.lib</file>
         <name>fprintf.obj</name>
      </input_file>
      <input_file id="fl-6f">
         <path>/opt/ti/ccsv6/tools/compiler/arm_5.1.6/lib/</path>
         <kind>archive</kind>
         <file>rtsv7R4_T_le_v3D16_eabi.lib</file>
         <name>fputc.obj</name>
      </input_file>
      <input_file id="fl-70">
         <path>/opt/ti/ccsv6/tools/compiler/arm_5.1.6/lib/</path>
         <kind>archive</kind>
         <file>rtsv7R4_T_le_v3D16_eabi.lib</file>
         <name>fputs.obj</name>
      </input_file>
      <input_file id="fl-71">
         <path>/opt/ti/ccsv6/tools/compiler/arm_5.1.6/lib/</path>
         <kind>archive</kind>
         <file>rtsv7R4_T_le_v3D16_eabi.lib</file>
         <name>i_div32.obj</name>
      </input_file>
      <input_file id="fl-72">
         <path>/opt/ti/ccsv6/tools/compiler/arm_5.1.6/lib/</path>
         <kind>archive</kind>
         <file>rtsv7R4_T_le_v3D16_eabi.lib</file>
         <name>log.obj</name>
      </input_file>
      <input_file id="fl-73">
         <path>/opt/ti/ccsv6/tools/compiler/arm_5.1.6/lib/</path>
         <kind>archive</kind>
         <file>rtsv7R4_T_le_v3D16_eabi.lib</file>
         <name>lowlev.obj</name>
      </input_file>
      <input_file id="fl-74">
         <path>/opt/ti/ccsv6/tools/compiler/arm_5.1.6/lib/</path>
         <kind>archive</kind>
         <file>rtsv7R4_T_le_v3D16_eabi.lib</file>
         <name>memchr.obj</name>
      </input_file>
      <input_file id="fl-75">
         <path>/opt/ti/ccsv6/tools/compiler/arm_5.1.6/lib/</path>
         <kind>archive</kind>
         <file>rtsv7R4_T_le_v3D16_eabi.lib</file>
         <name>memcmp.obj</name>
      </input_file>
      <input_file id="fl-76">
         <path>/opt/ti/ccsv6/tools/compiler/arm_5.1.6/lib/</path>
         <kind>archive</kind>
         <file>rtsv7R4_T_le_v3D16_eabi.lib</file>
         <name>memcpy_t2.obj</name>
      </input_file>
      <input_file id="fl-77">
         <path>/opt/ti/ccsv6/tools/compiler/arm_5.1.6/lib/</path>
         <kind>archive</kind>
         <file>rtsv7R4_T_le_v3D16_eabi.lib</file>
         <name>memmov.obj</name>
      </input_file>
      <input_file id="fl-78">
         <path>/opt/ti/ccsv6/tools/compiler/arm_5.1.6/lib/</path>
         <kind>archive</kind>
         <file>rtsv7R4_T_le_v3D16_eabi.lib</file>
         <name>memory.obj</name>
      </input_file>
      <input_file id="fl-79">
         <path>/opt/ti/ccsv6/tools/compiler/arm_5.1.6/lib/</path>
         <kind>archive</kind>
         <file>rtsv7R4_T_le_v3D16_eabi.lib</file>
         <name>memset_t2.obj</name>
      </input_file>
      <input_file id="fl-7a">
         <path>/opt/ti/ccsv6/tools/compiler/arm_5.1.6/lib/</path>
         <kind>archive</kind>
         <file>rtsv7R4_T_le_v3D16_eabi.lib</file>
         <name>pow.obj</name>
      </input_file>
      <input_file id="fl-7b">
         <path>/opt/ti/ccsv6/tools/compiler/arm_5.1.6/lib/</path>
         <kind>archive</kind>
         <file>rtsv7R4_T_le_v3D16_eabi.lib</file>
         <name>printf.obj</name>
      </input_file>
      <input_file id="fl-7c">
         <path>/opt/ti/ccsv6/tools/compiler/arm_5.1.6/lib/</path>
         <kind>archive</kind>
         <file>rtsv7R4_T_le_v3D16_eabi.lib</file>
         <name>setjmp_t2.obj</name>
      </input_file>
      <input_file id="fl-7d">
         <path>/opt/ti/ccsv6/tools/compiler/arm_5.1.6/lib/</path>
         <kind>archive</kind>
         <file>rtsv7R4_T_le_v3D16_eabi.lib</file>
         <name>signal.obj</name>
      </input_file>
      <input_file id="fl-7e">
         <path>/opt/ti/ccsv6/tools/compiler/arm_5.1.6/lib/</path>
         <kind>archive</kind>
         <file>rtsv7R4_T_le_v3D16_eabi.lib</file>
         <name>sin.obj</name>
      </input_file>
      <input_file id="fl-7f">
         <path>/opt/ti/ccsv6/tools/compiler/arm_5.1.6/lib/</path>
         <kind>archive</kind>
         <file>rtsv7R4_T_le_v3D16_eabi.lib</file>
         <name>snprintf.obj</name>
      </input_file>
      <input_file id="fl-80">
         <path>/opt/ti/ccsv6/tools/compiler/arm_5.1.6/lib/</path>
         <kind>archive</kind>
         <file>rtsv7R4_T_le_v3D16_eabi.lib</file>
         <name>sqrt.obj</name>
      </input_file>
      <input_file id="fl-81">
         <path>/opt/ti/ccsv6/tools/compiler/arm_5.1.6/lib/</path>
         <kind>archive</kind>
         <file>rtsv7R4_T_le_v3D16_eabi.lib</file>
         <name>sscanf.obj</name>
      </input_file>
      <input_file id="fl-82">
         <path>/opt/ti/ccsv6/tools/compiler/arm_5.1.6/lib/</path>
         <kind>archive</kind>
         <file>rtsv7R4_T_le_v3D16_eabi.lib</file>
         <name>strchr.obj</name>
      </input_file>
      <input_file id="fl-83">
         <path>/opt/ti/ccsv6/tools/compiler/arm_5.1.6/lib/</path>
         <kind>archive</kind>
         <file>rtsv7R4_T_le_v3D16_eabi.lib</file>
         <name>strcmp.obj</name>
      </input_file>
      <input_file id="fl-84">
         <path>/opt/ti/ccsv6/tools/compiler/arm_5.1.6/lib/</path>
         <kind>archive</kind>
         <file>rtsv7R4_T_le_v3D16_eabi.lib</file>
         <name>strlen.obj</name>
      </input_file>
      <input_file id="fl-85">
         <path>/opt/ti/ccsv6/tools/compiler/arm_5.1.6/lib/</path>
         <kind>archive</kind>
         <file>rtsv7R4_T_le_v3D16_eabi.lib</file>
         <name>strncmp.obj</name>
      </input_file>
      <input_file id="fl-86">
         <path>/opt/ti/ccsv6/tools/compiler/arm_5.1.6/lib/</path>
         <kind>archive</kind>
         <file>rtsv7R4_T_le_v3D16_eabi.lib</file>
         <name>strncpy.obj</name>
      </input_file>
      <input_file id="fl-87">
         <path>/opt/ti/ccsv6/tools/compiler/arm_5.1.6/lib/</path>
         <kind>archive</kind>
         <file>rtsv7R4_T_le_v3D16_eabi.lib</file>
         <name>trgdrv.obj</name>
      </input_file>
      <input_file id="fl-88">
         <path>/opt/ti/ccsv6/tools/compiler/arm_5.1.6/lib/</path>
         <kind>archive</kind>
         <file>rtsv7R4_T_le_v3D16_eabi.lib</file>
         <name>trgmsg.obj</name>
      </input_file>
      <input_file id="fl-89">
         <path>/opt/ti/ccsv6/tools/compiler/arm_5.1.6/lib/</path>
         <kind>archive</kind>
         <file>rtsv7R4_T_le_v3D16_eabi.lib</file>
         <name>u_div32.obj</name>
      </input_file>
      <input_file id="fl-8a">
         <path>/opt/ti/ccsv6/tools/compiler/arm_5.1.6/lib/</path>
         <kind>archive</kind>
         <file>rtsv7R4_T_le_v3D16_eabi.lib</file>
         <name>xatan.obj</name>
      </input_file>
      <input_file id="fl-8b">
         <path>/opt/ti/ccsv6/tools/compiler/arm_5.1.6/lib/</path>
         <kind>archive</kind>
         <file>rtsv7R4_T_le_v3D16_eabi.lib</file>
         <name>xdint.obj</name>
      </input_file>
      <input_file id="fl-8c">
         <path>/opt/ti/ccsv6/tools/compiler/arm_5.1.6/lib/</path>
         <kind>archive</kind>
         <file>rtsv7R4_T_le_v3D16_eabi.lib</file>
         <name>xdnorm.obj</name>
      </input_file>
      <input_file id="fl-8d">
         <path>/opt/ti/ccsv6/tools/compiler/arm_5.1.6/lib/</path>
         <kind>archive</kind>
         <file>rtsv7R4_T_le_v3D16_eabi.lib</file>
         <name>xdscale.obj</name>
      </input_file>
      <input_file id="fl-8e">
         <path>/opt/ti/ccsv6/tools/compiler/arm_5.1.6/lib/</path>
         <kind>archive</kind>
         <file>rtsv7R4_T_le_v3D16_eabi.lib</file>
         <name>xdtest.obj</name>
      </input_file>
      <input_file id="fl-8f">
         <path>/opt/ti/ccsv6/tools/compiler/arm_5.1.6/lib/</path>
         <kind>archive</kind>
         <file>rtsv7R4_T_le_v3D16_eabi.lib</file>
         <name>xdunscal.obj</name>
      </input_file>
      <input_file id="fl-90">
         <path>/opt/ti/ccsv6/tools/compiler/arm_5.1.6/lib/</path>
         <kind>archive</kind>
         <file>rtsv7R4_T_le_v3D16_eabi.lib</file>
         <name>xexp.obj</name>
      </input_file>
      <input_file id="fl-91">
         <path>/opt/ti/ccsv6/tools/compiler/arm_5.1.6/lib/</path>
         <kind>archive</kind>
         <file>rtsv7R4_T_le_v3D16_eabi.lib</file>
         <name>xferaise.obj</name>
      </input_file>
      <input_file id="fl-92">
         <path>/opt/ti/ccsv6/tools/compiler/arm_5.1.6/lib/</path>
         <kind>archive</kind>
         <file>rtsv7R4_T_le_v3D16_eabi.lib</file>
         <name>xlog.obj</name>
      </input_file>
      <input_file id="fl-93">
         <path>/opt/ti/ccsv6/tools/compiler/arm_5.1.6/lib/</path>
         <kind>archive</kind>
         <file>rtsv7R4_T_le_v3D16_eabi.lib</file>
         <name>xsin.obj</name>
      </input_file>
      <input_file id="fl-94">
         <path>/opt/ti/ccsv6/tools/compiler/arm_5.1.6/lib/</path>
         <kind>archive</kind>
         <file>rtsv7R4_T_le_v3D16_eabi.lib</file>
         <name>xvalues.obj</name>
      </input_file>
      <input_file id="fl-95">
         <path>/opt/ti/ccsv6/tools/compiler/arm_5.1.6/lib/</path>
         <kind>archive</kind>
         <file>rtsv7R4_T_le_v3D16_eabi.lib</file>
         <name>_io_perm.obj</name>
      </input_file>
      <input_file id="fl-96">
         <path>/opt/ti/ccsv6/tools/compiler/arm_5.1.6/lib/</path>
         <kind>archive</kind>
         <file>rtsv7R4_T_le_v3D16_eabi.lib</file>
         <name>_lock.obj</name>
      </input_file>
      <input_file id="fl-97">
         <path>/opt/ti/ccsv6/tools/compiler/arm_5.1.6/lib/</path>
         <kind>archive</kind>
         <file>rtsv7R4_T_le_v3D16_eabi.lib</file>
         <name>_printfi.obj</name>
      </input_file>
      <input_file id="fl-98">
         <path>/opt/ti/ccsv6/tools/compiler/arm_5.1.6/lib/</path>
         <kind>archive</kind>
         <file>rtsv7R4_T_le_v3D16_eabi.lib</file>
         <name>_scanfi.obj</name>
      </input_file>
      <input_file id="fl-99">
         <path>/opt/ti/ccsv6/tools/compiler/arm_5.1.6/lib/</path>
         <kind>archive</kind>
         <file>rtsv7R4_T_le_v3D16_eabi.lib</file>
         <name>atoi.obj</name>
      </input_file>
      <input_file id="fl-9a">
         <path>/opt/ti/ccsv6/tools/compiler/arm_5.1.6/lib/</path>
         <kind>archive</kind>
         <file>rtsv7R4_T_le_v3D16_eabi.lib</file>
         <name>ctype.obj</name>
      </input_file>
      <input_file id="fl-9b">
         <path>/opt/ti/ccsv6/tools/compiler/arm_5.1.6/lib/</path>
         <kind>archive</kind>
         <file>rtsv7R4_T_le_v3D16_eabi.lib</file>
         <name>defs.obj</name>
      </input_file>
      <input_file id="fl-9c">
         <path>/opt/ti/ccsv6/tools/compiler/arm_5.1.6/lib/</path>
         <kind>archive</kind>
         <file>rtsv7R4_T_le_v3D16_eabi.lib</file>
         <name>errno.obj</name>
      </input_file>
      <input_file id="fl-9d">
         <path>/opt/ti/ccsv6/tools/compiler/arm_5.1.6/lib/</path>
         <kind>archive</kind>
         <file>rtsv7R4_T_le_v3D16_eabi.lib</file>
         <name>feraiseexcept.obj</name>
      </input_file>
      <input_file id="fl-9e">
         <path>/opt/ti/ccsv6/tools/compiler/arm_5.1.6/lib/</path>
         <kind>archive</kind>
         <file>rtsv7R4_T_le_v3D16_eabi.lib</file>
         <name>fflush.obj</name>
      </input_file>
      <input_file id="fl-9f">
         <path>/opt/ti/ccsv6/tools/compiler/arm_5.1.6/lib/</path>
         <kind>archive</kind>
         <file>rtsv7R4_T_le_v3D16_eabi.lib</file>
         <name>fseek.obj</name>
      </input_file>
      <input_file id="fl-a0">
         <path>/opt/ti/ccsv6/tools/compiler/arm_5.1.6/lib/</path>
         <kind>archive</kind>
         <file>rtsv7R4_T_le_v3D16_eabi.lib</file>
         <name>ll_mul_t2.obj</name>
      </input_file>
      <input_file id="fl-a1">
         <path>/opt/ti/ccsv6/tools/compiler/arm_5.1.6/lib/</path>
         <kind>archive</kind>
         <file>rtsv7R4_T_le_v3D16_eabi.lib</file>
         <name>ltoa.obj</name>
      </input_file>
      <input_file id="fl-a2">
         <path>/opt/ti/ccsv6/tools/compiler/arm_5.1.6/lib/</path>
         <kind>archive</kind>
         <file>rtsv7R4_T_le_v3D16_eabi.lib</file>
         <name>memccpy.obj</name>
      </input_file>
      <input_file id="fl-a3">
         <path>/opt/ti/ccsv6/tools/compiler/arm_5.1.6/lib/</path>
         <kind>archive</kind>
         <file>rtsv7R4_T_le_v3D16_eabi.lib</file>
         <name>raise.obj</name>
      </input_file>
      <input_file id="fl-a4">
         <path>/opt/ti/ccsv6/tools/compiler/arm_5.1.6/lib/</path>
         <kind>archive</kind>
         <file>rtsv7R4_T_le_v3D16_eabi.lib</file>
         <name>setvbuf.obj</name>
      </input_file>
      <input_file id="fl-a5">
         <path>/opt/ti/ccsv6/tools/compiler/arm_5.1.6/lib/</path>
         <kind>archive</kind>
         <file>rtsv7R4_T_le_v3D16_eabi.lib</file>
         <name>strcpy.obj</name>
      </input_file>
      <input_file id="fl-a6">
         <path>/opt/ti/ccsv6/tools/compiler/arm_5.1.6/lib/</path>
         <kind>archive</kind>
         <file>rtsv7R4_T_le_v3D16_eabi.lib</file>
         <name>strrchr.obj</name>
      </input_file>
      <input_file id="fl-a7">
         <path>/opt/ti/ccsv6/tools/compiler/arm_5.1.6/lib/</path>
         <kind>archive</kind>
         <file>rtsv7R4_T_le_v3D16_eabi.lib</file>
         <name>strtod.obj</name>
      </input_file>
      <input_file id="fl-a8">
         <path>/opt/ti/ccsv6/tools/compiler/arm_5.1.6/lib/</path>
         <kind>archive</kind>
         <file>rtsv7R4_T_le_v3D16_eabi.lib</file>
         <name>strtol.obj</name>
      </input_file>
      <input_file id="fl-a9">
         <path>/opt/ti/ccsv6/tools/compiler/arm_5.1.6/lib/</path>
         <kind>archive</kind>
         <file>rtsv7R4_T_le_v3D16_eabi.lib</file>
         <name>strtold.obj</name>
      </input_file>
      <input_file id="fl-aa">
         <path>/opt/ti/ccsv6/tools/compiler/arm_5.1.6/lib/</path>
         <kind>archive</kind>
         <file>rtsv7R4_T_le_v3D16_eabi.lib</file>
         <name>strtoll.obj</name>
      </input_file>
      <input_file id="fl-ab">
         <path>/opt/ti/ccsv6/tools/compiler/arm_5.1.6/lib/</path>
         <kind>archive</kind>
         <file>rtsv7R4_T_le_v3D16_eabi.lib</file>
         <name>strtoul.obj</name>
      </input_file>
      <input_file id="fl-ac">
         <path>/opt/ti/ccsv6/tools/compiler/arm_5.1.6/lib/</path>
         <kind>archive</kind>
         <file>rtsv7R4_T_le_v3D16_eabi.lib</file>
         <name>strtoull.obj</name>
      </input_file>
      <input_file id="fl-ad">
         <path>/opt/ti/ccsv6/tools/compiler/arm_5.1.6/lib/</path>
         <kind>archive</kind>
         <file>rtsv7R4_T_le_v3D16_eabi.lib</file>
         <name>ull_div32.obj</name>
      </input_file>
      <input_file id="fl-ae">
         <path>/opt/ti/ccsv6/tools/compiler/arm_5.1.6/lib/</path>
         <kind>archive</kind>
         <file>rtsv7R4_T_le_v3D16_eabi.lib</file>
         <name>xdclass.obj</name>
      </input_file>
      <input_file id="fl-af">
         <path>/opt/ti/ccsv6/tools/compiler/arm_5.1.6/lib/</path>
         <kind>archive</kind>
         <file>rtsv7R4_T_le_v3D16_eabi.lib</file>
         <name>xfvalues.obj</name>
      </input_file>
      <input_file id="fl-b0">
         <path>/opt/ti/ccsv6/tools/compiler/arm_5.1.6/lib/</path>
         <kind>archive</kind>
         <file>rtsv7R4_T_le_v3D16_eabi.lib</file>
         <name>fopen.obj</name>
      </input_file>
      <input_file id="fl-b1">
         <path>/opt/ti/ccsv6/tools/compiler/arm_5.1.6/lib/</path>
         <kind>archive</kind>
         <file>rtsv7R4_T_le_v3D16_eabi.lib</file>
         <name>fclose.obj</name>
      </input_file>
      <input_file id="fl-b2">
         <path>/opt/ti/ccsv6/tools/compiler/arm_5.1.6/lib/</path>
         <kind>archive</kind>
         <file>rtsv7R4_T_le_v3D16_eabi.lib</file>
         <name>remove.obj</name>
      </input_file>
   </input_file_list>
   <object_component_list>
      <object_component id="oc-50">
         <name>.intvecs</name>
         <load_address>0x0</load_address>
         <run_address>0x0</run_address>
         <size>0x20</size>
         <input_file_ref idref="fl-18"/>
      </object_component>
      <object_component id="oc-2ca">
         <name>.const:.string</name>
         <load_address>0x20</load_address>
         <run_address>0x20</run_address>
         <size>0x14</size>
         <input_file_ref idref="fl-10"/>
      </object_component>
      <object_component id="oc-81">
         <name>.text</name>
         <load_address>0x34</load_address>
         <run_address>0x34</run_address>
         <size>0x94</size>
         <input_file_ref idref="fl-65"/>
      </object_component>
      <object_component id="oc-a6">
         <name>.text</name>
         <load_address>0xc8</load_address>
         <run_address>0xc8</run_address>
         <size>0x60</size>
         <input_file_ref idref="fl-67"/>
      </object_component>
      <object_component id="oc-29">
         <name>.text:decompress:rle24</name>
         <load_address>0x128</load_address>
         <run_address>0x128</run_address>
         <size>0x6</size>
         <input_file_ref idref="fl-67"/>
      </object_component>
      <object_component id="oc-125">
         <name>.text</name>
         <load_address>0x130</load_address>
         <run_address>0x130</run_address>
         <size>0x48</size>
         <input_file_ref idref="fl-6a"/>
      </object_component>
      <object_component id="oc-23">
         <name>.text:decompress:ZI</name>
         <load_address>0x178</load_address>
         <run_address>0x178</run_address>
         <size>0x12</size>
         <input_file_ref idref="fl-68"/>
      </object_component>
      <object_component id="oc-1d">
         <name>.text:decompress:none</name>
         <load_address>0x18a</load_address>
         <run_address>0x18a</run_address>
         <size>0xe</size>
         <input_file_ref idref="fl-66"/>
      </object_component>
      <object_component id="oc-207">
         <name>.kernelTEXT</name>
         <load_address>0x198</load_address>
         <run_address>0x198</run_address>
         <size>0x624</size>
         <input_file_ref idref="fl-a"/>
      </object_component>
      <object_component id="oc-2ae">
         <name>.kernelTEXT</name>
         <load_address>0x7bc</load_address>
         <run_address>0x7bc</run_address>
         <size>0x594</size>
         <input_file_ref idref="fl-d"/>
      </object_component>
      <object_component id="oc-c5">
         <name>.kernelTEXT</name>
         <load_address>0xd50</load_address>
         <run_address>0xd50</run_address>
         <size>0x4bc</size>
         <input_file_ref idref="fl-e"/>
      </object_component>
      <object_component id="oc-201">
         <name>.kernelTEXT</name>
         <load_address>0x120c</load_address>
         <run_address>0x120c</run_address>
         <size>0x238</size>
         <input_file_ref idref="fl-b"/>
      </object_component>
      <object_component id="oc-4d6">
         <name>.cinit..data.load</name>
         <load_address>0x1c48</load_address>
         <run_address>0x1c48</run_address>
         <size>0x5d</size>
      </object_component>
      <object_component id="oc-4d3">
         <name>.cinit..kernelBSS.load</name>
         <load_address>0x1ca8</load_address>
         <run_address>0x1ca8</run_address>
         <size>0xf</size>
      </object_component>
      <object_component id="oc-4d1">
         <name>__TI_handler_table</name>
         <load_address>0x1cb8</load_address>
         <run_address>0x1cb8</run_address>
         <size>0xc</size>
      </object_component>
      <object_component id="oc-4d5">
         <name>.cinit..bss.load</name>
         <load_address>0x1cc8</load_address>
         <run_address>0x1cc8</run_address>
         <size>0x8</size>
      </object_component>
      <object_component id="oc-4d4">
         <name>.cinit..kernelHEAP.load</name>
         <load_address>0x1cd0</load_address>
         <run_address>0x1cd0</run_address>
         <size>0x8</size>
      </object_component>
      <object_component id="oc-4d2">
         <name>__TI_cinit_table</name>
         <load_address>0x1cd8</load_address>
         <run_address>0x1cd8</run_address>
         <size>0x20</size>
      </object_component>
      <object_component id="oc-75">
         <name>.text</name>
         <load_address>0x8020</load_address>
         <run_address>0x8020</run_address>
         <size>0x2c0c</size>
         <input_file_ref idref="fl-1f"/>
      </object_component>
      <object_component id="oc-138">
         <name>.text</name>
         <load_address>0xac2c</load_address>
         <run_address>0xac2c</run_address>
         <size>0x20e8</size>
         <input_file_ref idref="fl-10"/>
      </object_component>
      <object_component id="oc-d9">
         <name>.text</name>
         <load_address>0xcd14</load_address>
         <run_address>0xcd14</run_address>
         <size>0x1374</size>
         <input_file_ref idref="fl-f"/>
      </object_component>
      <object_component id="oc-e6">
         <name>.text</name>
         <load_address>0xe088</load_address>
         <run_address>0xe088</run_address>
         <size>0x130c</size>
         <input_file_ref idref="fl-15"/>
      </object_component>
      <object_component id="oc-b9">
         <name>.text</name>
         <load_address>0xf394</load_address>
         <run_address>0xf394</run_address>
         <size>0x1030</size>
         <input_file_ref idref="fl-2"/>
      </object_component>
      <object_component id="oc-12c">
         <name>.text</name>
         <load_address>0x103c4</load_address>
         <run_address>0x103c4</run_address>
         <size>0xe7c</size>
         <input_file_ref idref="fl-14"/>
      </object_component>
      <object_component id="oc-ce">
         <name>.text</name>
         <load_address>0x11240</load_address>
         <run_address>0x11240</run_address>
         <size>0xc28</size>
         <input_file_ref idref="fl-6"/>
      </object_component>
      <object_component id="oc-6f">
         <name>.text</name>
         <load_address>0x11e68</load_address>
         <run_address>0x11e68</run_address>
         <size>0xb28</size>
         <input_file_ref idref="fl-22"/>
      </object_component>
      <object_component id="oc-1c6">
         <name>.text</name>
         <load_address>0x12990</load_address>
         <run_address>0x12990</run_address>
         <size>0xa40</size>
         <input_file_ref idref="fl-11"/>
      </object_component>
      <object_component id="oc-3c1">
         <name>.text</name>
         <load_address>0x133d0</load_address>
         <run_address>0x133d0</run_address>
         <size>0x958</size>
         <input_file_ref idref="fl-98"/>
      </object_component>
      <object_component id="oc-5c">
         <name>.text</name>
         <load_address>0x13d28</load_address>
         <run_address>0x13d28</run_address>
         <size>0x898</size>
         <input_file_ref idref="fl-21"/>
      </object_component>
      <object_component id="oc-1c0">
         <name>.text</name>
         <load_address>0x145c0</load_address>
         <run_address>0x145c0</run_address>
         <size>0x7e0</size>
         <input_file_ref idref="fl-9"/>
      </object_component>
      <object_component id="oc-167">
         <name>.text</name>
         <load_address>0x14da0</load_address>
         <run_address>0x14da0</run_address>
         <size>0x690</size>
         <input_file_ref idref="fl-c"/>
      </object_component>
      <object_component id="oc-7b">
         <name>.text</name>
         <load_address>0x15430</load_address>
         <run_address>0x15430</run_address>
         <size>0x634</size>
         <input_file_ref idref="fl-4"/>
      </object_component>
      <object_component id="oc-10f">
         <name>.text</name>
         <load_address>0x15a64</load_address>
         <run_address>0x15a64</run_address>
         <size>0x5ac</size>
         <input_file_ref idref="fl-12"/>
      </object_component>
      <object_component id="oc-338">
         <name>.text</name>
         <load_address>0x16010</load_address>
         <run_address>0x16010</run_address>
         <size>0x590</size>
         <input_file_ref idref="fl-36"/>
      </object_component>
      <object_component id="oc-4a">
         <name>.text:retain</name>
         <load_address>0x165a0</load_address>
         <run_address>0x165a0</run_address>
         <size>0x55c</size>
         <input_file_ref idref="fl-15"/>
      </object_component>
      <object_component id="oc-6a">
         <name>.text</name>
         <load_address>0x16afc</load_address>
         <run_address>0x16afc</run_address>
         <size>0x3c4</size>
         <input_file_ref idref="fl-16"/>
      </object_component>
      <object_component id="oc-44">
         <name>.text:retain</name>
         <load_address>0x16ec0</load_address>
         <run_address>0x16ec0</run_address>
         <size>0x37c</size>
         <input_file_ref idref="fl-14"/>
      </object_component>
      <object_component id="oc-35f">
         <name>.text</name>
         <load_address>0x1723c</load_address>
         <run_address>0x1723c</run_address>
         <size>0x34c</size>
         <input_file_ref idref="fl-23"/>
      </object_component>
      <object_component id="oc-472">
         <name>.text</name>
         <load_address>0x17588</load_address>
         <run_address>0x17588</run_address>
         <size>0x2b8</size>
         <input_file_ref idref="fl-ad"/>
      </object_component>
      <object_component id="oc-5b">
         <name>.text:retain</name>
         <load_address>0x17840</load_address>
         <run_address>0x17840</run_address>
         <size>0x294</size>
         <input_file_ref idref="fl-21"/>
      </object_component>
      <object_component id="oc-298">
         <name>.text</name>
         <load_address>0x17ad4</load_address>
         <run_address>0x17ad4</run_address>
         <size>0x254</size>
         <input_file_ref idref="fl-25"/>
      </object_component>
      <object_component id="oc-17">
         <name>.text:retain</name>
         <load_address>0x17d28</load_address>
         <run_address>0x17d28</run_address>
         <size>0x214</size>
         <input_file_ref idref="fl-20"/>
      </object_component>
      <object_component id="oc-132">
         <name>.text</name>
         <load_address>0x17f3c</load_address>
         <run_address>0x17f3c</run_address>
         <size>0x200</size>
         <input_file_ref idref="fl-27"/>
      </object_component>
      <object_component id="oc-3e">
         <name>.text:retain</name>
         <load_address>0x1813c</load_address>
         <run_address>0x1813c</run_address>
         <size>0x1f0</size>
         <input_file_ref idref="fl-6"/>
      </object_component>
      <object_component id="oc-41b">
         <name>.text</name>
         <load_address>0x1832c</load_address>
         <run_address>0x1832c</run_address>
         <size>0x1f0</size>
         <input_file_ref idref="fl-a7"/>
      </object_component>
      <object_component id="oc-42d">
         <name>.text</name>
         <load_address>0x1851c</load_address>
         <run_address>0x1851c</run_address>
         <size>0x1ec</size>
         <input_file_ref idref="fl-aa"/>
      </object_component>
      <object_component id="oc-421">
         <name>.text</name>
         <load_address>0x18708</load_address>
         <run_address>0x18708</run_address>
         <size>0x1e8</size>
         <input_file_ref idref="fl-a9"/>
      </object_component>
      <object_component id="oc-415">
         <name>.text</name>
         <load_address>0x188f0</load_address>
         <run_address>0x188f0</run_address>
         <size>0x174</size>
         <input_file_ref idref="fl-ac"/>
      </object_component>
      <object_component id="oc-38">
         <name>.text:retain</name>
         <load_address>0x18a64</load_address>
         <run_address>0x18a64</run_address>
         <size>0x158</size>
         <input_file_ref idref="fl-4"/>
      </object_component>
      <object_component id="oc-427">
         <name>.text</name>
         <load_address>0x18bbc</load_address>
         <run_address>0x18bbc</run_address>
         <size>0x134</size>
         <input_file_ref idref="fl-a8"/>
      </object_component>
      <object_component id="oc-117">
         <name>.text</name>
         <load_address>0x18cf0</load_address>
         <run_address>0x18cf0</run_address>
         <size>0x114</size>
         <input_file_ref idref="fl-1e"/>
      </object_component>
      <object_component id="oc-40f">
         <name>.text</name>
         <load_address>0x18e04</load_address>
         <run_address>0x18e04</run_address>
         <size>0x110</size>
         <input_file_ref idref="fl-ab"/>
      </object_component>
      <object_component id="oc-b3">
         <name>.text</name>
         <load_address>0x18f14</load_address>
         <run_address>0x18f14</run_address>
         <size>0x108</size>
         <input_file_ref idref="fl-7"/>
      </object_component>
      <object_component id="oc-2f">
         <name>.text:retain</name>
         <load_address>0x1901c</load_address>
         <run_address>0x1901c</run_address>
         <size>0x100</size>
         <input_file_ref idref="fl-2"/>
      </object_component>
      <object_component id="oc-f7">
         <name>.text</name>
         <load_address>0x1911c</load_address>
         <run_address>0x1911c</run_address>
         <size>0xe8</size>
         <input_file_ref idref="fl-3"/>
      </object_component>
      <object_component id="oc-33e">
         <name>.text</name>
         <load_address>0x19204</load_address>
         <run_address>0x19204</run_address>
         <size>0xcc</size>
         <input_file_ref idref="fl-81"/>
      </object_component>
      <object_component id="oc-93">
         <name>.text</name>
         <load_address>0x192d0</load_address>
         <run_address>0x192d0</run_address>
         <size>0x9c</size>
         <input_file_ref idref="fl-76"/>
      </object_component>
      <object_component id="oc-86">
         <name>.text</name>
         <load_address>0x1936c</load_address>
         <run_address>0x1936c</run_address>
         <size>0x80</size>
         <input_file_ref idref="fl-19"/>
      </object_component>
      <object_component id="oc-2c2">
         <name>.text</name>
         <load_address>0x193ec</load_address>
         <run_address>0x193ec</run_address>
         <size>0x78</size>
         <input_file_ref idref="fl-79"/>
      </object_component>
      <object_component id="oc-1bb">
         <name>.text</name>
         <load_address>0x19464</load_address>
         <run_address>0x19464</run_address>
         <size>0x54</size>
         <input_file_ref idref="fl-89"/>
      </object_component>
      <object_component id="oc-440">
         <name>.text</name>
         <load_address>0x194b8</load_address>
         <run_address>0x194b8</run_address>
         <size>0x50</size>
         <input_file_ref idref="fl-99"/>
      </object_component>
      <object_component id="oc-8c">
         <name>.text</name>
         <load_address>0x19508</load_address>
         <run_address>0x19508</run_address>
         <size>0x44</size>
         <input_file_ref idref="fl-6b"/>
      </object_component>
      <object_component id="oc-344">
         <name>.text</name>
         <load_address>0x1954c</load_address>
         <run_address>0x1954c</run_address>
         <size>0x30</size>
         <input_file_ref idref="fl-86"/>
      </object_component>
      <object_component id="oc-3b3">
         <name>.text</name>
         <load_address>0x1957c</load_address>
         <run_address>0x1957c</run_address>
         <size>0x26</size>
         <input_file_ref idref="fl-85"/>
      </object_component>
      <object_component id="oc-2b7">
         <name>.text</name>
         <load_address>0x195a2</load_address>
         <run_address>0x195a2</run_address>
         <size>0x22</size>
         <input_file_ref idref="fl-75"/>
      </object_component>
      <object_component id="oc-46d">
         <name>.text</name>
         <load_address>0x195c4</load_address>
         <run_address>0x195c4</run_address>
         <size>0x18</size>
         <input_file_ref idref="fl-a0"/>
      </object_component>
      <object_component id="oc-434">
         <name>.text</name>
         <load_address>0x195dc</load_address>
         <run_address>0x195dc</run_address>
         <size>0x18</size>
         <input_file_ref idref="fl-a6"/>
      </object_component>
      <object_component id="oc-409">
         <name>.text</name>
         <load_address>0x195f4</load_address>
         <run_address>0x195f4</run_address>
         <size>0x16</size>
         <input_file_ref idref="fl-82"/>
      </object_component>
      <object_component id="oc-34a">
         <name>.text</name>
         <load_address>0x1960a</load_address>
         <run_address>0x1960a</run_address>
         <size>0x16</size>
         <input_file_ref idref="fl-84"/>
      </object_component>
      <object_component id="oc-2d6">
         <name>.text</name>
         <load_address>0x19620</load_address>
         <run_address>0x19620</run_address>
         <size>0x14</size>
         <input_file_ref idref="fl-96"/>
      </object_component>
      <object_component id="oc-43a">
         <name>.text</name>
         <load_address>0x19634</load_address>
         <run_address>0x19634</run_address>
         <size>0x10</size>
         <input_file_ref idref="fl-a5"/>
      </object_component>
      <object_component id="oc-55">
         <name>.text:retain</name>
         <load_address>0x19644</load_address>
         <run_address>0x19644</run_address>
         <size>0x4</size>
         <input_file_ref idref="fl-1c"/>
      </object_component>
      <object_component id="oc-35">
         <name>.const:s_vim_init</name>
         <load_address>0x19648</load_address>
         <run_address>0x19648</run_address>
         <size>0x180</size>
         <input_file_ref idref="fl-21"/>
      </object_component>
      <object_component id="oc-3c7">
         <name>.const:.string:_ctypes_</name>
         <load_address>0x197c8</load_address>
         <run_address>0x197c8</run_address>
         <size>0x102</size>
         <input_file_ref idref="fl-9a"/>
      </object_component>
      <object_component id="oc-479">
         <name>.const</name>
         <load_address>0x198d0</load_address>
         <run_address>0x198d0</run_address>
         <size>0x98</size>
         <input_file_ref idref="fl-a7"/>
      </object_component>
      <object_component id="oc-47f">
         <name>.const</name>
         <load_address>0x19968</load_address>
         <run_address>0x19968</run_address>
         <size>0x98</size>
         <input_file_ref idref="fl-a9"/>
      </object_component>
      <object_component id="oc-3e6">
         <name>.const:.string</name>
         <load_address>0x19a00</load_address>
         <run_address>0x19a00</run_address>
         <size>0x4c</size>
         <input_file_ref idref="fl-23"/>
      </object_component>
      <object_component id="oc-3d5">
         <name>.const:.string</name>
         <load_address>0x19a4c</load_address>
         <run_address>0x19a4c</run_address>
         <size>0x3c</size>
         <input_file_ref idref="fl-25"/>
      </object_component>
      <object_component id="oc-463">
         <name>.const:.string</name>
         <load_address>0x19a88</load_address>
         <run_address>0x19a88</run_address>
         <size>0x38</size>
         <input_file_ref idref="fl-36"/>
      </object_component>
      <object_component id="oc-3f6">
         <name>.const</name>
         <load_address>0x19ac0</load_address>
         <run_address>0x19ac0</run_address>
         <size>0x10</size>
         <input_file_ref idref="fl-36"/>
      </object_component>
      <object_component id="oc-433">
         <name>.const</name>
         <load_address>0x19ad0</load_address>
         <run_address>0x19ad0</run_address>
         <size>0x10</size>
         <input_file_ref idref="fl-98"/>
      </object_component>
      <object_component id="oc-3e9">
         <name>.const</name>
         <load_address>0x19ae0</load_address>
         <run_address>0x19ae0</run_address>
         <size>0x10</size>
         <input_file_ref idref="fl-23"/>
      </object_component>
      <object_component id="oc-192">
         <name>.kernelBSS</name>
         <load_address>0x8001514</load_address>
         <run_address>0x8001514</run_address>
         <size>0x8</size>
         <input_file_ref idref="fl-d"/>
      </object_component>
      <object_component id="oc-315">
         <name>.kernelBSS:init</name>
         <load_address>0x8001500</load_address>
         <run_address>0x8001500</run_address>
         <size>0x14</size>
         <input_file_ref idref="fl-a"/>
      </object_component>
      <object_component id="oc-318">
         <name>.kernelBSS:uninit</name>
         <load_address>0x800151c</load_address>
         <run_address>0x800151c</run_address>
         <size>0x8</size>
         <input_file_ref idref="fl-a"/>
      </object_component>
      <object_component id="oc-31b">
         <name>.kernelHEAP</name>
         <uninitialized>true</uninitialized>
         <run_address>0x8001d00</run_address>
         <size>0x39210</size>
         <input_file_ref idref="fl-a"/>
      </object_component>
      <object_component id="oc-ec">
         <name>.bss:g_spiPacket_t</name>
         <uninitialized>true</uninitialized>
         <run_address>0x803b2c0</run_address>
         <size>0x78</size>
         <input_file_ref idref="fl-15"/>
      </object_component>
      <object_component id="oc-170">
         <name>.bss:canTQ</name>
         <uninitialized>true</uninitialized>
         <run_address>0x803b240</run_address>
         <size>0x80</size>
         <input_file_ref idref="fl-2"/>
      </object_component>
      <object_component id="oc-173">
         <name>.bss:canRQ</name>
         <uninitialized>true</uninitialized>
         <run_address>0x803b140</run_address>
         <size>0x80</size>
         <input_file_ref idref="fl-2"/>
      </object_component>
      <object_component id="oc-176">
         <name>.bss:canSM</name>
         <uninitialized>true</uninitialized>
         <run_address>0x803b1c0</run_address>
         <size>0x80</size>
         <input_file_ref idref="fl-2"/>
      </object_component>
      <object_component id="oc-28c">
         <name>.bss:g_sciTransfer_t</name>
         <uninitialized>true</uninitialized>
         <run_address>0x803b394</run_address>
         <size>0x28</size>
         <input_file_ref idref="fl-14"/>
      </object_component>
      <object_component id="oc-29e">
         <name>.bss:queue_array</name>
         <uninitialized>true</uninitialized>
         <run_address>0x803b3bc</run_address>
         <size>0x28</size>
         <input_file_ref idref="fl-27"/>
      </object_component>
      <object_component id="oc-2a1">
         <name>.bss:TaskArray</name>
         <uninitialized>true</uninitialized>
         <run_address>0x803b36c</run_address>
         <size>0x28</size>
         <input_file_ref idref="fl-27"/>
      </object_component>
      <object_component id="oc-2b4">
         <name>.bss:pxReadyTasksLists</name>
         <uninitialized>true</uninitialized>
         <run_address>0x803b0a0</run_address>
         <size>0xa0</size>
         <input_file_ref idref="fl-10"/>
      </object_component>
      <object_component id="oc-353">
         <name>.bss:cli_input</name>
         <uninitialized>true</uninitialized>
         <run_address>0x803af10</run_address>
         <size>0xc8</size>
         <input_file_ref idref="fl-25"/>
      </object_component>
      <object_component id="oc-356">
         <name>.bss:cli_output</name>
         <uninitialized>true</uninitialized>
         <run_address>0x803afd8</run_address>
         <size>0xc8</size>
         <input_file_ref idref="fl-25"/>
      </object_component>
      <object_component id="oc-3bc">
         <name>.bss:cOutputBuffer</name>
         <uninitialized>true</uninitialized>
         <run_address>0x803b338</run_address>
         <size>0x34</size>
         <input_file_ref idref="fl-36"/>
      </object_component>
      <object_component id="oc-1d0">
         <name>.common:g_i2cTransfer_t</name>
         <uninitialized>true</uninitialized>
         <run_address>0x803b470</run_address>
         <size>0xc</size>
      </object_component>
      <object_component id="oc-1cc">
         <name>.common:i2c_mutex</name>
         <uninitialized>true</uninitialized>
         <run_address>0x803b4a8</run_address>
         <size>0x4</size>
      </object_component>
      <object_component id="oc-1cf">
         <name>.common:i2c_events</name>
         <uninitialized>true</uninitialized>
         <run_address>0x803b4a4</run_address>
         <size>0x4</size>
      </object_component>
      <object_component id="oc-2cb">
         <name>.common:xDelayedTaskList1</name>
         <uninitialized>true</uninitialized>
         <run_address>0x803b40c</run_address>
         <size>0x14</size>
      </object_component>
      <object_component id="oc-2cc">
         <name>.common:xDelayedTaskList2</name>
         <uninitialized>true</uninitialized>
         <run_address>0x803b420</run_address>
         <size>0x14</size>
      </object_component>
      <object_component id="oc-2c8">
         <name>.common:pxDelayedTaskList</name>
         <uninitialized>true</uninitialized>
         <run_address>0x803b4b0</run_address>
         <size>0x4</size>
      </object_component>
      <object_component id="oc-2c9">
         <name>.common:pxOverflowDelayedTaskList</name>
         <uninitialized>true</uninitialized>
         <run_address>0x803b4b4</run_address>
         <size>0x4</size>
      </object_component>
      <object_component id="oc-2c7">
         <name>.common:xPendingReadyList</name>
         <uninitialized>true</uninitialized>
         <run_address>0x803b434</run_address>
         <size>0x14</size>
      </object_component>
      <object_component id="oc-2cd">
         <name>.common:xTasksWaitingTermination</name>
         <uninitialized>true</uninitialized>
         <run_address>0x803b45c</run_address>
         <size>0x14</size>
      </object_component>
      <object_component id="oc-2c0">
         <name>.common:xSuspendedTaskList</name>
         <uninitialized>true</uninitialized>
         <run_address>0x803b448</run_address>
         <size>0x14</size>
      </object_component>
      <object_component id="oc-30b">
         <name>.common:xActiveTimerList1</name>
         <uninitialized>true</uninitialized>
         <run_address>0x803b3e4</run_address>
         <size>0x14</size>
      </object_component>
      <object_component id="oc-30c">
         <name>.common:xActiveTimerList2</name>
         <uninitialized>true</uninitialized>
         <run_address>0x803b3f8</run_address>
         <size>0x14</size>
      </object_component>
      <object_component id="oc-307">
         <name>.common:pxCurrentTimerList</name>
         <uninitialized>true</uninitialized>
         <run_address>0x803b4ac</run_address>
         <size>0x4</size>
      </object_component>
      <object_component id="oc-30a">
         <name>.common:pxOverflowTimerList</name>
         <uninitialized>true</uninitialized>
         <run_address>0x803b4b8</run_address>
         <size>0x4</size>
      </object_component>
      <object_component id="oc-295">
         <name>.common:sciTQ</name>
         <uninitialized>true</uninitialized>
         <run_address>0x803b48c</run_address>
         <size>0x8</size>
      </object_component>
      <object_component id="oc-296">
         <name>.common:sciRQ</name>
         <uninitialized>true</uninitialized>
         <run_address>0x803b484</run_address>
         <size>0x8</size>
      </object_component>
      <object_component id="oc-294">
         <name>.common:sciM</name>
         <uninitialized>true</uninitialized>
         <run_address>0x803b47c</run_address>
         <size>0x8</size>
      </object_component>
      <object_component id="oc-227">
         <name>.common:spi_mutex</name>
         <uninitialized>true</uninitialized>
         <run_address>0x803b49c</run_address>
         <size>0x8</size>
      </object_component>
      <object_component id="oc-228">
         <name>.common:spi_events</name>
         <uninitialized>true</uninitialized>
         <run_address>0x803b494</run_address>
         <size>0x8</size>
      </object_component>
      <object_component id="oc-140">
         <name>.data</name>
         <load_address>0x803b560</load_address>
         <run_address>0x803b560</run_address>
         <size>0x8</size>
         <input_file_ref idref="fl-96"/>
      </object_component>
      <object_component id="oc-143">
         <name>.data</name>
         <load_address>0x803b568</load_address>
         <run_address>0x803b568</run_address>
         <size>0x8</size>
         <input_file_ref idref="fl-6b"/>
      </object_component>
      <object_component id="oc-16d">
         <name>.data</name>
         <load_address>0x803b570</load_address>
         <run_address>0x803b570</run_address>
         <size>0x4</size>
         <input_file_ref idref="fl-2"/>
      </object_component>
      <object_component id="oc-18f">
         <name>.data</name>
         <load_address>0x803b4f0</load_address>
         <run_address>0x803b4f0</run_address>
         <size>0x30</size>
         <input_file_ref idref="fl-10"/>
      </object_component>
      <object_component id="oc-2a4">
         <name>.data:tdTest</name>
         <load_address>0x803b4bc</load_address>
         <run_address>0x803b4bc</run_address>
         <size>0x34</size>
         <input_file_ref idref="fl-23"/>
      </object_component>
      <object_component id="oc-304">
         <name>.data</name>
         <load_address>0x803b558</load_address>
         <run_address>0x803b558</run_address>
         <size>0x8</size>
         <input_file_ref idref="fl-11"/>
      </object_component>
      <object_component id="oc-350">
         <name>.data</name>
         <load_address>0x803b534</load_address>
         <run_address>0x803b534</run_address>
         <size>0x14</size>
         <input_file_ref idref="fl-25"/>
      </object_component>
      <object_component id="oc-3b9">
         <name>.data</name>
         <load_address>0x803b520</load_address>
         <run_address>0x803b520</run_address>
         <size>0x14</size>
         <input_file_ref idref="fl-36"/>
      </object_component>
      <object_component id="oc-3e3">
         <name>.data</name>
         <load_address>0x803b548</load_address>
         <run_address>0x803b548</run_address>
         <size>0x10</size>
         <input_file_ref idref="fl-23"/>
      </object_component>
      <object_component id="oc-468">
         <name>.data</name>
         <load_address>0x803b574</load_address>
         <run_address>0x803b574</run_address>
         <size>0x4</size>
         <input_file_ref idref="fl-9c"/>
      </object_component>
      <object_component id="oc-18">
         <name>.debug_info</name>
         <load_address>0x0</load_address>
         <run_address>0x0</run_address>
         <size>0x4f4</size>
         <input_file_ref idref="fl-20"/>
      </object_component>
      <object_component id="oc-20">
         <name>.debug_info</name>
         <load_address>0x4f4</load_address>
         <run_address>0x4f4</run_address>
         <size>0x194</size>
         <input_file_ref idref="fl-66"/>
      </object_component>
      <object_component id="oc-25">
         <name>.debug_info</name>
         <load_address>0x688</load_address>
         <run_address>0x688</run_address>
         <size>0x16a</size>
         <input_file_ref idref="fl-68"/>
      </object_component>
      <object_component id="oc-2d">
         <name>.debug_info</name>
         <load_address>0x7f2</load_address>
         <run_address>0x7f2</run_address>
         <size>0x18e</size>
         <input_file_ref idref="fl-67"/>
      </object_component>
      <object_component id="oc-30">
         <name>.debug_info</name>
         <load_address>0x980</load_address>
         <run_address>0x980</run_address>
         <size>0x1f0</size>
         <input_file_ref idref="fl-2"/>
      </object_component>
      <object_component id="oc-36">
         <name>.debug_info</name>
         <load_address>0xb70</load_address>
         <run_address>0xb70</run_address>
         <size>0x10b</size>
         <input_file_ref idref="fl-21"/>
      </object_component>
      <object_component id="oc-39">
         <name>.debug_info</name>
         <load_address>0xc7b</load_address>
         <run_address>0xc7b</run_address>
         <size>0x1dc</size>
         <input_file_ref idref="fl-4"/>
      </object_component>
      <object_component id="oc-3f">
         <name>.debug_info</name>
         <load_address>0xe57</load_address>
         <run_address>0xe57</run_address>
         <size>0x21e</size>
         <input_file_ref idref="fl-6"/>
      </object_component>
      <object_component id="oc-45">
         <name>.debug_info</name>
         <load_address>0x1075</load_address>
         <run_address>0x1075</run_address>
         <size>0x49b</size>
         <input_file_ref idref="fl-14"/>
      </object_component>
      <object_component id="oc-4b">
         <name>.debug_info</name>
         <load_address>0x1510</load_address>
         <run_address>0x1510</run_address>
         <size>0x483</size>
         <input_file_ref idref="fl-15"/>
      </object_component>
      <object_component id="oc-51">
         <name>.debug_info</name>
         <load_address>0x1993</load_address>
         <run_address>0x1993</run_address>
         <size>0x13e</size>
         <input_file_ref idref="fl-18"/>
      </object_component>
      <object_component id="oc-56">
         <name>.debug_info</name>
         <load_address>0x1ad1</load_address>
         <run_address>0x1ad1</run_address>
         <size>0x171</size>
         <input_file_ref idref="fl-1c"/>
      </object_component>
      <object_component id="oc-5d">
         <name>.debug_info</name>
         <load_address>0x1c42</load_address>
         <run_address>0x1c42</run_address>
         <size>0x4e3</size>
         <input_file_ref idref="fl-21"/>
      </object_component>
      <object_component id="oc-62">
         <name>.debug_info</name>
         <load_address>0x2125</load_address>
         <run_address>0x2125</run_address>
         <size>0x234</size>
         <input_file_ref idref="fl-21"/>
      </object_component>
      <object_component id="oc-68">
         <name>.debug_info</name>
         <load_address>0x2359</load_address>
         <run_address>0x2359</run_address>
         <size>0xb6</size>
         <input_file_ref idref="fl-78"/>
      </object_component>
      <object_component id="oc-6b">
         <name>.debug_info</name>
         <load_address>0x240f</load_address>
         <run_address>0x240f</run_address>
         <size>0x939</size>
         <input_file_ref idref="fl-16"/>
      </object_component>
      <object_component id="oc-70">
         <name>.debug_info</name>
         <load_address>0x2d48</load_address>
         <run_address>0x2d48</run_address>
         <size>0x7e8</size>
         <input_file_ref idref="fl-22"/>
      </object_component>
      <object_component id="oc-76">
         <name>.debug_info</name>
         <load_address>0x3530</load_address>
         <run_address>0x3530</run_address>
         <size>0x31b1</size>
         <input_file_ref idref="fl-1f"/>
      </object_component>
      <object_component id="oc-7c">
         <name>.debug_info</name>
         <load_address>0x66e1</load_address>
         <run_address>0x66e1</run_address>
         <size>0xc82</size>
         <input_file_ref idref="fl-4"/>
      </object_component>
      <object_component id="oc-82">
         <name>.debug_info</name>
         <load_address>0x7363</load_address>
         <run_address>0x7363</run_address>
         <size>0x13d</size>
         <input_file_ref idref="fl-65"/>
      </object_component>
      <object_component id="oc-87">
         <name>.debug_info</name>
         <load_address>0x74a0</load_address>
         <run_address>0x74a0</run_address>
         <size>0x3b8</size>
         <input_file_ref idref="fl-19"/>
      </object_component>
      <object_component id="oc-8d">
         <name>.debug_info</name>
         <load_address>0x7858</load_address>
         <run_address>0x7858</run_address>
         <size>0x1c2</size>
         <input_file_ref idref="fl-6b"/>
      </object_component>
      <object_component id="oc-94">
         <name>.debug_info</name>
         <load_address>0x7a1a</load_address>
         <run_address>0x7a1a</run_address>
         <size>0xcc</size>
         <input_file_ref idref="fl-76"/>
      </object_component>
      <object_component id="oc-99">
         <name>.debug_info</name>
         <load_address>0x7ae6</load_address>
         <run_address>0x7ae6</run_address>
         <size>0x46</size>
         <input_file_ref idref="fl-66"/>
      </object_component>
      <object_component id="oc-9e">
         <name>.debug_info</name>
         <load_address>0x7b2c</load_address>
         <run_address>0x7b2c</run_address>
         <size>0xf2</size>
         <input_file_ref idref="fl-66"/>
      </object_component>
      <object_component id="oc-a0">
         <name>.debug_info</name>
         <load_address>0x7c1e</load_address>
         <run_address>0x7c1e</run_address>
         <size>0x46</size>
         <input_file_ref idref="fl-68"/>
      </object_component>
      <object_component id="oc-a5">
         <name>.debug_info</name>
         <load_address>0x7c64</load_address>
         <run_address>0x7c64</run_address>
         <size>0xad</size>
         <input_file_ref idref="fl-68"/>
      </object_component>
      <object_component id="oc-aa">
         <name>.debug_info</name>
         <load_address>0x7d11</load_address>
         <run_address>0x7d11</run_address>
         <size>0x1ef</size>
         <input_file_ref idref="fl-67"/>
      </object_component>
      <object_component id="oc-ad">
         <name>.debug_info</name>
         <load_address>0x7f00</load_address>
         <run_address>0x7f00</run_address>
         <size>0xb7</size>
         <input_file_ref idref="fl-67"/>
      </object_component>
      <object_component id="oc-ae">
         <name>.debug_info</name>
         <load_address>0x7fb7</load_address>
         <run_address>0x7fb7</run_address>
         <size>0x39</size>
         <input_file_ref idref="fl-67"/>
      </object_component>
      <object_component id="oc-b4">
         <name>.debug_info</name>
         <load_address>0x7ff0</load_address>
         <run_address>0x7ff0</run_address>
         <size>0xc98</size>
         <input_file_ref idref="fl-7"/>
      </object_component>
      <object_component id="oc-ba">
         <name>.debug_info</name>
         <load_address>0x8c88</load_address>
         <run_address>0x8c88</run_address>
         <size>0x1cce</size>
         <input_file_ref idref="fl-2"/>
      </object_component>
      <object_component id="oc-c0">
         <name>.debug_info</name>
         <load_address>0xa956</load_address>
         <run_address>0xa956</run_address>
         <size>0xae</size>
         <input_file_ref idref="fl-2"/>
      </object_component>
      <object_component id="oc-c6">
         <name>.debug_info</name>
         <load_address>0xaa04</load_address>
         <run_address>0xaa04</run_address>
         <size>0x59e</size>
         <input_file_ref idref="fl-e"/>
      </object_component>
      <object_component id="oc-cc">
         <name>.debug_info</name>
         <load_address>0xafa2</load_address>
         <run_address>0xafa2</run_address>
         <size>0x44e</size>
         <input_file_ref idref="fl-21"/>
      </object_component>
      <object_component id="oc-cf">
         <name>.debug_info</name>
         <load_address>0xb3f0</load_address>
         <run_address>0xb3f0</run_address>
         <size>0x156b</size>
         <input_file_ref idref="fl-6"/>
      </object_component>
      <object_component id="oc-d5">
         <name>.debug_info</name>
         <load_address>0xc95b</load_address>
         <run_address>0xc95b</run_address>
         <size>0x4cc</size>
         <input_file_ref idref="fl-6"/>
      </object_component>
      <object_component id="oc-da">
         <name>.debug_info</name>
         <load_address>0xce27</load_address>
         <run_address>0xce27</run_address>
         <size>0x277e</size>
         <input_file_ref idref="fl-f"/>
      </object_component>
      <object_component id="oc-e0">
         <name>.debug_info</name>
         <load_address>0xf5a5</load_address>
         <run_address>0xf5a5</run_address>
         <size>0x536</size>
         <input_file_ref idref="fl-14"/>
      </object_component>
      <object_component id="oc-e7">
         <name>.debug_info</name>
         <load_address>0xfadb</load_address>
         <run_address>0xfadb</run_address>
         <size>0x1895</size>
         <input_file_ref idref="fl-15"/>
      </object_component>
      <object_component id="oc-ed">
         <name>.debug_info</name>
         <load_address>0x11370</load_address>
         <run_address>0x11370</run_address>
         <size>0x10d</size>
         <input_file_ref idref="fl-15"/>
      </object_component>
      <object_component id="oc-f0">
         <name>.debug_info</name>
         <load_address>0x1147d</load_address>
         <run_address>0x1147d</run_address>
         <size>0x4c3</size>
         <input_file_ref idref="fl-15"/>
      </object_component>
      <object_component id="oc-f2">
         <name>.debug_info</name>
         <load_address>0x11940</load_address>
         <run_address>0x11940</run_address>
         <size>0x375</size>
         <input_file_ref idref="fl-7"/>
      </object_component>
      <object_component id="oc-f8">
         <name>.debug_info</name>
         <load_address>0x11cb5</load_address>
         <run_address>0x11cb5</run_address>
         <size>0x136</size>
         <input_file_ref idref="fl-3"/>
      </object_component>
      <object_component id="oc-ff">
         <name>.debug_info</name>
         <load_address>0x11deb</load_address>
         <run_address>0x11deb</run_address>
         <size>0x18c</size>
         <input_file_ref idref="fl-2"/>
      </object_component>
      <object_component id="oc-104">
         <name>.debug_info</name>
         <load_address>0x11f77</load_address>
         <run_address>0x11f77</run_address>
         <size>0x86</size>
         <input_file_ref idref="fl-2"/>
      </object_component>
      <object_component id="oc-10c">
         <name>.debug_info</name>
         <load_address>0x11ffd</load_address>
         <run_address>0x11ffd</run_address>
         <size>0x1d7</size>
         <input_file_ref idref="fl-78"/>
      </object_component>
      <object_component id="oc-110">
         <name>.debug_info</name>
         <load_address>0x121d4</load_address>
         <run_address>0x121d4</run_address>
         <size>0x228</size>
         <input_file_ref idref="fl-12"/>
      </object_component>
      <object_component id="oc-116">
         <name>.debug_info</name>
         <load_address>0x123fc</load_address>
         <run_address>0x123fc</run_address>
[...]
         <name>cpuSelfTest</name>
         <value>0x8234</value>
         <object_component_ref idref="oc-75"/>
      </symbol>
      <symbol id="sm-c1a">
         <name>htu1ParityCheck</name>
         <value>0x8fe4</value>
         <object_component_ref idref="oc-75"/>
      </symbol>
      <symbol id="sm-c1b">
         <name>checkFlashECC</name>
         <value>0x8cf8</value>
         <object_component_ref idref="oc-75"/>
      </symbol>
      <symbol id="sm-c1c">
         <name>cpuSelfTestFail</name>
         <value>0x8ddc</value>
         <object_component_ref idref="oc-75"/>
      </symbol>
      <symbol id="sm-c1d">
         <name>checkPLL1Slip</name>
         <value>0x9e6c</value>
         <object_component_ref idref="oc-75"/>
      </symbol>
      <symbol id="sm-c1e">
         <name>mibspi1ParityCheck</name>
         <value>0x9664</value>
         <object_component_ref idref="oc-75"/>
      </symbol>
      <symbol id="sm-c1f">
         <name>ccmr4GetConfigValue</name>
         <value>0xa6ec</value>
         <object_component_ref idref="oc-75"/>
      </symbol>
      <symbol id="sm-c20">
         <name>htu2ParityCheck</name>
         <value>0x919c</value>
         <object_component_ref idref="oc-75"/>
      </symbol>
      <symbol id="sm-c21">
         <name>pbistPortTestStatus</name>
         <value>0x85f8</value>
         <object_component_ref idref="oc-75"/>
      </symbol>
      <symbol id="sm-c22">
         <name>checkFlashEEPROMECC</name>
         <value>0x9cd4</value>
         <object_component_ref idref="oc-75"/>
      </symbol>
      <symbol id="sm-c23">
         <name>pbistGetConfigValue</name>
         <value>0xa460</value>
         <object_component_ref idref="oc-75"/>
      </symbol>
      <symbol id="sm-c24">
         <name>vimParityCheck</name>
         <value>0x8de0</value>
         <object_component_ref idref="oc-75"/>
      </symbol>
      <symbol id="sm-c25">
         <name>pbistIsTestCompleted</name>
         <value>0x85a8</value>
         <object_component_ref idref="oc-75"/>
      </symbol>
      <symbol id="sm-c26">
         <name>disableParity</name>
         <value>0xaae8</value>
         <object_component_ref idref="oc-75"/>
      </symbol>
      <symbol id="sm-c27">
         <name>pbistRun</name>
         <value>0x84ac</value>
         <object_component_ref idref="oc-75"/>
      </symbol>
      <symbol id="sm-c28">
         <name>pbistFail</name>
         <value>0xa3e0</value>
         <object_component_ref idref="oc-75"/>
      </symbol>
      <symbol id="sm-c29">
         <name>selftestFailNotification</name>
         <value>0x8020</value>
         <object_component_ref idref="oc-75"/>
      </symbol>
      <symbol id="sm-c2a">
         <name>errata_PBIST_4</name>
         <value>0xa75c</value>
         <object_component_ref idref="oc-75"/>
      </symbol>
      <symbol id="sm-c2b">
         <name>mibspi3ParityCheck</name>
         <value>0x976c</value>
         <object_component_ref idref="oc-75"/>
      </symbol>
      <symbol id="sm-c2c">
         <name>efcSelfTest</name>
         <value>0x8774</value>
         <object_component_ref idref="oc-75"/>
      </symbol>
      <symbol id="sm-c2d">
         <name>checkB1RAMECC</name>
         <value>0x8b08</value>
         <object_component_ref idref="oc-75"/>
      </symbol>
      <symbol id="sm-c2e">
         <name>pbistStop</name>
         <value>0x8578</value>
         <object_component_ref idref="oc-75"/>
      </symbol>
      <symbol id="sm-c2f">
         <name>can3ParityCheck</name>
         <value>0x9590</value>
         <object_component_ref idref="oc-75"/>
      </symbol>
      <symbol id="sm-c30">
         <name>checkRAMAddrParity</name>
         <value>0xa030</value>
         <object_component_ref idref="oc-75"/>
      </symbol>
      <symbol id="sm-c31">
         <name>mibspi5ParityCheck</name>
         <value>0x9890</value>
         <object_component_ref idref="oc-75"/>
      </symbol>
      <symbol id="sm-c32">
         <name>checkB0RAMECC</name>
         <value>0x8918</value>
         <object_component_ref idref="oc-75"/>
      </symbol>
      <symbol id="sm-c33">
         <name>stcGetConfigValue</name>
         <value>0xa5ac</value>
         <object_component_ref idref="oc-75"/>
      </symbol>
      <symbol id="sm-c34">
         <name>pbistIsTestPassed</name>
         <value>0x85c4</value>
         <object_component_ref idref="oc-75"/>
      </symbol>
      <symbol id="sm-c35">
         <name>checkClockMonitor</name>
         <value>0x9bf8</value>
         <object_component_ref idref="oc-75"/>
      </symbol>
      <symbol id="sm-c36">
         <name>fmcECCcheck</name>
         <value>0x8878</value>
         <object_component_ref idref="oc-75"/>
      </symbol>
      <symbol id="sm-c37">
         <name>fmcBus2Check</name>
         <value>0x883c</value>
         <object_component_ref idref="oc-75"/>
      </symbol>
      <symbol id="sm-c38">
         <name>checkRAMUERRTest</name>
         <value>0xa150</value>
         <object_component_ref idref="oc-75"/>
      </symbol>
      <symbol id="sm-c39">
         <name>efcStuckZeroTest</name>
         <value>0x86c8</value>
         <object_component_ref idref="oc-75"/>
      </symbol>
      <symbol id="sm-c3a">
         <name>checkPLL2Slip</name>
         <value>0x9f6c</value>
         <object_component_ref idref="oc-75"/>
      </symbol>
      <symbol id="sm-c5c">
         <name>_c_int00</name>
         <value>0x17d28</value>
         <object_component_ref idref="oc-17"/>
      </symbol>
      <symbol id="sm-cf4">
         <name>vimChannelMap</name>
         <value>0x13dfc</value>
         <object_component_ref idref="oc-5c"/>
      </symbol>
      <symbol id="sm-cf5">
         <name>vimInit</name>
         <value>0x13d28</value>
         <object_component_ref idref="oc-5c"/>
      </symbol>
      <symbol id="sm-cf6">
         <name>vimEnableInterrupt</name>
         <value>0x13e98</value>
         <object_component_ref idref="oc-5c"/>
      </symbol>
      <symbol id="sm-cf7">
         <name>vimDisableInterrupt</name>
         <value>0x13ff0</value>
         <object_component_ref idref="oc-5c"/>
      </symbol>
      <symbol id="sm-cf8">
         <name>vimGetConfigValue</name>
         <value>0x14074</value>
         <object_component_ref idref="oc-5c"/>
      </symbol>
      <symbol id="sm-cf9">
         <name>vimParityErrorHandler</name>
         <value>0x17840</value>
         <object_component_ref idref="oc-5b"/>
      </symbol>
      <symbol id="sm-d53">
         <name>systemGetConfigValue</name>
         <value>0x121c8</value>
         <object_component_ref idref="oc-6f"/>
      </symbol>
      <symbol id="sm-d54">
         <name>trimLPO</name>
         <value>0x11ec8</value>
         <object_component_ref idref="oc-6f"/>
      </symbol>
      <symbol id="sm-d55">
         <name>systemInit</name>
         <value>0x120cc</value>
         <object_component_ref idref="oc-6f"/>
      </symbol>
      <symbol id="sm-d56">
         <name>tcmflashGetConfigValue</name>
         <value>0x125dc</value>
         <object_component_ref idref="oc-6f"/>
      </symbol>
      <symbol id="sm-d57">
         <name>sramGetConfigValue</name>
         <value>0x12788</value>
         <object_component_ref idref="oc-6f"/>
      </symbol>
      <symbol id="sm-d58">
         <name>periphInit</name>
         <value>0x11f50</value>
         <object_component_ref idref="oc-6f"/>
      </symbol>
      <symbol id="sm-d59">
         <name>setupFlash</name>
         <value>0x11f10</value>
         <object_component_ref idref="oc-6f"/>
      </symbol>
      <symbol id="sm-d5a">
         <name>setupPLL</name>
         <value>0x11e68</value>
         <object_component_ref idref="oc-6f"/>
      </symbol>
      <symbol id="sm-d5b">
         <name>mapClocks</name>
         <value>0x11fa4</value>
         <object_component_ref idref="oc-6f"/>
      </symbol>
      <symbol id="sm-d5c">
         <name>systemPowerDown</name>
         <value>0x12198</value>
         <object_component_ref idref="oc-6f"/>
      </symbol>
      <symbol id="sm-db0">
         <name>tdTest</name>
         <value>0x803b4bc</value>
         <object_component_ref idref="oc-2a4"/>
      </symbol>
      <symbol id="sm-db1">
         <name>initTest</name>
         <value>0x172a0</value>
         <object_component_ref idref="oc-35f"/>
      </symbol>
      <symbol id="sm-db2">
         <name>i2cTest2</name>
         <value>0x174b0</value>
         <object_component_ref idref="oc-35f"/>
      </symbol>
      <symbol id="sm-db3">
         <name>i2cTest1</name>
         <value>0x173bc</value>
         <object_component_ref idref="oc-35f"/>
      </symbol>
      <symbol id="sm-db4">
         <name>TestCommands</name>
         <value>0x1728c</value>
         <object_component_ref idref="oc-35f"/>
      </symbol>
      <symbol id="sm-db5">
         <name>xTestCmd</name>
         <value>0x803b548</value>
         <object_component_ref idref="oc-3e3"/>
      </symbol>
      <symbol id="sm-db6">
         <name>sciTest2</name>
         <value>0x174fc</value>
         <object_component_ref idref="oc-35f"/>
      </symbol>
      <symbol id="sm-db7">
         <name>sciTest1</name>
         <value>0x174d8</value>
         <object_component_ref idref="oc-35f"/>
      </symbol>
      <symbol id="sm-db8">
         <name>spiTest2</name>
         <value>0x17358</value>
         <object_component_ref idref="oc-35f"/>
      </symbol>
      <symbol id="sm-db9">
         <name>spiTest1</name>
         <value>0x172f4</value>
         <object_component_ref idref="oc-35f"/>
      </symbol>
      <symbol id="sm-dba">
         <name>canTest1</name>
         <value>0x172a4</value>
         <object_component_ref idref="oc-35f"/>
      </symbol>
      <symbol id="sm-df7">
         <name>cliTask</name>
         <value>0x17b94</value>
         <object_component_ref idref="oc-298"/>
      </symbol>
      <symbol id="sm-df8">
         <name>xSciSendCommand</name>
         <value>0x803b538</value>
         <object_component_ref idref="oc-350"/>
      </symbol>
      <symbol id="sm-df9">
         <name>cliInit</name>
         <value>0x17b84</value>
         <object_component_ref idref="oc-298"/>
      </symbol>
      <symbol id="sm-dfa">
         <name>cliPrintf</name>
         <value>0x17ca0</value>
         <object_component_ref idref="oc-298"/>
      </symbol>
      <symbol id="sm-dfb">
         <name>tx_avail</name>
         <value>0x803b534</value>
         <object_component_ref idref="oc-350"/>
      </symbol>
      <symbol id="sm-e32">
         <name>TaskCreateFromDescriptor</name>
         <value>0x18004</value>
         <object_component_ref idref="oc-132"/>
      </symbol>
      <symbol id="sm-e33">
         <name>TaskManaging</name>
         <value>0x17f3c</value>
         <object_component_ref idref="oc-132"/>
      </symbol>
      <symbol id="sm-e34">
         <name>TaskManagingStartFromArray</name>
         <value>0x17fac</value>
         <object_component_ref idref="oc-132"/>
      </symbol>
      <symbol id="sm-e35">
         <name>TaskMannagingConnectToQueue</name>
         <value>0x180f0</value>
         <object_component_ref idref="oc-132"/>
      </symbol>
      <symbol id="sm-eab">
         <name>FreeRTOS_CLIProcessCommand</name>
         <value>0x160ac</value>
         <object_component_ref idref="oc-338"/>
      </symbol>
      <symbol id="sm-eac">
         <name>FreeRTOS_CLIGetParameter</name>
         <value>0x16274</value>
         <object_component_ref idref="oc-338"/>
      </symbol>
      <symbol id="sm-ead">
         <name>FreeRTOS_CLIGetOutputBuffer</name>
         <value>0x1626c</value>
         <object_component_ref idref="oc-338"/>
      </symbol>
      <symbol id="sm-eae">
         <name>FreeRTOS_CLIRegisterCommand</name>
         <value>0x16010</value>
         <object_component_ref idref="oc-338"/>
      </symbol>
      <symbol id="sm-ef5">
         <name>__TI_auto_init</name>
         <value>0x35</value>
         <object_component_ref idref="oc-81"/>
      </symbol>
      <symbol id="sm-f0c">
         <name>__TI_decompress_none</name>
         <value>0x18b</value>
         <object_component_ref idref="oc-1d"/>
      </symbol>
      <symbol id="sm-f30">
         <name>__TI_decompress_rle24</name>
         <value>0x129</value>
         <object_component_ref idref="oc-29"/>
      </symbol>
      <symbol id="sm-f44">
         <name>__TI_zero_init</name>
         <value>0x179</value>
         <object_component_ref idref="oc-23"/>
      </symbol>
      <symbol id="sm-f5e">
         <name>copy_in</name>
         <value>0x131</value>
         <object_component_ref idref="oc-125"/>
      </symbol>
      <symbol id="sm-f7d">
         <name>C$$EXIT</name>
         <value>0x19509</value>
         <object_component_ref idref="oc-8c"/>
      </symbol>
      <symbol id="sm-f7e">
         <name>abort</name>
         <value>0x1950d</value>
         <object_component_ref idref="oc-8c"/>
      </symbol>
      <symbol id="sm-f7f">
         <name>exit</name>
         <value>0x19515</value>
         <object_component_ref idref="oc-8c"/>
      </symbol>
      <symbol id="sm-f80">
         <name>__TI_dtors_ptr</name>
         <value>0x803b56c</value>
         <object_component_ref idref="oc-143"/>
      </symbol>
      <symbol id="sm-f81">
         <name>__TI_cleanup_ptr</name>
         <value>0x803b568</value>
         <object_component_ref idref="oc-143"/>
      </symbol>
      <symbol id="sm-f9f">
         <name>memcmp</name>
         <value>0x195a3</value>
         <object_component_ref idref="oc-2b7"/>
      </symbol>
      <symbol id="sm-fba">
         <name>memcpy</name>
         <value>0x192d1</value>
         <object_component_ref idref="oc-93"/>
      </symbol>
      <symbol id="sm-fbb">
         <name>__aeabi_memcpy</name>
         <value>0x192d1</value>
         <object_component_ref idref="oc-93"/>
      </symbol>
      <symbol id="sm-fbc">
         <name>__aeabi_memcpy8</name>
         <value>0x192d1</value>
         <object_component_ref idref="oc-93"/>
      </symbol>
      <symbol id="sm-fbd">
         <name>__aeabi_memcpy4</name>
         <value>0x192d1</value>
         <object_component_ref idref="oc-93"/>
      </symbol>
      <symbol id="sm-fd3">
         <name>_sys_memory</name>
         <value>0x1448</value>
         <object_component_ref idref="oc-67"/>
      </symbol>
      <symbol id="sm-fe2">
         <name>__aeabi_memset</name>
         <value>0x193ef</value>
         <object_component_ref idref="oc-2c2"/>
      </symbol>
      <symbol id="sm-fe3">
         <name>memset</name>
         <value>0x193f5</value>
         <object_component_ref idref="oc-2c2"/>
      </symbol>
      <symbol id="sm-fe4">
         <name>__aeabi_memset8</name>
         <value>0x193ef</value>
         <object_component_ref idref="oc-2c2"/>
      </symbol>
      <symbol id="sm-fe5">
         <name>__aeabi_memset4</name>
         <value>0x193ef</value>
         <object_component_ref idref="oc-2c2"/>
      </symbol>
      <symbol id="sm-fe6">
         <name>__aeabi_memclr8</name>
         <value>0x193ed</value>
         <object_component_ref idref="oc-2c2"/>
      </symbol>
      <symbol id="sm-fe7">
         <name>__aeabi_memclr4</name>
         <value>0x193ed</value>
         <object_component_ref idref="oc-2c2"/>
      </symbol>
      <symbol id="sm-fe8">
         <name>__aeabi_memclr</name>
         <value>0x193ed</value>
         <object_component_ref idref="oc-2c2"/>
      </symbol>
      <symbol id="sm-1011">
         <name>sscanf</name>
         <value>0x19217</value>
         <object_component_ref idref="oc-33e"/>
      </symbol>
      <symbol id="sm-1012">
         <name>vsscanf</name>
         <value>0x19205</value>
         <object_component_ref idref="oc-33e"/>
      </symbol>
      <symbol id="sm-1022">
         <name>strchr</name>
         <value>0x195f5</value>
         <object_component_ref idref="oc-409"/>
      </symbol>
      <symbol id="sm-1031">
         <name>strlen</name>
         <value>0x1960b</value>
         <object_component_ref idref="oc-34a"/>
      </symbol>
      <symbol id="sm-1041">
         <name>strncmp</name>
         <value>0x1957d</value>
         <object_component_ref idref="oc-3b3"/>
      </symbol>
      <symbol id="sm-1051">
         <name>strncpy</name>
         <value>0x1954d</value>
         <object_component_ref idref="oc-344"/>
      </symbol>
      <symbol id="sm-1060">
         <name>__aeabi_uidivmod</name>
         <value>0x19464</value>
         <object_component_ref idref="oc-1bb"/>
      </symbol>
      <symbol id="sm-1085">
         <name>_nop</name>
         <value>0x1962f</value>
         <object_component_ref idref="oc-2d6"/>
      </symbol>
      <symbol id="sm-1086">
         <name>_lock</name>
         <value>0x803b560</value>
         <object_component_ref idref="oc-140"/>
      </symbol>
      <symbol id="sm-1087">
         <name>_unlock</name>
         <value>0x803b564</value>
         <object_component_ref idref="oc-140"/>
      </symbol>
      <symbol id="sm-1088">
         <name>_register_lock</name>
         <value>0x19627</value>
         <object_component_ref idref="oc-2d6"/>
      </symbol>
      <symbol id="sm-1089">
         <name>_register_unlock</name>
         <value>0x19621</value>
         <object_component_ref idref="oc-2d6"/>
      </symbol>
      <symbol id="sm-1125">
         <name>__TI_scanfi</name>
         <value>0x13849</value>
         <object_component_ref idref="oc-3c1"/>
      </symbol>
      <symbol id="sm-113a">
         <name>atoi</name>
         <value>0x194b9</value>
         <object_component_ref idref="oc-440"/>
      </symbol>
      <symbol id="sm-1145">
         <name>_ctypes_</name>
         <value>0x197c8</value>
         <object_component_ref idref="oc-3c7"/>
      </symbol>
      <symbol id="sm-114e">
         <name>_Errno</name>
         <value>0x803b574</value>
         <object_component_ref idref="oc-468"/>
      </symbol>
      <symbol id="sm-115a">
         <name>__aeabi_lmul</name>
         <value>0x195c5</value>
         <object_component_ref idref="oc-46d"/>
      </symbol>
      <symbol id="sm-116c">
         <name>strcpy</name>
         <value>0x19635</value>
         <object_component_ref idref="oc-43a"/>
      </symbol>
      <symbol id="sm-117a">
         <name>strrchr</name>
         <value>0x195dd</value>
         <object_component_ref idref="oc-434"/>
      </symbol>
      <symbol id="sm-11b2">
         <name>strtod</name>
         <value>0x1832d</value>
         <object_component_ref idref="oc-41b"/>
      </symbol>
      <symbol id="sm-11d4">
         <name>strtol</name>
         <value>0x18bbd</value>
         <object_component_ref idref="oc-427"/>
      </symbol>
      <symbol id="sm-120e">
         <name>strtold</name>
         <value>0x18709</value>
         <object_component_ref idref="oc-421"/>
      </symbol>
      <symbol id="sm-1237">
         <name>strtoll</name>
         <value>0x1851d</value>
         <object_component_ref idref="oc-42d"/>
      </symbol>
      <symbol id="sm-1258">
         <name>strtoul</name>
         <value>0x18e05</value>
         <object_component_ref idref="oc-40f"/>
      </symbol>
      <symbol id="sm-127d">
         <name>strtoull</name>
         <value>0x188f1</value>
         <object_component_ref idref="oc-415"/>
      </symbol>
      <symbol id="sm-1299">
         <name>__aeabi_uldivmod</name>
         <value>0x17588</value>
         <object_component_ref idref="oc-472"/>
      </symbol>
      <symbol id="sm-129f">
         <name>__TI_static_base__</name>
         <value>0x0</value>
      </symbol>
      <symbol id="sm-12a0">
         <name>SHT$$INIT_ARRAY$$Limit</name>
         <value>0x0</value>
      </symbol>
      <symbol id="sm-12a1">
         <name>SHT$$INIT_ARRAY$$Base</name>
         <value>0x0</value>
      </symbol>
   </symbol_table>
   <title>Link successful</title>
</link_info>
