<?xml version="1.0"?>
<link_info>
   <banner>TI ARM Linker Unix v5.1.6</banner>
   <copyright>Copyright (c) 1996-2014 Texas Instruments Incorporated</copyright>
   <link_time>0x544824e7</link_time>
   <link_errors>0x0</link_errors>
   <output_file>Aalto2_FreeRTOS.out</output_file>
   <entry_point>
      <name>_c_int00</name>
      <address>0x152b4</address>
   </entry_point>
   <input_file_list>
      <input_file id="fl-2">
         <path>./system/source/</path>
         <kind>object</kind>
         <file>can.obj</file>
         <name>can.obj</name>
      </input_file>
      <input_file id="fl-3">
         <path>./system/source/</path>
         <kind>object</kind>
         <file>dabort.obj</file>
         <name>dabort.obj</name>
      </input_file>
      <input_file id="fl-4">
         <path>./system/source/</path>
         <kind>object</kind>
         <file>esm.obj</file>
         <name>esm.obj</name>
      </input_file>
      <input_file id="fl-5">
         <path>./system/source/</path>
         <kind>object</kind>
         <file>gio.obj</file>
         <name>gio.obj</name>
      </input_file>
      <input_file id="fl-6">
         <path>./system/source/</path>
         <kind>object</kind>
         <file>i2c.obj</file>
         <name>i2c.obj</name>
      </input_file>
      <input_file id="fl-7">
         <path>./system/source/</path>
         <kind>object</kind>
         <file>notification.obj</file>
         <name>notification.obj</name>
      </input_file>
      <input_file id="fl-8">
         <path>./system/source/</path>
         <kind>object</kind>
         <file>os_croutine.obj</file>
         <name>os_croutine.obj</name>
      </input_file>
      <input_file id="fl-9">
         <path>./system/source/</path>
         <kind>object</kind>
         <file>os_event_groups.obj</file>
         <name>os_event_groups.obj</name>
      </input_file>
      <input_file id="fl-a">
         <path>./system/source/</path>
         <kind>object</kind>
         <file>os_heap.obj</file>
         <name>os_heap.obj</name>
      </input_file>
      <input_file id="fl-b">
         <path>./system/source/</path>
         <kind>object</kind>
         <file>os_list.obj</file>
         <name>os_list.obj</name>
      </input_file>
      <input_file id="fl-c">
         <path>./system/source/</path>
         <kind>object</kind>
         <file>os_mpu_wrappers.obj</file>
         <name>os_mpu_wrappers.obj</name>
      </input_file>
      <input_file id="fl-d">
         <path>./system/source/</path>
         <kind>object</kind>
         <file>os_port.obj</file>
         <name>os_port.obj</name>
      </input_file>
      <input_file id="fl-e">
         <path>./system/source/</path>
         <kind>object</kind>
         <file>os_portasm.obj</file>
         <name>os_portasm.obj</name>
      </input_file>
      <input_file id="fl-f">
         <path>./system/source/</path>
         <kind>object</kind>
         <file>os_queue.obj</file>
         <name>os_queue.obj</name>
      </input_file>
      <input_file id="fl-10">
         <path>./system/source/</path>
         <kind>object</kind>
         <file>os_tasks.obj</file>
         <name>os_tasks.obj</name>
      </input_file>
      <input_file id="fl-11">
         <path>./system/source/</path>
         <kind>object</kind>
         <file>os_timer.obj</file>
         <name>os_timer.obj</name>
      </input_file>
      <input_file id="fl-12">
         <path>./system/source/</path>
         <kind>object</kind>
         <file>pinmux.obj</file>
         <name>pinmux.obj</name>
      </input_file>
      <input_file id="fl-13">
         <path>./system/source/</path>
         <kind>object</kind>
         <file>pom.obj</file>
         <name>pom.obj</name>
      </input_file>
      <input_file id="fl-14">
         <path>./system/source/</path>
         <kind>object</kind>
         <file>sci.obj</file>
         <name>sci.obj</name>
      </input_file>
      <input_file id="fl-15">
         <path>./system/source/</path>
         <kind>object</kind>
         <file>spi.obj</file>
         <name>spi.obj</name>
      </input_file>
      <input_file id="fl-16">
         <path>./system/source/</path>
         <kind>object</kind>
         <file>sys_core.obj</file>
         <name>sys_core.obj</name>
      </input_file>
      <input_file id="fl-17">
         <path>./system/source/</path>
         <kind>object</kind>
         <file>sys_dma.obj</file>
         <name>sys_dma.obj</name>
      </input_file>
      <input_file id="fl-18">
         <path>./system/source/</path>
         <kind>object</kind>
         <file>sys_intvecs.obj</file>
         <name>sys_intvecs.obj</name>
      </input_file>
      <input_file id="fl-19">
         <path>./system/source/</path>
         <kind>object</kind>
         <file>sys_main.obj</file>
         <name>sys_main.obj</name>
      </input_file>
      <input_file id="fl-1a">
         <path>./system/source/</path>
         <kind>object</kind>
         <file>sys_mpu.obj</file>
         <name>sys_mpu.obj</name>
      </input_file>
      <input_file id="fl-1b">
         <path>./system/source/</path>
         <kind>object</kind>
         <file>sys_pcr.obj</file>
         <name>sys_pcr.obj</name>
      </input_file>
      <input_file id="fl-1c">
         <path>./system/source/</path>
         <kind>object</kind>
         <file>sys_phantom.obj</file>
         <name>sys_phantom.obj</name>
      </input_file>
      <input_file id="fl-1d">
         <path>./system/source/</path>
         <kind>object</kind>
         <file>sys_pmm.obj</file>
         <name>sys_pmm.obj</name>
      </input_file>
      <input_file id="fl-1e">
         <path>./system/source/</path>
         <kind>object</kind>
         <file>sys_pmu.obj</file>
         <name>sys_pmu.obj</name>
      </input_file>
      <input_file id="fl-1f">
         <path>./system/source/</path>
         <kind>object</kind>
         <file>sys_selftest.obj</file>
         <name>sys_selftest.obj</name>
      </input_file>
      <input_file id="fl-20">
         <path>./system/source/</path>
         <kind>object</kind>
         <file>sys_startup.obj</file>
         <name>sys_startup.obj</name>
      </input_file>
      <input_file id="fl-21">
         <path>./system/source/</path>
         <kind>object</kind>
         <file>sys_vim.obj</file>
         <name>sys_vim.obj</name>
      </input_file>
      <input_file id="fl-22">
         <path>./system/source/</path>
         <kind>object</kind>
         <file>system.obj</file>
         <name>system.obj</name>
      </input_file>
      <input_file id="fl-23">
         <path>./subsystems/test/</path>
         <kind>object</kind>
         <file>test.obj</file>
         <name>test.obj</name>
      </input_file>
      <input_file id="fl-24">
         <path>./subsystems/main/</path>
         <kind>object</kind>
         <file>main.obj</file>
         <name>main.obj</name>
      </input_file>
      <input_file id="fl-25">
         <path>./subsystems/cli/</path>
         <kind>object</kind>
         <file>cli.obj</file>
         <name>cli.obj</name>
      </input_file>
      <input_file id="fl-26">
         <path>./subsystems/TaskManaging/</path>
         <kind>object</kind>
         <file>TaskManaging.obj</file>
         <name>TaskManaging.obj</name>
      </input_file>
      <input_file id="fl-27">
         <path>./subsystems/FreeRTOS-Plus-FAT-SL/psp/target/rtc/</path>
         <kind>object</kind>
         <file>psp_rtc.obj</file>
         <name>psp_rtc.obj</name>
      </input_file>
      <input_file id="fl-28">
         <path>./subsystems/FreeRTOS-Plus-FAT-SL/psp/target/fat_sl/</path>
         <kind>object</kind>
         <file>psp_test.obj</file>
         <name>psp_test.obj</name>
      </input_file>
      <input_file id="fl-29">
         <path>./subsystems/FreeRTOS-Plus-FAT-SL/media-drv/ram/</path>
         <kind>object</kind>
         <file>ramdrv_f.obj</file>
         <name>ramdrv_f.obj</name>
      </input_file>
      <input_file id="fl-2a">
         <path>./subsystems/FreeRTOS-Plus-FAT-SL/fat_sl/common/</path>
         <kind>object</kind>
         <file>dir.obj</file>
         <name>dir.obj</name>
      </input_file>
      <input_file id="fl-2b">
         <path>./subsystems/FreeRTOS-Plus-FAT-SL/fat_sl/common/</path>
         <kind>object</kind>
         <file>drv.obj</file>
         <name>drv.obj</name>
      </input_file>
      <input_file id="fl-2c">
         <path>./subsystems/FreeRTOS-Plus-FAT-SL/fat_sl/common/</path>
         <kind>object</kind>
         <file>f_lock.obj</file>
         <name>f_lock.obj</name>
      </input_file>
      <input_file id="fl-2d">
         <path>./subsystems/FreeRTOS-Plus-FAT-SL/fat_sl/common/</path>
         <kind>object</kind>
         <file>fat.obj</file>
         <name>fat.obj</name>
      </input_file>
      <input_file id="fl-2e">
         <path>./subsystems/FreeRTOS-Plus-FAT-SL/fat_sl/common/</path>
         <kind>object</kind>
         <file>file.obj</file>
         <name>file.obj</name>
      </input_file>
      <input_file id="fl-2f">
         <path>./subsystems/FreeRTOS-Plus-FAT-SL/fat_sl/common/</path>
         <kind>object</kind>
         <file>util.obj</file>
         <name>util.obj</name>
      </input_file>
      <input_file id="fl-30">
         <path>./subsystems/FreeRTOS-Plus-FAT-SL/fat_sl/common/</path>
         <kind>object</kind>
         <file>util_sfn.obj</file>
         <name>util_sfn.obj</name>
      </input_file>
      <input_file id="fl-31">
         <path>./subsystems/FreeRTOS-Plus-FAT-SL/fat_sl/common/</path>
         <kind>object</kind>
         <file>volume.obj</file>
         <name>volume.obj</name>
      </input_file>
      <input_file id="fl-32">
         <path>./subsystems/FreeRTOS-Plus-CLI/</path>
         <kind>object</kind>
         <file>FreeRTOS_CLI.obj</file>
         <name>FreeRTOS_CLI.obj</name>
      </input_file>
      <input_file id="fl-37">
         <path>/opt/ti/ccsv6/tools/compiler/arm_5.1.6/lib/</path>
         <kind>archive</kind>
         <file>rtsv7R4_T_le_v3D16_eabi.lib</file>
         <name>auto_init.obj</name>
      </input_file>
      <input_file id="fl-38">
         <path>/opt/ti/ccsv6/tools/compiler/arm_5.1.6/lib/</path>
         <kind>archive</kind>
         <file>rtsv7R4_T_le_v3D16_eabi.lib</file>
         <name>copy_decompress_none.obj</name>
      </input_file>
      <input_file id="fl-39">
         <path>/opt/ti/ccsv6/tools/compiler/arm_5.1.6/lib/</path>
         <kind>archive</kind>
         <file>rtsv7R4_T_le_v3D16_eabi.lib</file>
         <name>copy_decompress_rle.obj</name>
      </input_file>
      <input_file id="fl-3a">
         <path>/opt/ti/ccsv6/tools/compiler/arm_5.1.6/lib/</path>
         <kind>archive</kind>
         <file>rtsv7R4_T_le_v3D16_eabi.lib</file>
         <name>copy_zero_init.obj</name>
      </input_file>
      <input_file id="fl-3b">
         <path>/opt/ti/ccsv6/tools/compiler/arm_5.1.6/lib/</path>
         <kind>archive</kind>
         <file>rtsv7R4_T_le_v3D16_eabi.lib</file>
         <name>cpy_tbl.obj</name>
      </input_file>
      <input_file id="fl-3c">
         <path>/opt/ti/ccsv6/tools/compiler/arm_5.1.6/lib/</path>
         <kind>archive</kind>
         <file>rtsv7R4_T_le_v3D16_eabi.lib</file>
         <name>exit.obj</name>
      </input_file>
      <input_file id="fl-3d">
         <path>/opt/ti/ccsv6/tools/compiler/arm_5.1.6/lib/</path>
         <kind>archive</kind>
         <file>rtsv7R4_T_le_v3D16_eabi.lib</file>
         <name>i_div32.obj</name>
      </input_file>
      <input_file id="fl-3e">
         <path>/opt/ti/ccsv6/tools/compiler/arm_5.1.6/lib/</path>
         <kind>archive</kind>
         <file>rtsv7R4_T_le_v3D16_eabi.lib</file>
         <name>memcmp.obj</name>
      </input_file>
      <input_file id="fl-3f">
         <path>/opt/ti/ccsv6/tools/compiler/arm_5.1.6/lib/</path>
         <kind>archive</kind>
         <file>rtsv7R4_T_le_v3D16_eabi.lib</file>
         <name>memcpy_t2.obj</name>
      </input_file>
      <input_file id="fl-40">
         <path>/opt/ti/ccsv6/tools/compiler/arm_5.1.6/lib/</path>
         <kind>archive</kind>
         <file>rtsv7R4_T_le_v3D16_eabi.lib</file>
         <name>memset_t2.obj</name>
      </input_file>
      <input_file id="fl-41">
         <path>/opt/ti/ccsv6/tools/compiler/arm_5.1.6/lib/</path>
         <kind>archive</kind>
         <file>rtsv7R4_T_le_v3D16_eabi.lib</file>
         <name>sscanf.obj</name>
      </input_file>
      <input_file id="fl-42">
         <path>/opt/ti/ccsv6/tools/compiler/arm_5.1.6/lib/</path>
         <kind>archive</kind>
         <file>rtsv7R4_T_le_v3D16_eabi.lib</file>
         <name>strlen.obj</name>
      </input_file>
      <input_file id="fl-43">
         <path>/opt/ti/ccsv6/tools/compiler/arm_5.1.6/lib/</path>
         <kind>archive</kind>
         <file>rtsv7R4_T_le_v3D16_eabi.lib</file>
         <name>strncmp.obj</name>
      </input_file>
      <input_file id="fl-44">
         <path>/opt/ti/ccsv6/tools/compiler/arm_5.1.6/lib/</path>
         <kind>archive</kind>
         <file>rtsv7R4_T_le_v3D16_eabi.lib</file>
         <name>strncpy.obj</name>
      </input_file>
      <input_file id="fl-45">
         <path>/opt/ti/ccsv6/tools/compiler/arm_5.1.6/lib/</path>
         <kind>archive</kind>
         <file>rtsv7R4_T_le_v3D16_eabi.lib</file>
         <name>u_div32.obj</name>
      </input_file>
      <input_file id="fl-46">
         <path>/opt/ti/ccsv6/tools/compiler/arm_5.1.6/lib/</path>
         <kind>archive</kind>
         <file>rtsv7R4_T_le_v3D16_eabi.lib</file>
         <name>_lock.obj</name>
      </input_file>
      <input_file id="fl-47">
         <path>/opt/ti/ccsv6/tools/compiler/arm_5.1.6/lib/</path>
         <kind>archive</kind>
         <file>rtsv7R4_T_le_v3D16_eabi.lib</file>
         <name>_scanfi.obj</name>
      </input_file>
      <input_file id="fl-48">
         <path>/opt/ti/ccsv6/tools/compiler/arm_5.1.6/lib/</path>
         <kind>archive</kind>
         <file>rtsv7R4_T_le_v3D16_eabi.lib</file>
         <name>atoi.obj</name>
      </input_file>
      <input_file id="fl-49">
         <path>/opt/ti/ccsv6/tools/compiler/arm_5.1.6/lib/</path>
         <kind>archive</kind>
         <file>rtsv7R4_T_le_v3D16_eabi.lib</file>
         <name>ctype.obj</name>
      </input_file>
      <input_file id="fl-4a">
         <path>/opt/ti/ccsv6/tools/compiler/arm_5.1.6/lib/</path>
         <kind>archive</kind>
         <file>rtsv7R4_T_le_v3D16_eabi.lib</file>
         <name>strchr.obj</name>
      </input_file>
      <input_file id="fl-4b">
         <path>/opt/ti/ccsv6/tools/compiler/arm_5.1.6/lib/</path>
         <kind>archive</kind>
         <file>rtsv7R4_T_le_v3D16_eabi.lib</file>
         <name>strcpy.obj</name>
      </input_file>
      <input_file id="fl-4c">
         <path>/opt/ti/ccsv6/tools/compiler/arm_5.1.6/lib/</path>
         <kind>archive</kind>
         <file>rtsv7R4_T_le_v3D16_eabi.lib</file>
         <name>strrchr.obj</name>
      </input_file>
      <input_file id="fl-4d">
         <path>/opt/ti/ccsv6/tools/compiler/arm_5.1.6/lib/</path>
         <kind>archive</kind>
         <file>rtsv7R4_T_le_v3D16_eabi.lib</file>
         <name>strtod.obj</name>
      </input_file>
      <input_file id="fl-4e">
         <path>/opt/ti/ccsv6/tools/compiler/arm_5.1.6/lib/</path>
         <kind>archive</kind>
         <file>rtsv7R4_T_le_v3D16_eabi.lib</file>
         <name>strtol.obj</name>
      </input_file>
      <input_file id="fl-4f">
         <path>/opt/ti/ccsv6/tools/compiler/arm_5.1.6/lib/</path>
         <kind>archive</kind>
         <file>rtsv7R4_T_le_v3D16_eabi.lib</file>
         <name>strtold.obj</name>
      </input_file>
      <input_file id="fl-50">
         <path>/opt/ti/ccsv6/tools/compiler/arm_5.1.6/lib/</path>
         <kind>archive</kind>
         <file>rtsv7R4_T_le_v3D16_eabi.lib</file>
         <name>strtoll.obj</name>
      </input_file>
      <input_file id="fl-51">
         <path>/opt/ti/ccsv6/tools/compiler/arm_5.1.6/lib/</path>
         <kind>archive</kind>
         <file>rtsv7R4_T_le_v3D16_eabi.lib</file>
         <name>strtoul.obj</name>
      </input_file>
      <input_file id="fl-52">
         <path>/opt/ti/ccsv6/tools/compiler/arm_5.1.6/lib/</path>
         <kind>archive</kind>
         <file>rtsv7R4_T_le_v3D16_eabi.lib</file>
         <name>strtoull.obj</name>
      </input_file>
      <input_file id="fl-53">
         <path>/opt/ti/ccsv6/tools/compiler/arm_5.1.6/lib/</path>
         <kind>archive</kind>
         <file>rtsv7R4_T_le_v3D16_eabi.lib</file>
         <name>ull_div32.obj</name>
      </input_file>
      <input_file id="fl-54">
         <path>/opt/ti/ccsv6/tools/compiler/arm_5.1.6/lib/</path>
         <kind>archive</kind>
         <file>rtsv7R4_T_le_v3D16_eabi.lib</file>
         <name>errno.obj</name>
      </input_file>
      <input_file id="fl-55">
         <path>/opt/ti/ccsv6/tools/compiler/arm_5.1.6/lib/</path>
         <kind>archive</kind>
         <file>rtsv7R4_T_le_v3D16_eabi.lib</file>
         <name>ll_mul_t2.obj</name>
      </input_file>
   </input_file_list>
   <object_component_list>
      <object_component id="oc-50">
         <name>.intvecs</name>
         <load_address>0x0</load_address>
         <run_address>0x0</run_address>
         <size>0x20</size>
         <input_file_ref idref="fl-18"/>
      </object_component>
      <object_component id="oc-284">
         <name>.const:.string</name>
         <load_address>0x20</load_address>
         <run_address>0x20</run_address>
         <size>0x14</size>
         <input_file_ref idref="fl-10"/>
      </object_component>
      <object_component id="oc-7e">
         <name>.text</name>
         <load_address>0x34</load_address>
         <run_address>0x34</run_address>
         <size>0x94</size>
         <input_file_ref idref="fl-37"/>
      </object_component>
      <object_component id="oc-a3">
         <name>.text</name>
         <load_address>0xc8</load_address>
         <run_address>0xc8</run_address>
         <size>0x60</size>
         <input_file_ref idref="fl-39"/>
      </object_component>
      <object_component id="oc-29">
         <name>.text:decompress:rle24</name>
         <load_address>0x128</load_address>
         <run_address>0x128</run_address>
         <size>0x6</size>
         <input_file_ref idref="fl-39"/>
      </object_component>
      <object_component id="oc-111">
         <name>.text</name>
         <load_address>0x130</load_address>
         <run_address>0x130</run_address>
         <size>0x48</size>
         <input_file_ref idref="fl-3b"/>
      </object_component>
      <object_component id="oc-23">
         <name>.text:decompress:ZI</name>
         <load_address>0x178</load_address>
         <run_address>0x178</run_address>
         <size>0x12</size>
         <input_file_ref idref="fl-3a"/>
      </object_component>
      <object_component id="oc-1d">
         <name>.text:decompress:none</name>
         <load_address>0x18a</load_address>
         <run_address>0x18a</run_address>
         <size>0xe</size>
         <input_file_ref idref="fl-38"/>
      </object_component>
      <object_component id="oc-1db">
         <name>.kernelTEXT</name>
         <load_address>0x198</load_address>
         <run_address>0x198</run_address>
         <size>0x624</size>
         <input_file_ref idref="fl-a"/>
      </object_component>
      <object_component id="oc-268">
         <name>.kernelTEXT</name>
         <load_address>0x7bc</load_address>
         <run_address>0x7bc</run_address>
         <size>0x594</size>
         <input_file_ref idref="fl-d"/>
      </object_component>
      <object_component id="oc-bc">
         <name>.kernelTEXT</name>
         <load_address>0xd50</load_address>
         <run_address>0xd50</run_address>
         <size>0x4bc</size>
         <input_file_ref idref="fl-e"/>
      </object_component>
      <object_component id="oc-1d5">
         <name>.kernelTEXT</name>
         <load_address>0x120c</load_address>
         <run_address>0x120c</run_address>
         <size>0x238</size>
         <input_file_ref idref="fl-b"/>
      </object_component>
      <object_component id="oc-45f">
         <name>.cinit..data.load</name>
         <load_address>0x1448</load_address>
         <run_address>0x1448</run_address>
         <size>0x36</size>
      </object_component>
      <object_component id="oc-45c">
         <name>.cinit..kernelBSS.load</name>
         <load_address>0x1480</load_address>
         <run_address>0x1480</run_address>
         <size>0xf</size>
      </object_component>
      <object_component id="oc-45a">
         <name>__TI_handler_table</name>
         <load_address>0x1490</load_address>
         <run_address>0x1490</run_address>
         <size>0xc</size>
      </object_component>
      <object_component id="oc-45e">
         <name>.cinit..bss.load</name>
         <load_address>0x14a0</load_address>
         <run_address>0x14a0</run_address>
         <size>0x8</size>
      </object_component>
      <object_component id="oc-45d">
         <name>.cinit..kernelHEAP.load</name>
         <load_address>0x14a8</load_address>
         <run_address>0x14a8</run_address>
         <size>0x8</size>
      </object_component>
      <object_component id="oc-45b">
         <name>__TI_cinit_table</name>
         <load_address>0x14b0</load_address>
         <run_address>0x14b0</run_address>
         <size>0x20</size>
      </object_component>
      <object_component id="oc-72">
         <name>.text</name>
         <load_address>0x8020</load_address>
         <run_address>0x8020</run_address>
         <size>0x2c0c</size>
         <input_file_ref idref="fl-1f"/>
      </object_component>
      <object_component id="oc-124">
         <name>.text</name>
         <load_address>0xac2c</load_address>
         <run_address>0xac2c</run_address>
         <size>0x20e8</size>
         <input_file_ref idref="fl-10"/>
      </object_component>
      <object_component id="oc-d0">
         <name>.text</name>
         <load_address>0xcd14</load_address>
         <run_address>0xcd14</run_address>
         <size>0x1374</size>
         <input_file_ref idref="fl-f"/>
      </object_component>
      <object_component id="oc-118">
         <name>.text</name>
         <load_address>0xe088</load_address>
         <run_address>0xe088</run_address>
         <size>0xe80</size>
         <input_file_ref idref="fl-14"/>
      </object_component>
      <object_component id="oc-6c">
         <name>.text</name>
         <load_address>0xef08</load_address>
         <run_address>0xef08</run_address>
         <size>0xb28</size>
         <input_file_ref idref="fl-22"/>
      </object_component>
      <object_component id="oc-c5">
         <name>.text</name>
         <load_address>0xfa30</load_address>
         <run_address>0xfa30</run_address>
         <size>0xafc</size>
         <input_file_ref idref="fl-6"/>
      </object_component>
      <object_component id="oc-195">
         <name>.text</name>
         <load_address>0x1052c</load_address>
         <run_address>0x1052c</run_address>
         <size>0xa40</size>
         <input_file_ref idref="fl-11"/>
      </object_component>
      <object_component id="oc-363">
         <name>.text</name>
         <load_address>0x10f6c</load_address>
         <run_address>0x10f6c</run_address>
         <size>0x958</size>
         <input_file_ref idref="fl-47"/>
      </object_component>
      <object_component id="oc-5c">
         <name>.text</name>
         <load_address>0x118c4</load_address>
         <run_address>0x118c4</run_address>
         <size>0x898</size>
         <input_file_ref idref="fl-21"/>
      </object_component>
      <object_component id="oc-18f">
         <name>.text</name>
         <load_address>0x1215c</load_address>
         <run_address>0x1215c</run_address>
         <size>0x7e0</size>
         <input_file_ref idref="fl-9"/>
      </object_component>
      <object_component id="oc-78">
         <name>.text</name>
         <load_address>0x1293c</load_address>
         <run_address>0x1293c</run_address>
         <size>0x634</size>
         <input_file_ref idref="fl-4"/>
      </object_component>
      <object_component id="oc-189">
         <name>.text</name>
         <load_address>0x12f70</load_address>
         <run_address>0x12f70</run_address>
         <size>0x620</size>
         <input_file_ref idref="fl-c"/>
      </object_component>
      <object_component id="oc-fb">
         <name>.text</name>
         <load_address>0x13590</load_address>
         <run_address>0x13590</run_address>
         <size>0x5ac</size>
         <input_file_ref idref="fl-12"/>
      </object_component>
      <object_component id="oc-2ee">
         <name>.text</name>
         <load_address>0x13b3c</load_address>
         <run_address>0x13b3c</run_address>
         <size>0x590</size>
         <input_file_ref idref="fl-32"/>
      </object_component>
      <object_component id="oc-4a">
         <name>.text:retain</name>
         <load_address>0x140cc</load_address>
         <run_address>0x140cc</run_address>
         <size>0x55c</size>
         <input_file_ref idref="fl-15"/>
      </object_component>
      <object_component id="oc-67">
         <name>.text</name>
         <load_address>0x14628</load_address>
         <run_address>0x14628</run_address>
         <size>0x3c4</size>
         <input_file_ref idref="fl-16"/>
      </object_component>
      <object_component id="oc-44">
         <name>.text:retain</name>
         <load_address>0x149ec</load_address>
         <run_address>0x149ec</run_address>
         <size>0x37c</size>
         <input_file_ref idref="fl-14"/>
      </object_component>
      <object_component id="oc-3fd">
         <name>.text</name>
         <load_address>0x14d68</load_address>
         <run_address>0x14d68</run_address>
         <size>0x2b8</size>
         <input_file_ref idref="fl-53"/>
      </object_component>
      <object_component id="oc-5b">
         <name>.text:retain</name>
         <load_address>0x15020</load_address>
         <run_address>0x15020</run_address>
         <size>0x294</size>
         <input_file_ref idref="fl-21"/>
      </object_component>
      <object_component id="oc-17">
         <name>.text:retain</name>
         <load_address>0x152b4</load_address>
         <run_address>0x152b4</run_address>
         <size>0x214</size>
         <input_file_ref idref="fl-20"/>
      </object_component>
      <object_component id="oc-25c">
         <name>.text</name>
         <load_address>0x154c8</load_address>
         <run_address>0x154c8</run_address>
         <size>0x208</size>
         <input_file_ref idref="fl-25"/>
      </object_component>
      <object_component id="oc-3e">
         <name>.text:retain</name>
         <load_address>0x156d0</load_address>
         <run_address>0x156d0</run_address>
         <size>0x1f0</size>
         <input_file_ref idref="fl-6"/>
      </object_component>
      <object_component id="oc-3b0">
         <name>.text</name>
         <load_address>0x158c0</load_address>
         <run_address>0x158c0</run_address>
         <size>0x1f0</size>
         <input_file_ref idref="fl-4d"/>
      </object_component>
      <object_component id="oc-3c2">
         <name>.text</name>
         <load_address>0x15ab0</load_address>
         <run_address>0x15ab0</run_address>
         <size>0x1ec</size>
         <input_file_ref idref="fl-50"/>
      </object_component>
      <object_component id="oc-3b6">
         <name>.text</name>
         <load_address>0x15c9c</load_address>
         <run_address>0x15c9c</run_address>
         <size>0x1e8</size>
         <input_file_ref idref="fl-4f"/>
      </object_component>
      <object_component id="oc-3aa">
         <name>.text</name>
         <load_address>0x15e84</load_address>
         <run_address>0x15e84</run_address>
         <size>0x174</size>
         <input_file_ref idref="fl-52"/>
      </object_component>
      <object_component id="oc-38">
         <name>.text:retain</name>
         <load_address>0x15ff8</load_address>
         <run_address>0x15ff8</run_address>
         <size>0x158</size>
         <input_file_ref idref="fl-4"/>
      </object_component>
      <object_component id="oc-3bc">
         <name>.text</name>
         <load_address>0x16150</load_address>
         <run_address>0x16150</run_address>
         <size>0x134</size>
         <input_file_ref idref="fl-4e"/>
      </object_component>
      <object_component id="oc-103">
         <name>.text</name>
         <load_address>0x16284</load_address>
         <run_address>0x16284</run_address>
         <size>0x114</size>
         <input_file_ref idref="fl-1e"/>
      </object_component>
      <object_component id="oc-3a4">
         <name>.text</name>
         <load_address>0x16398</load_address>
         <run_address>0x16398</run_address>
         <size>0x110</size>
         <input_file_ref idref="fl-51"/>
      </object_component>
      <object_component id="oc-b0">
         <name>.text</name>
         <load_address>0x164a8</load_address>
         <run_address>0x164a8</run_address>
         <size>0x108</size>
         <input_file_ref idref="fl-7"/>
      </object_component>
      <object_component id="oc-2f">
         <name>.text:retain</name>
         <load_address>0x165b0</load_address>
         <run_address>0x165b0</run_address>
         <size>0x100</size>
         <input_file_ref idref="fl-2"/>
      </object_component>
      <object_component id="oc-e7">
         <name>.text</name>
         <load_address>0x166b0</load_address>
         <run_address>0x166b0</run_address>
         <size>0xe8</size>
         <input_file_ref idref="fl-3"/>
      </object_component>
      <object_component id="oc-2f4">
         <name>.text</name>
         <load_address>0x16798</load_address>
         <run_address>0x16798</run_address>
         <size>0xcc</size>
         <input_file_ref idref="fl-41"/>
      </object_component>
      <object_component id="oc-11e">
         <name>.text</name>
         <load_address>0x16864</load_address>
         <run_address>0x16864</run_address>
         <size>0xc8</size>
         <input_file_ref idref="fl-26"/>
      </object_component>
      <object_component id="oc-90">
         <name>.text</name>
         <load_address>0x1692c</load_address>
         <run_address>0x1692c</run_address>
         <size>0x9c</size>
         <input_file_ref idref="fl-3f"/>
      </object_component>
      <object_component id="oc-27c">
         <name>.text</name>
         <load_address>0x169c8</load_address>
         <run_address>0x169c8</run_address>
         <size>0x78</size>
         <input_file_ref idref="fl-40"/>
      </object_component>
      <object_component id="oc-3d5">
         <name>.text</name>
         <load_address>0x16a40</load_address>
         <run_address>0x16a40</run_address>
         <size>0x50</size>
         <input_file_ref idref="fl-48"/>
      </object_component>
      <object_component id="oc-89">
         <name>.text</name>
         <load_address>0x16a90</load_address>
         <run_address>0x16a90</run_address>
         <size>0x44</size>
         <input_file_ref idref="fl-3c"/>
      </object_component>
      <object_component id="oc-83">
         <name>.text</name>
         <load_address>0x16ad4</load_address>
         <run_address>0x16ad4</run_address>
         <size>0x38</size>
         <input_file_ref idref="fl-19"/>
      </object_component>
      <object_component id="oc-2fa">
         <name>.text</name>
         <load_address>0x16b0c</load_address>
         <run_address>0x16b0c</run_address>
         <size>0x30</size>
         <input_file_ref idref="fl-44"/>
      </object_component>
      <object_component id="oc-355">
         <name>.text</name>
         <load_address>0x16b3c</load_address>
         <run_address>0x16b3c</run_address>
         <size>0x26</size>
         <input_file_ref idref="fl-43"/>
      </object_component>
      <object_component id="oc-271">
         <name>.text</name>
         <load_address>0x16b62</load_address>
         <run_address>0x16b62</run_address>
         <size>0x22</size>
         <input_file_ref idref="fl-3e"/>
      </object_component>
      <object_component id="oc-3f8">
         <name>.text</name>
         <load_address>0x16b84</load_address>
         <run_address>0x16b84</run_address>
         <size>0x18</size>
         <input_file_ref idref="fl-55"/>
      </object_component>
      <object_component id="oc-3c9">
         <name>.text</name>
         <load_address>0x16b9c</load_address>
         <run_address>0x16b9c</run_address>
         <size>0x18</size>
         <input_file_ref idref="fl-4c"/>
      </object_component>
      <object_component id="oc-39e">
         <name>.text</name>
         <load_address>0x16bb4</load_address>
         <run_address>0x16bb4</run_address>
         <size>0x16</size>
         <input_file_ref idref="fl-4a"/>
      </object_component>
      <object_component id="oc-300">
         <name>.text</name>
         <load_address>0x16bca</load_address>
         <run_address>0x16bca</run_address>
         <size>0x16</size>
         <input_file_ref idref="fl-42"/>
      </object_component>
      <object_component id="oc-290">
         <name>.text</name>
         <load_address>0x16be0</load_address>
         <run_address>0x16be0</run_address>
         <size>0x14</size>
         <input_file_ref idref="fl-46"/>
      </object_component>
      <object_component id="oc-3cf">
         <name>.text</name>
         <load_address>0x16bf4</load_address>
         <run_address>0x16bf4</run_address>
         <size>0x10</size>
         <input_file_ref idref="fl-4b"/>
      </object_component>
      <object_component id="oc-55">
         <name>.text:retain</name>
         <load_address>0x16c04</load_address>
         <run_address>0x16c04</run_address>
         <size>0x4</size>
         <input_file_ref idref="fl-1c"/>
      </object_component>
      <object_component id="oc-35">
         <name>.const:s_vim_init</name>
         <load_address>0x16c08</load_address>
         <run_address>0x16c08</run_address>
         <size>0x180</size>
         <input_file_ref idref="fl-21"/>
      </object_component>
      <object_component id="oc-369">
         <name>.const:.string:_ctypes_</name>
         <load_address>0x16d88</load_address>
         <run_address>0x16d88</run_address>
         <size>0x102</size>
         <input_file_ref idref="fl-49"/>
      </object_component>
      <object_component id="oc-404">
         <name>.const</name>
         <load_address>0x16e90</load_address>
         <run_address>0x16e90</run_address>
         <size>0x98</size>
         <input_file_ref idref="fl-4d"/>
      </object_component>
      <object_component id="oc-40a">
         <name>.const</name>
         <load_address>0x16f28</load_address>
         <run_address>0x16f28</run_address>
         <size>0x98</size>
         <input_file_ref idref="fl-4f"/>
      </object_component>
      <object_component id="oc-377">
         <name>.const:.string</name>
         <load_address>0x16fc0</load_address>
         <run_address>0x16fc0</run_address>
         <size>0x3c</size>
         <input_file_ref idref="fl-25"/>
      </object_component>
      <object_component id="oc-3ee">
         <name>.const:.string</name>
         <load_address>0x16ffc</load_address>
         <run_address>0x16ffc</run_address>
         <size>0x38</size>
         <input_file_ref idref="fl-32"/>
      </object_component>
      <object_component id="oc-38b">
         <name>.const</name>
         <load_address>0x17034</load_address>
         <run_address>0x17034</run_address>
         <size>0x10</size>
         <input_file_ref idref="fl-32"/>
      </object_component>
      <object_component id="oc-3c8">
         <name>.const</name>
         <load_address>0x17044</load_address>
         <run_address>0x17044</run_address>
         <size>0x10</size>
         <input_file_ref idref="fl-47"/>
      </object_component>
      <object_component id="oc-160">
         <name>.kernelBSS</name>
         <load_address>0x8001514</load_address>
         <run_address>0x8001514</run_address>
         <size>0x8</size>
         <input_file_ref idref="fl-d"/>
      </object_component>
      <object_component id="oc-2c4">
         <name>.kernelBSS:init</name>
         <load_address>0x8001500</load_address>
         <run_address>0x8001500</run_address>
         <size>0x14</size>
         <input_file_ref idref="fl-a"/>
      </object_component>
      <object_component id="oc-2c7">
         <name>.kernelBSS:uninit</name>
         <load_address>0x800151c</load_address>
         <run_address>0x800151c</run_address>
         <size>0x8</size>
         <input_file_ref idref="fl-a"/>
      </object_component>
      <object_component id="oc-2ca">
         <name>.kernelHEAP</name>
         <uninitialized>true</uninitialized>
         <run_address>0x8001d00</run_address>
         <size>0x386a0</size>
         <input_file_ref idref="fl-a"/>
      </object_component>
      <object_component id="oc-dd">
         <name>.bss:g_spiPacket_t</name>
         <uninitialized>true</uninitialized>
         <run_address>0x803a570</run_address>
         <size>0x78</size>
         <input_file_ref idref="fl-15"/>
      </object_component>
      <object_component id="oc-250">
         <name>.bss:g_sciTransfer_t</name>
         <uninitialized>true</uninitialized>
         <run_address>0x803a61c</run_address>
         <size>0x28</size>
         <input_file_ref idref="fl-14"/>
      </object_component>
      <object_component id="oc-262">
         <name>.bss:queue_array</name>
         <uninitialized>true</uninitialized>
         <run_address>0x803a644</run_address>
         <size>0x28</size>
         <input_file_ref idref="fl-26"/>
      </object_component>
      <object_component id="oc-26e">
         <name>.bss:pxReadyTasksLists</name>
         <uninitialized>true</uninitialized>
         <run_address>0x803a3a0</run_address>
         <size>0xa0</size>
         <input_file_ref idref="fl-10"/>
      </object_component>
      <object_component id="oc-309">
         <name>.bss:cli_input</name>
         <uninitialized>true</uninitialized>
         <run_address>0x803a440</run_address>
         <size>0x98</size>
         <input_file_ref idref="fl-25"/>
      </object_component>
      <object_component id="oc-30c">
         <name>.bss:cli_output</name>
         <uninitialized>true</uninitialized>
         <run_address>0x803a4d8</run_address>
         <size>0x98</size>
         <input_file_ref idref="fl-25"/>
      </object_component>
      <object_component id="oc-35e">
         <name>.bss:cOutputBuffer</name>
         <uninitialized>true</uninitialized>
         <run_address>0x803a5e8</run_address>
         <size>0x34</size>
         <input_file_ref idref="fl-32"/>
      </object_component>
      <object_component id="oc-19f">
         <name>.common:g_i2cTransfer_t</name>
         <uninitialized>true</uninitialized>
         <run_address>0x803a6f8</run_address>
         <size>0xc</size>
      </object_component>
      <object_component id="oc-19b">
         <name>.common:i2c_mutex</name>
         <uninitialized>true</uninitialized>
         <run_address>0x803a720</run_address>
         <size>0x4</size>
      </object_component>
      <object_component id="oc-19e">
         <name>.common:i2c_events</name>
         <uninitialized>true</uninitialized>
         <run_address>0x803a71c</run_address>
         <size>0x4</size>
      </object_component>
      <object_component id="oc-285">
         <name>.common:xDelayedTaskList1</name>
         <uninitialized>true</uninitialized>
         <run_address>0x803a694</run_address>
         <size>0x14</size>
      </object_component>
      <object_component id="oc-286">
         <name>.common:xDelayedTaskList2</name>
         <uninitialized>true</uninitialized>
         <run_address>0x803a6a8</run_address>
         <size>0x14</size>
      </object_component>
      <object_component id="oc-282">
         <name>.common:pxDelayedTaskList</name>
         <uninitialized>true</uninitialized>
         <run_address>0x803a728</run_address>
         <size>0x4</size>
      </object_component>
      <object_component id="oc-283">
         <name>.common:pxOverflowDelayedTaskList</name>
         <uninitialized>true</uninitialized>
         <run_address>0x803a72c</run_address>
         <size>0x4</size>
      </object_component>
      <object_component id="oc-281">
         <name>.common:xPendingReadyList</name>
         <uninitialized>true</uninitialized>
         <run_address>0x803a6bc</run_address>
         <size>0x14</size>
      </object_component>
      <object_component id="oc-287">
         <name>.common:xTasksWaitingTermination</name>
         <uninitialized>true</uninitialized>
         <run_address>0x803a6e4</run_address>
         <size>0x14</size>
      </object_component>
      <object_component id="oc-27a">
         <name>.common:xSuspendedTaskList</name>
         <uninitialized>true</uninitialized>
         <run_address>0x803a6d0</run_address>
         <size>0x14</size>
      </object_component>
      <object_component id="oc-2ba">
         <name>.common:xActiveTimerList1</name>
         <uninitialized>true</uninitialized>
         <run_address>0x803a66c</run_address>
         <size>0x14</size>
      </object_component>
      <object_component id="oc-2bb">
         <name>.common:xActiveTimerList2</name>
         <uninitialized>true</uninitialized>
         <run_address>0x803a680</run_address>
         <size>0x14</size>
      </object_component>
      <object_component id="oc-2b6">
         <name>.common:pxCurrentTimerList</name>
         <uninitialized>true</uninitialized>
         <run_address>0x803a724</run_address>
         <size>0x4</size>
      </object_component>
      <object_component id="oc-2b9">
         <name>.common:pxOverflowTimerList</name>
         <uninitialized>true</uninitialized>
         <run_address>0x803a730</run_address>
         <size>0x4</size>
      </object_component>
      <object_component id="oc-259">
         <name>.common:sciTQ</name>
         <uninitialized>true</uninitialized>
         <run_address>0x803a714</run_address>
         <size>0x8</size>
      </object_component>
      <object_component id="oc-25a">
         <name>.common:sciRQ</name>
         <uninitialized>true</uninitialized>
         <run_address>0x803a70c</run_address>
         <size>0x8</size>
      </object_component>
      <object_component id="oc-258">
         <name>.common:sciM</name>
         <uninitialized>true</uninitialized>
         <run_address>0x803a704</run_address>
         <size>0x8</size>
      </object_component>
      <object_component id="oc-12c">
         <name>.data</name>
         <load_address>0x803a790</load_address>
         <run_address>0x803a790</run_address>
         <size>0x8</size>
         <input_file_ref idref="fl-46"/>
      </object_component>
      <object_component id="oc-12f">
         <name>.data</name>
         <load_address>0x803a798</load_address>
         <run_address>0x803a798</run_address>
         <size>0x8</size>
         <input_file_ref idref="fl-3c"/>
      </object_component>
      <object_component id="oc-15d">
         <name>.data</name>
         <load_address>0x803a734</load_address>
         <run_address>0x803a734</run_address>
         <size>0x30</size>
         <input_file_ref idref="fl-10"/>
      </object_component>
      <object_component id="oc-2b3">
         <name>.data</name>
         <load_address>0x803a788</load_address>
         <run_address>0x803a788</run_address>
         <size>0x8</size>
         <input_file_ref idref="fl-11"/>
      </object_component>
      <object_component id="oc-306">
         <name>.data</name>
         <load_address>0x803a778</load_address>
         <run_address>0x803a778</run_address>
         <size>0x10</size>
         <input_file_ref idref="fl-25"/>
      </object_component>
      <object_component id="oc-35b">
         <name>.data</name>
         <load_address>0x803a764</load_address>
         <run_address>0x803a764</run_address>
         <size>0x14</size>
         <input_file_ref idref="fl-32"/>
      </object_component>
      <object_component id="oc-3f3">
         <name>.data</name>
         <load_address>0x803a7a0</load_address>
         <run_address>0x803a7a0</run_address>
         <size>0x4</size>
         <input_file_ref idref="fl-54"/>
      </object_component>
      <object_component id="oc-18">
         <name>.debug_info</name>
         <load_address>0x0</load_address>
         <run_address>0x0</run_address>
         <size>0x4f4</size>
         <input_file_ref idref="fl-20"/>
      </object_component>
      <object_component id="oc-1f">
         <name>.debug_info</name>
         <load_address>0x4f4</load_address>
         <run_address>0x4f4</run_address>
         <size>0x194</size>
         <input_file_ref idref="fl-38"/>
      </object_component>
      <object_component id="oc-25">
         <name>.debug_info</name>
         <load_address>0x688</load_address>
         <run_address>0x688</run_address>
         <size>0x16a</size>
         <input_file_ref idref="fl-3a"/>
      </object_component>
      <object_component id="oc-2c">
         <name>.debug_info</name>
         <load_address>0x7f2</load_address>
         <run_address>0x7f2</run_address>
         <size>0x18e</size>
         <input_file_ref idref="fl-39"/>
      </object_component>
      <object_component id="oc-30">
         <name>.debug_info</name>
         <load_address>0x980</load_address>
         <run_address>0x980</run_address>
         <size>0x1f0</size>
         <input_file_ref idref="fl-2"/>
      </object_component>
      <object_component id="oc-36">
         <name>.debug_info</name>
         <load_address>0xb70</load_address>
         <run_address>0xb70</run_address>
         <size>0x10b</size>
         <input_file_ref idref="fl-21"/>
      </object_component>
      <object_component id="oc-39">
         <name>.debug_info</name>
         <load_address>0xc7b</load_address>
         <run_address>0xc7b</run_address>
         <size>0x1dc</size>
         <input_file_ref idref="fl-4"/>
      </object_component>
      <object_component id="oc-3f">
         <name>.debug_info</name>
         <load_address>0xe57</load_address>
         <run_address>0xe57</run_address>
         <size>0x21e</size>
         <input_file_ref idref="fl-6"/>
      </object_component>
      <object_component id="oc-45">
         <name>.debug_info</name>
         <load_address>0x1075</load_address>
         <run_address>0x1075</run_address>
         <size>0x49b</size>
         <input_file_ref idref="fl-14"/>
      </object_component>
      <object_component id="oc-4b">
         <name>.debug_info</name>
         <load_address>0x1510</load_address>
         <run_address>0x1510</run_address>
         <size>0x483</size>
         <input_file_ref idref="fl-15"/>
      </object_component>
      <object_component id="oc-51">
         <name>.debug_info</name>
         <load_address>0x1993</load_address>
         <run_address>0x1993</run_address>
         <size>0x13e</size>
         <input_file_ref idref="fl-18"/>
      </object_component>
      <object_component id="oc-56">
         <name>.debug_info</name>
         <load_address>0x1ad1</load_address>
         <run_address>0x1ad1</run_address>
         <size>0x171</size>
         <input_file_ref idref="fl-1c"/>
      </object_component>
      <object_component id="oc-5d">
         <name>.debug_info</name>
         <load_address>0x1c42</load_address>
         <run_address>0x1c42</run_address>
         <size>0x4e3</size>
         <input_file_ref idref="fl-21"/>
      </object_component>
      <object_component id="oc-62">
         <name>.debug_info</name>
         <load_address>0x2125</load_address>
         <run_address>0x2125</run_address>
         <size>0x234</size>
         <input_file_ref idref="fl-21"/>
      </object_component>
      <object_component id="oc-68">
         <name>.debug_info</name>
         <load_address>0x2359</load_address>
         <run_address>0x2359</run_address>
         <size>0x939</size>
         <input_file_ref idref="fl-16"/>
      </object_component>
      <object_component id="oc-6d">
         <name>.debug_info</name>
         <load_address>0x2c92</load_address>
         <run_address>0x2c92</run_address>
         <size>0x7e8</size>
         <input_file_ref idref="fl-22"/>
      </object_component>
      <object_component id="oc-73">
         <name>.debug_info</name>
         <load_address>0x347a</load_address>
         <run_address>0x347a</run_address>
         <size>0x31b1</size>
         <input_file_ref idref="fl-1f"/>
      </object_component>
      <object_component id="oc-79">
         <name>.debug_info</name>
         <load_address>0x662b</load_address>
         <run_address>0x662b</run_address>
         <size>0xc82</size>
         <input_file_ref idref="fl-4"/>
      </object_component>
      <object_component id="oc-81">
         <name>.debug_info</name>
         <load_address>0x72ad</load_address>
         <run_address>0x72ad</run_address>
         <size>0x13d</size>
         <input_file_ref idref="fl-37"/>
      </object_component>
      <object_component id="oc-84">
         <name>.debug_info</name>
         <load_address>0x73ea</load_address>
         <run_address>0x73ea</run_address>
         <size>0x338</size>
         <input_file_ref idref="fl-19"/>
      </object_component>
      <object_component id="oc-8a">
         <name>.debug_info</name>
         <load_address>0x7722</load_address>
         <run_address>0x7722</run_address>
         <size>0x1c2</size>
         <input_file_ref idref="fl-3c"/>
      </object_component>
      <object_component id="oc-91">
         <name>.debug_info</name>
         <load_address>0x78e4</load_address>
         <run_address>0x78e4</run_address>
         <size>0xcc</size>
         <input_file_ref idref="fl-3f"/>
      </object_component>
      <object_component id="oc-96">
         <name>.debug_info</name>
         <load_address>0x79b0</load_address>
         <run_address>0x79b0</run_address>
         <size>0x46</size>
         <input_file_ref idref="fl-38"/>
      </object_component>
      <object_component id="oc-9b">
         <name>.debug_info</name>
         <load_address>0x79f6</load_address>
         <run_address>0x79f6</run_address>
         <size>0xf2</size>
         <input_file_ref idref="fl-38"/>
      </object_component>
      <object_component id="oc-9d">
         <name>.debug_info</name>
         <load_address>0x7ae8</load_address>
         <run_address>0x7ae8</run_address>
         <size>0x46</size>
         <input_file_ref idref="fl-3a"/>
      </object_component>
      <object_component id="oc-a2">
         <name>.debug_info</name>
         <load_address>0x7b2e</load_address>
         <run_address>0x7b2e</run_address>
         <size>0xad</size>
         <input_file_ref idref="fl-3a"/>
      </object_component>
      <object_component id="oc-a5">
         <name>.debug_info</name>
         <load_address>0x7bdb</load_address>
         <run_address>0x7bdb</run_address>
         <size>0x1ef</size>
         <input_file_ref idref="fl-39"/>
      </object_component>
      <object_component id="oc-aa">
         <name>.debug_info</name>
         <load_address>0x7dca</load_address>
         <run_address>0x7dca</run_address>
         <size>0xb7</size>
         <input_file_ref idref="fl-39"/>
      </object_component>
      <object_component id="oc-ab">
         <name>.debug_info</name>
         <load_address>0x7e81</load_address>
         <run_address>0x7e81</run_address>
         <size>0x39</size>
         <input_file_ref idref="fl-39"/>
      </object_component>
      <object_component id="oc-b1">
         <name>.debug_info</name>
         <load_address>0x7eba</load_address>
         <run_address>0x7eba</run_address>
         <size>0xc98</size>
         <input_file_ref idref="fl-7"/>
      </object_component>
      <object_component id="oc-b7">
         <name>.debug_info</name>
         <load_address>0x8b52</load_address>
         <run_address>0x8b52</run_address>
         <size>0xae</size>
         <input_file_ref idref="fl-2"/>
      </object_component>
      <object_component id="oc-bd">
         <name>.debug_info</name>
         <load_address>0x8c00</load_address>
         <run_address>0x8c00</run_address>
         <size>0x59e</size>
         <input_file_ref idref="fl-e"/>
      </object_component>
      <object_component id="oc-c3">
         <name>.debug_info</name>
         <load_address>0x919e</load_address>
         <run_address>0x919e</run_address>
         <size>0x44e</size>
         <input_file_ref idref="fl-21"/>
      </object_component>
      <object_component id="oc-c6">
         <name>.debug_info</name>
         <load_address>0x95ec</load_address>
         <run_address>0x95ec</run_address>
         <size>0x1460</size>
         <input_file_ref idref="fl-6"/>
      </object_component>
      <object_component id="oc-cc">
         <name>.debug_info</name>
         <load_address>0xaa4c</load_address>
         <run_address>0xaa4c</run_address>
         <size>0x479</size>
         <input_file_ref idref="fl-6"/>
      </object_component>
      <object_component id="oc-d1">
         <name>.debug_info</name>
         <load_address>0xaec5</load_address>
         <run_address>0xaec5</run_address>
         <size>0x277e</size>
         <input_file_ref idref="fl-f"/>
      </object_component>
      <object_component id="oc-d7">
         <name>.debug_info</name>
         <load_address>0xd643</load_address>
         <run_address>0xd643</run_address>
         <size>0x536</size>
         <input_file_ref idref="fl-14"/>
      </object_component>
      <object_component id="oc-de">
         <name>.debug_info</name>
         <load_address>0xdb79</load_address>
         <run_address>0xdb79</run_address>
         <size>0x10d</size>
         <input_file_ref idref="fl-15"/>
      </object_component>
      <object_component id="oc-e1">
         <name>.debug_info</name>
         <load_address>0xdc86</load_address>
         <run_address>0xdc86</run_address>
         <size>0x1b7</size>
         <input_file_ref idref="fl-15"/>
      </object_component>
      <object_component id="oc-e2">
         <name>.debug_info</name>
         <load_address>0xde3d</load_address>
         <run_address>0xde3d</run_address>
         <size>0x375</size>
         <input_file_ref idref="fl-7"/>
      </object_component>
      <object_component id="oc-e8">
         <name>.debug_info</name>
         <load_address>0xe1b2</load_address>
         <run_address>0xe1b2</run_address>
         <size>0x136</size>
         <input_file_ref idref="fl-3"/>
      </object_component>
      <object_component id="oc-ef">
         <name>.debug_info</name>
         <load_address>0xe2e8</load_address>
         <run_address>0xe2e8</run_address>
         <size>0x18c</size>
         <input_file_ref idref="fl-2"/>
      </object_component>
      <object_component id="oc-f4">
         <name>.debug_info</name>
         <load_address>0xe474</load_address>
         <run_address>0xe474</run_address>
         <size>0x86</size>
         <input_file_ref idref="fl-2"/>
      </object_component>
      <object_component id="oc-fc">
         <name>.debug_info</name>
         <load_address>0xe4fa</load_address>
         <run_address>0xe4fa</run_address>
         <size>0x228</size>
         <input_file_ref idref="fl-12"/>
      </object_component>
      <object_component id="oc-102">
         <name>.debug_info</name>
         <load_address>0xe722</load_address>
         <run_address>0xe722</run_address>
         <size>0x38a</size>
         <input_file_ref idref="fl-22"/>
      </object_component>
      <object_component id="oc-104">
         <name>.debug_info</name>
         <load_address>0xeaac</load_address>
         <run_address>0xeaac</run_address>
         <size>0x3fe</size>
         <input_file_ref idref="fl-1e"/>
      </object_component>
      <object_component id="oc-109">
         <name>.debug_info</name>
         <load_address>0xeeaa</load_address>
         <run_address>0xeeaa</run_address>
         <size>0x4dd</size>
         <input_file_ref idref="fl-1f"/>
      </object_component>
      <object_component id="oc-10b">
         <name>.debug_info</name>
         <load_address>0xf387</load_address>
         <run_address>0xf387</run_address>
         <size>0x129</size>
         <input_file_ref idref="fl-4"/>
      </object_component>
      <object_component id="oc-110">
         <name>.debug_info</name>
         <load_address>0xf4b0</load_address>
         <run_address>0xf4b0</run_address>
         <size>0x197</size>
         <input_file_ref idref="fl-4"/>
      </object_component>
      <object_component id="oc-115">
         <name>.debug_info</name>
         <load_address>0xf647</load_address>
         <run_address>0xf647</run_address>
         <size>0x14b</size>
         <input_file_ref idref="fl-3b"/>
      </object_component>
      <object_component id="oc-119">
         <name>.debug_info</name>
         <load_address>0xf792</load_address>
         <run_address>0xf792</run_address>
         <size>0x132b</size>
         <input_file_ref idref="fl-14"/>
      </object_component>
      <object_component id="oc-11f">
         <name>.debug_info</name>
         <load_address>0x10abd</load_address>
         <run_address>0x10abd</run_address>
         <size>0x38a</size>
         <input_file_ref idref="fl-26"/>
      </object_component>
      <object_component id="oc-125">
         <name>.debug_info</name>
         <load_address>0x10e47</load_address>
         <run_address>0x10e47</run_address>
         <size>0x391c</size>
         <input_file_ref idref="fl-10"/>
      </object_component>
      <object_component id="oc-12b">
         <name>.debug_info</name>
         <load_address>0x14763</load_address>
         <run_address>0x14763</run_address>
         <size>0x232</size>
         <input_file_ref idref="fl-19"/>
      </object_component>
      <object_component id="oc-12d">
         <name>.debug_info</name>
         <load_address>0x14995</load_address>
         <run_address>0x14995</run_address>
         <size>0xc8</size>
         <input_file_ref idref="fl-46"/>
      </object_component>
      <object_component id="oc-130">
         <name>.debug_info</name>
         <load_address>0x14a5d</load_address>
         <run_address>0x14a5d</run_address>
         <size>0xeb</size>
         <input_file_ref idref="fl-3c"/>
      </object_component>
      <object_component id="oc-133">
         <name>.debug_info</name>
         <load_address>0x14b48</load_address>
         <run_address>0x14b48</run_address>
         <size>0x84</size>
         <input_file_ref idref="fl-2"/>
      </object_component>
      <object_component id="oc-138">
         <name>.debug_info</name>
         <load_address>0x14bcc</load_address>
         <run_address>0x14bcc</run_address>
         <size>0x146</size>
         <input_file_ref idref="fl-3c"/>
      </object_component>
      <object_component id="oc-13b">
         <name>.debug_info</name>
         <load_address>0x14d12</load_address>
         <run_address>0x14d12</run_address>
         <size>0x2c</size>
         <input_file_ref idref="fl-38"/>
      </object_component>
      <object_component id="oc-142">
         <name>.debug_info</name>
         <load_address>0x14d3e</load_address>
         <run_address>0x14d3e</run_address>
         <size>0x2c</size>
         <input_file_ref idref="fl-7"/>
      </object_component>
      <object_component id="oc-14d">
         <name>.debug_info</name>
         <load_address>0x14d6a</load_address>
         <run_address>0x14d6a</run_address>
         <size>0x358</size>
         <input_file_ref idref="fl-7"/>
      </object_component>
      <object_component id="oc-14e">
         <name>.debug_info</name>
         <load_address>0x150c2</load_address>
         <run_address>0x150c2</run_address>
         <size>0x65a</size>
         <input_file_ref idref="fl-7"/>
      </object_component>
      <object_component id="oc-153">
         <name>.debug_info</name>
         <load_address>0x1571c</load_address>
         <run_address>0x1571c</run_address>
         <size>0x18b</size>
         <input_file_ref idref="fl-2"/>
      </object_component>
      <object_component id="oc-158">
         <name>.debug_info</name>
         <load_address>0x158a7</load_address>
         <run_address>0x158a7</run_address>
         <size>0x2c</size>
         <input_file_ref idref="fl-2"/>
      </object_component>
      <object_component id="oc-15e">
         <name>.debug_info</name>
         <load_address>0x158d3</load_address>
         <run_address>0x158d3</run_address>
         <size>0x31d</size>
         <input_file_ref idref="fl-10"/>
      </object_component>
      <object_component id="oc-161">
         <name>.debug_info</name>
         <load_address>0x15bf0</load_address>
         <run_address>0x15bf0</run_address>
         <size>0x151</size>
         <input_file_ref idref="fl-d"/>
      </object_component>
      <object_component id="oc-166">
         <name>.debug_info</name>
         <load_address>0x15d41</load_address>
         <run_address>0x15d41</run_address>
         <size>0x1f2</size>
         <input_file_ref idref="fl-4"/>
      </object_component>
      <object_component id="oc-16b">
         <name>.debug_info</name>
         <load_address>0x15f33</load_address>
         <run_address>0x15f33</run_address>
         <size>0x435</size>
         <input_file_ref idref="fl-7"/>
      </object_component>
      <object_component id="oc-170">
         <name>.debug_info</name>
         <load_address>0x16368</load_address>
         <run_address>0x16368</run_address>
         <size>0x1d1</size>
         <input_file_ref idref="fl-5"/>
      </object_component>
      <object_component id="oc-175">
         <name>.debug_info</name>
         <load_address>0x16539</load_address>
         <run_address>0x16539</run_address>
         <size>0x6a6</size>
         <input_file_ref idref="fl-7"/>
      </object_component>
      <object_component id="oc-17a">
         <name>.debug_info</name>
         <load_address>0x16bdf</load_address>
         <run_address>0x16bdf</run_address>
         <size>0x13e</size>
         <input_file_ref idref="fl-7"/>
      </object_component>
      <object_component id="oc-17f">
         <name>.debug_info</name>
         <load_address>0x16d1d</load_address>
         <run_address>0x16d1d</run_address>
         <size>0x2cf</size>
         <input_file_ref idref="fl-2"/>
      </object_component>
      <object_component id="oc-184">
         <name>.debug_info</name>
         <load_address>0x16fec</load_address>
         <run_address>0x16fec</run_address>
         <size>0x4f</size>
         <input_file_ref idref="fl-21"/>
      </object_component>
      <object_component id="oc-18a">
         <name>.debug_info</name>
         <load_address>0x1703b</load_address>
         <run_address>0x1703b</run_address>
         <size>0x2763</size>
         <input_file_ref idref="fl-c"/>
      </object_component>
      <object_component id="oc-190">
         <name>.debug_info</name>
         <load_address>0x1979e</load_address>
         <run_address>0x1979e</run_address>
         <size>0x14d6</size>
         <input_file_ref idref="fl-9"/>
      </object_component>
      <object_component id="oc-196">
         <name>.debug_info</name>
         <load_address>0x1ac74</load_address>
         <run_address>0x1ac74</run_address>
         <size>0x1bbf</size>
         <input_file_ref idref="fl-11"/>
      </object_component>
      <object_component id="oc-1a1">
         <name>.debug_info</name>
         <load_address>0x1c833</load_address>
         <run_address>0x1c833</run_address>
         <size>0xe1</size>
         <input_file_ref idref="fl-6"/>
      </object_component>
      <object_component id="oc-1a6">
         <name>.debug_info</name>
         <load_address>0x1c914</load_address>
         <run_address>0x1c914</run_address>
         <size>0x39</size>
         <input_file_ref idref="fl-6"/>
      </object_component>
      <object_component id="oc-1ad">
         <name>.debug_info</name>
         <load_address>0x1c94d</load_address>
         <run_address>0x1c94d</run_address>
         <size>0x46</size>
         <input_file_ref idref="fl-6"/>
      </object_component>
      <object_component id="oc-1b2">
         <name>.debug_info</name>
         <load_address>0x1c993</load_address>
         <run_address>0x1c993</run_address>
         <size>0x2e2</size>
         <input_file_ref idref="fl-6"/>
      </object_component>
      <object_component id="oc-1b7">
         <name>.debug_info</name>
         <load_address>0x1cc75</load_address>
         <run_address>0x1cc75</run_address>
         <size>0x34f</size>
         <input_file_ref idref="fl-6"/>
      </object_component>
      <object_component id="oc-1bc">
         <name>.debug_info</name>
         <load_address>0x1cfc4</load_address>
         <run_address>0x1cfc4</run_address>
         <size>0x14c</size>
         <input_file_ref idref="fl-6"/>
      </object_component>
      <object_component id="oc-1c1">
         <name>.debug_info</name>
         <load_address>0x1d110</load_address>
         <run_address>0x1d110</run_address>
         <size>0x2ab</size>
         <input_file_ref idref="fl-6"/>
      </object_component>
      <object_component id="oc-1c6">
         <name>.debug_info</name>
         <load_address>0x1d3bb</load_address>
         <run_address>0x1d3bb</run_address>
         <size>0x2c</size>
         <input_file_ref idref="fl-6"/>
      </object_component>
      <object_component id="oc-1cb">
         <name>.debug_info</name>
         <load_address>0x1d3e7</load_address>
         <run_address>0x1d3e7</run_address>
         <size>0x69</size>
         <input_file_ref idref="fl-6"/>
      </object_component>
      <object_component id="oc-1d0">
         <name>.debug_info</name>
         <load_address>0x1d450</load_address>
         <run_address>0x1d450</run_address>
         <size>0x46</size>
         <input_file_ref idref="fl-6"/>
      </object_component>
      <object_component id="oc-1d6">
         <name>.debug_info</name>
         <load_address>0x1d496</load_address>
         <run_address>0x1d496</run_address>
         <size>0x527</size>
         <input_file_ref idref="fl-b"/>
      </object_component>
      <object_component id="oc-1dc">
         <name>.debug_info</name>
         <load_address>0x1d9bd</load_address>
         <run_address>0x1d9bd</run_address>
         <size>0x7d0</size>
         <input_file_ref idref="fl-a"/>
      </object_component>
      <object_component id="oc-1e2">
         <name>.debug_info</name>
         <load_address>0x1e18d</load_address>
         <run_address>0x1e18d</run_address>
         <size>0x661</size>
         <input_file_ref idref="fl-f"/>
      </object_component>
      <object_component id="oc-1e3">
         <name>.debug_info</name>
         <load_address>0x1e7ee</load_address>
         <run_address>0x1e7ee</run_address>
         <size>0x110</size>
         <input_file_ref idref="fl-9"/>
      </object_component>
      <object_component id="oc-1ea">
         <name>.debug_info</name>
         <load_address>0x1e8fe</load_address>
         <run_address>0x1e8fe</run_address>
         <size>0x91</size>
         <input_file_ref idref="fl-14"/>
      </object_component>
      <object_component id="oc-1ef">
         <name>.debug_info</name>
         <load_address>0x1e98f</load_address>
         <run_address>0x1e98f</run_address>
         <size>0x243</size>
         <input_file_ref idref="fl-7"/>
      </object_component>
      <object_component id="oc-1f4">
         <name>.debug_info</name>
         <load_address>0x1ebd2</load_address>
         <run_address>0x1ebd2</run_address>
         <size>0x18e</size>
         <input_file_ref idref="fl-7"/>
      </object_component>
      <object_component id="oc-1fd">
         <name>.debug_info</name>
         <load_address>0x1ed60</load_address>
         <run_address>0x1ed60</run_address>
         <size>0xb9</size>
         <input_file_ref idref="fl-15"/>
      </object_component>
      <object_component id="oc-202">
         <name>.debug_info</name>
         <load_address>0x1ee19</load_address>
         <run_address>0x1ee19</run_address>
         <size>0x26c</size>
         <input_file_ref idref="fl-7"/>
      </object_component>
      <object_component id="oc-208">
         <name>.debug_info</name>
         <load_address>0x1f085</load_address>
         <run_address>0x1f085</run_address>
         <size>0x243</size>
         <input_file_ref idref="fl-2"/>
      </object_component>
      <object_component id="oc-20a">
         <name>.debug_info</name>
         <load_address>0x1f2c8</load_address>
         <run_address>0x1f2c8</run_address>
         <size>0x14d</size>
         <input_file_ref idref="fl-12"/>
      </object_component>
      <object_component id="oc-20d">
         <name>.debug_info</name>
         <load_address>0x1f415</load_address>
         <run_address>0x1f415</run_address>
         <size>0x60e</size>
         <input_file_ref idref="fl-7"/>
      </object_component>
      <object_component id="oc-212">
         <name>.debug_info</name>
         <load_address>0x1fa23</load_address>
         <run_address>0x1fa23</run_address>
         <size>0x4de</size>
         <input_file_ref idref="fl-7"/>
      </object_component>
      <object_component id="oc-217">
         <name>.debug_info</name>
         <load_address>0x1ff01</load_address>
         <run_address>0x1ff01</run_address>
         <size>0x3ce</size>
         <input_file_ref idref="fl-7"/>
      </object_component>
      <object_component id="oc-21c">
         <name>.debug_info</name>
         <load_address>0x202cf</load_address>
         <run_address>0x202cf</run_address>
         <size>0x437</size>
         <input_file_ref idref="fl-2"/>
      </object_component>
      <object_component id="oc-221">
         <name>.debug_info</name>
         <load_address>0x20706</load_address>
         <run_address>0x20706</run_address>
         <size>0x1ca</size>
         <input_file_ref idref="fl-7"/>
      </object_component>
      <object_component id="oc-226">
         <name>.debug_info</name>
         <load_address>0x208d0</load_address>
         <run_address>0x208d0</run_address>
         <size>0x3d3</size>
         <input_file_ref idref="fl-7"/>
      </object_component>
      <object_component id="oc-22b">
         <name>.debug_info</name>
         <load_address>0x20ca3</load_address>
         <run_address>0x20ca3</run_address>
         <size>0x3a4</size>
         <input_file_ref idref="fl-12"/>
      </object_component>
      <object_component id="oc-230">
         <name>.debug_info</name>
         <load_address>0x21047</load_address>
         <run_address>0x21047</run_address>
         <size>0x1de</size>
         <input_file_ref idref="fl-7"/>
      </object_component>
      <object_component id="oc-235">
         <name>.debug_info</name>
         <load_address>0x21225</load_address>
         <run_address>0x21225</run_address>
         <size>0x2af</size>
         <input_file_ref idref="fl-1b"/>
      </object_component>
      <object_component id="oc-23a">
         <name>.debug_info</name>
         <load_address>0x214d4</load_address>
         <run_address>0x214d4</run_address>
         <size>0x530</size>
         <input_file_ref idref="fl-7"/>
      </object_component>
      <object_component id="oc-23f">
         <name>.debug_info</name>
         <load_address>0x21a04</load_address>
         <run_address>0x21a04</run_address>
         <size>0x17a</size>
         <input_file_ref idref="fl-7"/>
      </object_component>
      <object_component id="oc-247">
         <name>.debug_info</name>
         <load_address>0x21b7e</load_address>
         <run_address>0x21b7e</run_address>
         <size>0x37b</size>
         <input_file_ref idref="fl-7"/>
      </object_component>
      <object_component id="oc-24f">
         <name>.debug_info</name>
         <load_address>0x21ef9</load_address>
         <run_address>0x21ef9</run_address>
         <size>0x148</size>
         <input_file_ref idref="fl-3b"/>
      </object_component>
      <object_component id="oc-251">
         <name>.debug_info</name>
         <load_address>0x22041</load_address>
         <run_address>0x22041</run_address>
         <size>0x111</size>
         <input_file_ref idref="fl-14"/>
      </object_component>
      <object_component id="oc-25d">
         <name>.debug_info</name>
         <load_address>0x22152</load_address>
         <run_address>0x22152</run_address>
         <size>0x540</size>
         <input_file_ref idref="fl-25"/>
      </object_component>
      <object_component id="oc-263">
         <name>.debug_info</name>
         <load_address>0x22692</load_address>
         <run_address>0x22692</run_address>
         <size>0x11c</size>
         <input_file_ref idref="fl-26"/>
      </object_component>
      <object_component id="oc-266">
         <name>.debug_info</name>
         <load_address>0x227ae</load_address>
         <run_address>0x227ae</run_address>
         <size>0x32d</size>
         <input_file_ref idref="fl-26"/>
      </object_component>
      <object_component id="oc-269">
         <name>.debug_info</name>
         <load_address>0x22adb</load_address>
         <run_address>0x22adb</run_address>
         <size>0x8df</size>
         <input_file_ref idref="fl-d"/>
      </object_component>
      <object_component id="oc-26f">
         <name>.debug_info</name>
         <load_address>0x233ba</load_address>
         <run_address>0x233ba</run_address>
         <size>0x11a</size>
         <input_file_ref idref="fl-10"/>
      </object_component>
      <object_component id="oc-272">
         <name>.debug_info</name>
         <load_address>0x234d4</load_address>
         <run_address>0x234d4</run_address>
         <size>0x1a0</size>
         <input_file_ref idref="fl-3e"/>
      </object_component>
      <object_component id="oc-278">
         <name>.debug_info</name>
         <load_address>0x23674</load_address>
         <run_address>0x23674</run_address>
         <size>0x83f</size>
         <input_file_ref idref="fl-10"/>
      </object_component>
      <object_component id="oc-27e">
         <name>.debug_info</name>
         <load_address>0x23eb3</load_address>
         <run_address>0x23eb3</run_address>
         <size>0xfc</size>
         <input_file_ref idref="fl-40"/>
      </object_component>
      <object_component id="oc-289">
         <name>.debug_info</name>
         <load_address>0x23faf</load_address>
         <run_address>0x23faf</run_address>
         <size>0x2c</size>
         <input_file_ref idref="fl-6"/>
      </object_component>
      <object_component id="oc-291">
         <name>.debug_info</name>
         <load_address>0x23fdb</load_address>
         <run_address>0x23fdb</run_address>
         <size>0x1d4</size>
         <input_file_ref idref="fl-46"/>
      </object_component>
      <object_component id="oc-298">
         <name>.debug_info</name>
         <load_address>0x241af</load_address>
         <run_address>0x241af</run_address>
         <size>0xd9</size>
         <input_file_ref idref="fl-46"/>
      </object_component>
      <object_component id="oc-2a0">
         <name>.debug_info</name>
         <load_address>0x24288</load_address>
         <run_address>0x24288</run_address>
         <size>0x7cd</size>
         <input_file_ref idref="fl-7"/>
      </object_component>
      <object_component id="oc-2a9">
         <name>.debug_info</name>
         <load_address>0x24a55</load_address>
         <run_address>0x24a55</run_address>
         <size>0x11a</size>
         <input_file_ref idref="fl-5"/>
      </object_component>
      <object_component id="oc-2ab">
         <name>.debug_info</name>
         <load_address>0x24b6f</load_address>
         <run_address>0x24b6f</run_address>
         <size>0x893</size>
         <input_file_ref idref="fl-c"/>
      </object_component>
      <object_component id="oc-2ac">
         <name>.debug_info</name>
         <load_address>0x25402</load_address>
         <run_address>0x25402</run_address>
         <size>0x46</size>
         <input_file_ref idref="fl-6"/>
      </object_component>
      <object_component id="oc-2b2">
         <name>.debug_info</name>
         <load_address>0x25448</load_address>
         <run_address>0x25448</run_address>
         <size>0x47f</size>
         <input_file_ref idref="fl-9"/>
      </object_component>
      <object_component id="oc-2b4">
         <name>.debug_info</name>
         <load_address>0x258c7</load_address>
         <run_address>0x258c7</run_address>
         <size>0x10e</size>
         <input_file_ref idref="fl-11"/>
      </object_component>
      <object_component id="oc-2b7">
         <name>.debug_info</name>
         <load_address>0x259d5</load_address>
         <run_address>0x259d5</run_address>
         <size>0x73d</size>
         <input_file_ref idref="fl-11"/>
      </object_component>
      <object_component id="oc-2bd">
         <name>.debug_info</name>
         <load_address>0x26112</load_address>
         <run_address>0x26112</run_address>
         <size>0x1ce</size>
         <input_file_ref idref="fl-11"/>
      </object_component>
      <object_component id="oc-2c3">
         <name>.debug_info</name>
         <load_address>0x262e0</load_address>
         <run_address>0x262e0</run_address>
         <size>0x162</size>
         <input_file_ref idref="fl-b"/>
      </object_component>
      <object_component id="oc-2c5">
         <name>.debug_info</name>
         <load_address>0x26442</load_address>
         <run_address>0x26442</run_address>
         <size>0x1e5</size>
         <input_file_ref idref="fl-a"/>
      </object_component>
      <object_component id="oc-2c8">
         <name>.debug_info</name>
         <load_address>0x26627</load_address>
         <run_address>0x26627</run_address>
         <size>0x103</size>
         <input_file_ref idref="fl-a"/>
      </object_component>
      <object_component id="oc-2cb">
         <name>.debug_info</name>
         <load_address>0x2672a</load_address>
         <run_address>0x2672a</run_address>
         <size>0x103</size>
         <input_file_ref idref="fl-a"/>
      </object_component>
      <object_component id="oc-2ce">
         <name>.debug_info</name>
         <load_address>0x2682d</load_address>
         <run_address>0x2682d</run_address>
         <size>0x26f</size>
         <input_file_ref idref="fl-a"/>
      </object_component>
      <object_component id="oc-2d1">
         <name>.debug_info</name>
         <load_address>0x26a9c</load_address>
         <run_address>0x26a9c</run_address>
         <size>0x155</size>
         <input_file_ref idref="fl-f"/>
      </object_component>
      <object_component id="oc-2d8">
         <name>.debug_info</name>
         <load_address>0x26bf1</load_address>
         <run_address>0x26bf1</run_address>
         <size>0x15f</size>
         <input_file_ref idref="fl-2"/>
      </object_component>
      <object_component id="oc-2df">
         <name>.debug_info</name>
         <load_address>0x26d50</load_address>
         <run_address>0x26d50</run_address>
         <size>0x2c7</size>
         <input_file_ref idref="fl-12"/>
      </object_component>
      <object_component id="oc-2e4">
         <name>.debug_info</name>
         <load_address>0x27017</load_address>
         <run_address>0x27017</run_address>
         <size>0x120</size>
         <input_file_ref idref="fl-1b"/>
      </object_component>
      <object_component id="oc-2e7">
         <name>.debug_info</name>
         <load_address>0x27137</load_address>
         <run_address>0x27137</run_address>
         <size>0xcd</size>
         <input_file_ref idref="fl-3b"/>
[...]
      <symbol id="sm-a95">
         <name>can1ParityCheck</name>
         <value>0x93f0</value>
         <object_component_ref idref="oc-72"/>
      </symbol>
      <symbol id="sm-a96">
         <name>enableParity</name>
         <value>0xaac0</value>
         <object_component_ref idref="oc-72"/>
      </symbol>
      <symbol id="sm-a97">
         <name>dmaParityCheck</name>
         <value>0x8e8c</value>
         <object_component_ref idref="oc-72"/>
      </symbol>
      <symbol id="sm-a98">
         <name>custom_dabort</name>
         <value>0x8dd4</value>
         <object_component_ref idref="oc-72"/>
      </symbol>
      <symbol id="sm-a99">
         <name>memoryInit</name>
         <value>0x8174</value>
         <object_component_ref idref="oc-72"/>
      </symbol>
      <symbol id="sm-a9a">
         <name>stcSelfCheck</name>
         <value>0x81b8</value>
         <object_component_ref idref="oc-72"/>
      </symbol>
      <symbol id="sm-a9b">
         <name>efcGetConfigValue</name>
         <value>0xa654</value>
         <object_component_ref idref="oc-72"/>
      </symbol>
      <symbol id="sm-a9c">
         <name>can2ParityCheck</name>
         <value>0x94c8</value>
         <object_component_ref idref="oc-72"/>
      </symbol>
      <symbol id="sm-a9d">
         <name>het1ParityCheck</name>
         <value>0x8f38</value>
         <object_component_ref idref="oc-72"/>
      </symbol>
      <symbol id="sm-a9e">
         <name>adc1ParityCheck</name>
         <value>0x924c</value>
         <object_component_ref idref="oc-72"/>
      </symbol>
      <symbol id="sm-a9f">
         <name>checkefcSelfTest</name>
         <value>0x879c</value>
         <object_component_ref idref="oc-72"/>
      </symbol>
      <symbol id="sm-aa0">
         <name>checkRAMECC</name>
         <value>0x99b0</value>
         <object_component_ref idref="oc-72"/>
      </symbol>
      <symbol id="sm-aa1">
         <name>stcSelfCheckFail</name>
         <value>0x8dd8</value>
         <object_component_ref idref="oc-72"/>
      </symbol>
      <symbol id="sm-aa2">
         <name>ccmSelfCheck</name>
         <value>0x8030</value>
         <object_component_ref idref="oc-72"/>
      </symbol>
      <symbol id="sm-aa3">
         <name>efcCheck</name>
         <value>0x8640</value>
         <object_component_ref idref="oc-72"/>
      </symbol>
      <symbol id="sm-aa4">
         <name>het2ParityCheck</name>
         <value>0x90a0</value>
         <object_component_ref idref="oc-72"/>
      </symbol>
      <symbol id="sm-aa5">
         <name>adc2ParityCheck</name>
         <value>0x9314</value>
         <object_component_ref idref="oc-72"/>
      </symbol>
      <symbol id="sm-aa6">
         <name>cpuSelfTest</name>
         <value>0x8234</value>
         <object_component_ref idref="oc-72"/>
      </symbol>
      <symbol id="sm-aa7">
         <name>htu1ParityCheck</name>
         <value>0x8fe4</value>
         <object_component_ref idref="oc-72"/>
      </symbol>
      <symbol id="sm-aa8">
         <name>checkFlashECC</name>
         <value>0x8cf8</value>
         <object_component_ref idref="oc-72"/>
      </symbol>
      <symbol id="sm-aa9">
         <name>cpuSelfTestFail</name>
         <value>0x8ddc</value>
         <object_component_ref idref="oc-72"/>
      </symbol>
      <symbol id="sm-aaa">
         <name>checkPLL1Slip</name>
         <value>0x9e6c</value>
         <object_component_ref idref="oc-72"/>
      </symbol>
      <symbol id="sm-aab">
         <name>mibspi1ParityCheck</name>
         <value>0x9664</value>
         <object_component_ref idref="oc-72"/>
      </symbol>
      <symbol id="sm-aac">
         <name>ccmr4GetConfigValue</name>
         <value>0xa6ec</value>
         <object_component_ref idref="oc-72"/>
      </symbol>
      <symbol id="sm-aad">
         <name>htu2ParityCheck</name>
         <value>0x919c</value>
         <object_component_ref idref="oc-72"/>
      </symbol>
      <symbol id="sm-aae">
         <name>pbistPortTestStatus</name>
         <value>0x85f8</value>
         <object_component_ref idref="oc-72"/>
      </symbol>
      <symbol id="sm-aaf">
         <name>checkFlashEEPROMECC</name>
         <value>0x9cd4</value>
         <object_component_ref idref="oc-72"/>
      </symbol>
      <symbol id="sm-ab0">
         <name>pbistGetConfigValue</name>
         <value>0xa460</value>
         <object_component_ref idref="oc-72"/>
      </symbol>
      <symbol id="sm-ab1">
         <name>vimParityCheck</name>
         <value>0x8de0</value>
         <object_component_ref idref="oc-72"/>
      </symbol>
      <symbol id="sm-ab2">
         <name>pbistIsTestCompleted</name>
         <value>0x85a8</value>
         <object_component_ref idref="oc-72"/>
      </symbol>
      <symbol id="sm-ab3">
         <name>disableParity</name>
         <value>0xaae8</value>
         <object_component_ref idref="oc-72"/>
      </symbol>
      <symbol id="sm-ab4">
         <name>pbistRun</name>
         <value>0x84ac</value>
         <object_component_ref idref="oc-72"/>
      </symbol>
      <symbol id="sm-ab5">
         <name>pbistFail</name>
         <value>0xa3e0</value>
         <object_component_ref idref="oc-72"/>
      </symbol>
      <symbol id="sm-ab6">
         <name>selftestFailNotification</name>
         <value>0x8020</value>
         <object_component_ref idref="oc-72"/>
      </symbol>
      <symbol id="sm-ab7">
         <name>errata_PBIST_4</name>
         <value>0xa75c</value>
         <object_component_ref idref="oc-72"/>
      </symbol>
      <symbol id="sm-ab8">
         <name>mibspi3ParityCheck</name>
         <value>0x976c</value>
         <object_component_ref idref="oc-72"/>
      </symbol>
      <symbol id="sm-ab9">
         <name>efcSelfTest</name>
         <value>0x8774</value>
         <object_component_ref idref="oc-72"/>
      </symbol>
      <symbol id="sm-aba">
         <name>checkB1RAMECC</name>
         <value>0x8b08</value>
         <object_component_ref idref="oc-72"/>
      </symbol>
      <symbol id="sm-abb">
         <name>pbistStop</name>
         <value>0x8578</value>
         <object_component_ref idref="oc-72"/>
      </symbol>
      <symbol id="sm-abc">
         <name>can3ParityCheck</name>
         <value>0x9590</value>
         <object_component_ref idref="oc-72"/>
      </symbol>
      <symbol id="sm-abd">
         <name>checkRAMAddrParity</name>
         <value>0xa030</value>
         <object_component_ref idref="oc-72"/>
      </symbol>
      <symbol id="sm-abe">
         <name>mibspi5ParityCheck</name>
         <value>0x9890</value>
         <object_component_ref idref="oc-72"/>
      </symbol>
      <symbol id="sm-abf">
         <name>checkB0RAMECC</name>
         <value>0x8918</value>
         <object_component_ref idref="oc-72"/>
      </symbol>
      <symbol id="sm-ac0">
         <name>stcGetConfigValue</name>
         <value>0xa5ac</value>
         <object_component_ref idref="oc-72"/>
      </symbol>
      <symbol id="sm-ac1">
         <name>pbistIsTestPassed</name>
         <value>0x85c4</value>
         <object_component_ref idref="oc-72"/>
      </symbol>
      <symbol id="sm-ac2">
         <name>checkClockMonitor</name>
         <value>0x9bf8</value>
         <object_component_ref idref="oc-72"/>
      </symbol>
      <symbol id="sm-ac3">
         <name>fmcECCcheck</name>
         <value>0x8878</value>
         <object_component_ref idref="oc-72"/>
      </symbol>
      <symbol id="sm-ac4">
         <name>fmcBus2Check</name>
         <value>0x883c</value>
         <object_component_ref idref="oc-72"/>
      </symbol>
      <symbol id="sm-ac5">
         <name>checkRAMUERRTest</name>
         <value>0xa150</value>
         <object_component_ref idref="oc-72"/>
      </symbol>
      <symbol id="sm-ac6">
         <name>efcStuckZeroTest</name>
         <value>0x86c8</value>
         <object_component_ref idref="oc-72"/>
      </symbol>
      <symbol id="sm-ac7">
         <name>checkPLL2Slip</name>
         <value>0x9f6c</value>
         <object_component_ref idref="oc-72"/>
      </symbol>
      <symbol id="sm-ae9">
         <name>_c_int00</name>
         <value>0x152b4</value>
         <object_component_ref idref="oc-17"/>
      </symbol>
      <symbol id="sm-b81">
         <name>vimChannelMap</name>
         <value>0x11998</value>
         <object_component_ref idref="oc-5c"/>
      </symbol>
      <symbol id="sm-b82">
         <name>vimInit</name>
         <value>0x118c4</value>
         <object_component_ref idref="oc-5c"/>
      </symbol>
      <symbol id="sm-b83">
         <name>vimEnableInterrupt</name>
         <value>0x11a34</value>
         <object_component_ref idref="oc-5c"/>
      </symbol>
      <symbol id="sm-b84">
         <name>vimDisableInterrupt</name>
         <value>0x11b8c</value>
         <object_component_ref idref="oc-5c"/>
      </symbol>
      <symbol id="sm-b85">
         <name>vimGetConfigValue</name>
         <value>0x11c10</value>
         <object_component_ref idref="oc-5c"/>
      </symbol>
      <symbol id="sm-b86">
         <name>vimParityErrorHandler</name>
         <value>0x15020</value>
         <object_component_ref idref="oc-5b"/>
      </symbol>
      <symbol id="sm-be0">
         <name>systemGetConfigValue</name>
         <value>0xf268</value>
         <object_component_ref idref="oc-6c"/>
      </symbol>
      <symbol id="sm-be1">
         <name>trimLPO</name>
         <value>0xef68</value>
         <object_component_ref idref="oc-6c"/>
      </symbol>
      <symbol id="sm-be2">
         <name>systemInit</name>
         <value>0xf16c</value>
         <object_component_ref idref="oc-6c"/>
      </symbol>
      <symbol id="sm-be3">
         <name>tcmflashGetConfigValue</name>
         <value>0xf67c</value>
         <object_component_ref idref="oc-6c"/>
      </symbol>
      <symbol id="sm-be4">
         <name>sramGetConfigValue</name>
         <value>0xf828</value>
         <object_component_ref idref="oc-6c"/>
      </symbol>
      <symbol id="sm-be5">
         <name>periphInit</name>
         <value>0xeff0</value>
         <object_component_ref idref="oc-6c"/>
      </symbol>
      <symbol id="sm-be6">
         <name>setupFlash</name>
         <value>0xefb0</value>
         <object_component_ref idref="oc-6c"/>
      </symbol>
      <symbol id="sm-be7">
         <name>setupPLL</name>
         <value>0xef08</value>
         <object_component_ref idref="oc-6c"/>
      </symbol>
      <symbol id="sm-be8">
         <name>mapClocks</name>
         <value>0xf044</value>
         <object_component_ref idref="oc-6c"/>
      </symbol>
      <symbol id="sm-be9">
         <name>systemPowerDown</name>
         <value>0xf238</value>
         <object_component_ref idref="oc-6c"/>
      </symbol>
      <symbol id="sm-c28">
         <name>cliTask</name>
         <value>0x155ac</value>
         <object_component_ref idref="oc-25c"/>
      </symbol>
      <symbol id="sm-c29">
         <name>xSciSendCommand</name>
         <value>0x803a778</value>
         <object_component_ref idref="oc-306"/>
      </symbol>
      <symbol id="sm-c2a">
         <name>cliInit</name>
         <value>0x1559c</value>
         <object_component_ref idref="oc-25c"/>
      </symbol>
      <symbol id="sm-c44">
         <name>MallocTaskArgument</name>
         <value>0x168c4</value>
         <object_component_ref idref="oc-11e"/>
      </symbol>
      <symbol id="sm-c45">
         <name>TaskManaging</name>
         <value>0x16864</value>
         <object_component_ref idref="oc-11e"/>
      </symbol>
      <symbol id="sm-cb3">
         <name>FreeRTOS_CLIProcessCommand</name>
         <value>0x13bd8</value>
         <object_component_ref idref="oc-2ee"/>
      </symbol>
      <symbol id="sm-cb4">
         <name>FreeRTOS_CLIGetParameter</name>
         <value>0x13da0</value>
         <object_component_ref idref="oc-2ee"/>
      </symbol>
      <symbol id="sm-cb5">
         <name>FreeRTOS_CLIGetOutputBuffer</name>
         <value>0x13d98</value>
         <object_component_ref idref="oc-2ee"/>
      </symbol>
      <symbol id="sm-cb6">
         <name>FreeRTOS_CLIRegisterCommand</name>
         <value>0x13b3c</value>
         <object_component_ref idref="oc-2ee"/>
      </symbol>
      <symbol id="sm-cd3">
         <name>__TI_auto_init</name>
         <value>0x35</value>
         <object_component_ref idref="oc-7e"/>
      </symbol>
      <symbol id="sm-cea">
         <name>__TI_decompress_none</name>
         <value>0x18b</value>
         <object_component_ref idref="oc-1d"/>
      </symbol>
      <symbol id="sm-d0e">
         <name>__TI_decompress_rle24</name>
         <value>0x129</value>
         <object_component_ref idref="oc-29"/>
      </symbol>
      <symbol id="sm-d22">
         <name>__TI_zero_init</name>
         <value>0x179</value>
         <object_component_ref idref="oc-23"/>
      </symbol>
      <symbol id="sm-d3b">
         <name>copy_in</name>
         <value>0x131</value>
         <object_component_ref idref="oc-111"/>
      </symbol>
      <symbol id="sm-d5a">
         <name>C$$EXIT</name>
         <value>0x16a91</value>
         <object_component_ref idref="oc-89"/>
      </symbol>
      <symbol id="sm-d5b">
         <name>abort</name>
         <value>0x16a95</value>
         <object_component_ref idref="oc-89"/>
      </symbol>
      <symbol id="sm-d5c">
         <name>exit</name>
         <value>0x16a9d</value>
         <object_component_ref idref="oc-89"/>
      </symbol>
      <symbol id="sm-d5d">
         <name>__TI_dtors_ptr</name>
         <value>0x803a79c</value>
         <object_component_ref idref="oc-12f"/>
      </symbol>
      <symbol id="sm-d5e">
         <name>__TI_cleanup_ptr</name>
         <value>0x803a798</value>
         <object_component_ref idref="oc-12f"/>
      </symbol>
      <symbol id="sm-d6f">
         <name>memcmp</name>
         <value>0x16b63</value>
         <object_component_ref idref="oc-271"/>
      </symbol>
      <symbol id="sm-d8a">
         <name>memcpy</name>
         <value>0x1692d</value>
         <object_component_ref idref="oc-90"/>
      </symbol>
      <symbol id="sm-d8b">
         <name>__aeabi_memcpy</name>
         <value>0x1692d</value>
         <object_component_ref idref="oc-90"/>
      </symbol>
      <symbol id="sm-d8c">
         <name>__aeabi_memcpy8</name>
         <value>0x1692d</value>
         <object_component_ref idref="oc-90"/>
      </symbol>
      <symbol id="sm-d8d">
         <name>__aeabi_memcpy4</name>
         <value>0x1692d</value>
         <object_component_ref idref="oc-90"/>
      </symbol>
      <symbol id="sm-d9c">
         <name>__aeabi_memset</name>
         <value>0x169cb</value>
         <object_component_ref idref="oc-27c"/>
      </symbol>
      <symbol id="sm-d9d">
         <name>memset</name>
         <value>0x169d1</value>
         <object_component_ref idref="oc-27c"/>
      </symbol>
      <symbol id="sm-d9e">
         <name>__aeabi_memset8</name>
         <value>0x169cb</value>
         <object_component_ref idref="oc-27c"/>
      </symbol>
      <symbol id="sm-d9f">
         <name>__aeabi_memset4</name>
         <value>0x169cb</value>
         <object_component_ref idref="oc-27c"/>
      </symbol>
      <symbol id="sm-da0">
         <name>__aeabi_memclr8</name>
         <value>0x169c9</value>
         <object_component_ref idref="oc-27c"/>
      </symbol>
      <symbol id="sm-da1">
         <name>__aeabi_memclr4</name>
         <value>0x169c9</value>
         <object_component_ref idref="oc-27c"/>
      </symbol>
      <symbol id="sm-da2">
         <name>__aeabi_memclr</name>
         <value>0x169c9</value>
         <object_component_ref idref="oc-27c"/>
      </symbol>
      <symbol id="sm-dc4">
         <name>sscanf</name>
         <value>0x167ab</value>
         <object_component_ref idref="oc-2f4"/>
      </symbol>
      <symbol id="sm-dc5">
         <name>vsscanf</name>
         <value>0x16799</value>
         <object_component_ref idref="oc-2f4"/>
      </symbol>
      <symbol id="sm-dd3">
         <name>strlen</name>
         <value>0x16bcb</value>
         <object_component_ref idref="oc-300"/>
      </symbol>
      <symbol id="sm-de3">
         <name>strncmp</name>
         <value>0x16b3d</value>
         <object_component_ref idref="oc-355"/>
      </symbol>
      <symbol id="sm-df3">
         <name>strncpy</name>
         <value>0x16b0d</value>
         <object_component_ref idref="oc-2fa"/>
      </symbol>
      <symbol id="sm-e0d">
         <name>_nop</name>
         <value>0x16bef</value>
         <object_component_ref idref="oc-290"/>
      </symbol>
      <symbol id="sm-e0e">
         <name>_lock</name>
         <value>0x803a790</value>
         <object_component_ref idref="oc-12c"/>
      </symbol>
      <symbol id="sm-e0f">
         <name>_unlock</name>
         <value>0x803a794</value>
         <object_component_ref idref="oc-12c"/>
      </symbol>
      <symbol id="sm-e10">
         <name>_register_lock</name>
         <value>0x16be7</value>
         <object_component_ref idref="oc-290"/>
      </symbol>
      <symbol id="sm-e11">
         <name>_register_unlock</name>
         <value>0x16be1</value>
         <object_component_ref idref="oc-290"/>
      </symbol>
      <symbol id="sm-eb1">
         <name>__TI_scanfi</name>
         <value>0x113e5</value>
         <object_component_ref idref="oc-363"/>
      </symbol>
      <symbol id="sm-ec6">
         <name>atoi</name>
         <value>0x16a41</value>
         <object_component_ref idref="oc-3d5"/>
      </symbol>
      <symbol id="sm-ed1">
         <name>_ctypes_</name>
         <value>0x16d88</value>
         <object_component_ref idref="oc-369"/>
      </symbol>
      <symbol id="sm-ee1">
         <name>strchr</name>
         <value>0x16bb5</value>
         <object_component_ref idref="oc-39e"/>
      </symbol>
      <symbol id="sm-eef">
         <name>strcpy</name>
         <value>0x16bf5</value>
         <object_component_ref idref="oc-3cf"/>
      </symbol>
      <symbol id="sm-efd">
         <name>strrchr</name>
         <value>0x16b9d</value>
         <object_component_ref idref="oc-3c9"/>
      </symbol>
      <symbol id="sm-f35">
         <name>strtod</name>
         <value>0x158c1</value>
         <object_component_ref idref="oc-3b0"/>
      </symbol>
      <symbol id="sm-f57">
         <name>strtol</name>
         <value>0x16151</value>
         <object_component_ref idref="oc-3bc"/>
      </symbol>
      <symbol id="sm-f91">
         <name>strtold</name>
         <value>0x15c9d</value>
         <object_component_ref idref="oc-3b6"/>
      </symbol>
      <symbol id="sm-fba">
         <name>strtoll</name>
         <value>0x15ab1</value>
         <object_component_ref idref="oc-3c2"/>
      </symbol>
      <symbol id="sm-fdb">
         <name>strtoul</name>
         <value>0x16399</value>
         <object_component_ref idref="oc-3a4"/>
      </symbol>
      <symbol id="sm-1000">
         <name>strtoull</name>
         <value>0x15e85</value>
         <object_component_ref idref="oc-3aa"/>
      </symbol>
      <symbol id="sm-101c">
         <name>__aeabi_uldivmod</name>
         <value>0x14d68</value>
         <object_component_ref idref="oc-3fd"/>
      </symbol>
      <symbol id="sm-1024">
         <name>_Errno</name>
         <value>0x803a7a0</value>
         <object_component_ref idref="oc-3f3"/>
      </symbol>
      <symbol id="sm-102d">
         <name>__aeabi_lmul</name>
         <value>0x16b85</value>
         <object_component_ref idref="oc-3f8"/>
      </symbol>
      <symbol id="sm-102e">
         <name>__TI_static_base__</name>
         <value>0x0</value>
      </symbol>
      <symbol id="sm-102f">
         <name>SHT$$INIT_ARRAY$$Limit</name>
         <value>0x0</value>
      </symbol>
      <symbol id="sm-1030">
         <name>SHT$$INIT_ARRAY$$Base</name>
         <value>0x0</value>
      </symbol>
   </symbol_table>
   <title>Link successful</title>
</link_info>
