******************************************************************************
                  TI ARM Linker Unix v5.1.6                    
******************************************************************************
>> Linked Wed Oct 22 23:43:03 2014

OUTPUT FILE NAME:   <Aalto2_FreeRTOS.out>
ENTRY POINT SYMBOL: "_c_int00"  address: 000152b4


MEMORY CONFIGURATION

         name            origin    length      used     unused   attr    fill
----------------------  --------  ---------  --------  --------  ----  --------
  VECTORS               00000000   00000020  00000020  00000000     X
  KERNEL                00000020   00008000  000014ac  00006b54  R  X
  FLASH0                00008020   00177fe0  0000f034  00168fac  R  X
  FLASH1                00180000   00180000  00000000  00180000  R  X
  STACKS                08000000   00001500  00000000  00001500  RW  
  KRAM                  08001500   00000800  00000024  000007dc  RW  
  RAM                   08001d00   0003e300  00038aa4  0000585c  RW  


SEGMENT ALLOCATION MAP

run origin  load origin   length   init length attrs members
----------  ----------- ---------- ----------- ----- -------
00000000    00000000    000014d0   000014d0    r-x
  00000000    00000000    00000020   00000020    r-x .intvecs
  00000020    00000020    00001424   00001424    r-x .kernelTEXT
  00001448    00001448    00000088   00000088    r-- .cinit
00008020    00008020    0000f034   0000f034    r-x
  00008020    00008020    0000ebe8   0000ebe8    r-x .text
  00016c08    00016c08    0000044c   0000044c    r-- .const
08001500    08001500    00000024   00000000    rw-
  08001500    08001500    00000024   00000000    rw- .kernelBSS
08001d00    08001d00    00038aa4   00000000    rw-
  08001d00    08001d00    000386a0   00000000    rw- .kernelHEAP
  0803a3a0    0803a3a0    00000394   00000000    rw- .bss
  0803a734    0803a734    00000070   00000000    rw- .data


SECTION ALLOCATION MAP

 output                                  attributes/
section   page    origin      length       input sections
--------  ----  ----------  ----------   ----------------
.intvecs   0    00000000    00000020     
                  00000000    00000020     sys_intvecs.obj (.intvecs)

.kernelTEXT 
*          0    00000020    00001424     
                  00000020    00000014     os_tasks.obj (.const:.string)
                  00000034    00000094     rtsv7R4_T_le_v3D16_eabi.lib : auto_init.obj (.text)
                  000000c8    00000060                                 : copy_decompress_rle.obj (.text)
                  00000128    00000006                                 : copy_decompress_rle.obj (.text:decompress:rle24)
                  0000012e    00000002     --HOLE-- [fill = 0]
                  00000130    00000048                                 : cpy_tbl.obj (.text)
                  00000178    00000012                                 : copy_zero_init.obj (.text:decompress:ZI)
                  0000018a    0000000e                                 : copy_decompress_none.obj (.text:decompress:none)
                  00000198    00000624     os_heap.obj (.kernelTEXT)
                  000007bc    00000594     os_port.obj (.kernelTEXT)
                  00000d50    000004bc     os_portasm.obj (.kernelTEXT)
                  0000120c    00000238     os_list.obj (.kernelTEXT)

.cinit     0    00001448    00000088     
                  00001448    00000036     (.cinit..data.load) [load image, compression = rle]
                  0000147e    00000002     --HOLE-- [fill = 0]
                  00001480    0000000f     (.cinit..kernelBSS.load) [load image, compression = rle]
                  0000148f    00000001     --HOLE-- [fill = 0]
                  00001490    0000000c     (__TI_handler_table)
                  0000149c    00000004     --HOLE-- [fill = 0]
                  000014a0    00000008     (.cinit..bss.load) [load image, compression = zero_init]
                  000014a8    00000008     (.cinit..kernelHEAP.load) [load image, compression = zero_init]
                  000014b0    00000020     (__TI_cinit_table)

.text      0    00008020    0000ebe8     
                  00008020    00002c0c     sys_selftest.obj (.text)
                  0000ac2c    000020e8     os_tasks.obj (.text)
                  0000cd14    00001374     os_queue.obj (.text)
                  0000e088    00000e80     sci.obj (.text)
                  0000ef08    00000b28     system.obj (.text)
                  0000fa30    00000afc     i2c.obj (.text)
                  0001052c    00000a40     os_timer.obj (.text)
                  00010f6c    00000958     rtsv7R4_T_le_v3D16_eabi.lib : _scanfi.obj (.text)
                  000118c4    00000898     sys_vim.obj (.text)
                  0001215c    000007e0     os_event_groups.obj (.text)
                  0001293c    00000634     esm.obj (.text)
                  00012f70    00000620     os_mpu_wrappers.obj (.text)
                  00013590    000005ac     pinmux.obj (.text)
                  00013b3c    00000590     FreeRTOS_CLI.obj (.text)
                  000140cc    0000055c     spi.obj (.text:retain)
                  00014628    000003c4     sys_core.obj (.text)
                  000149ec    0000037c     sci.obj (.text:retain)
                  00014d68    000002b8     rtsv7R4_T_le_v3D16_eabi.lib : ull_div32.obj (.text)
                  00015020    00000294     sys_vim.obj (.text:retain)
                  000152b4    00000214     sys_startup.obj (.text:retain)
                  000154c8    00000208     cli.obj (.text)
                  000156d0    000001f0     i2c.obj (.text:retain)
                  000158c0    000001f0     rtsv7R4_T_le_v3D16_eabi.lib : strtod.obj (.text)
                  00015ab0    000001ec                                 : strtoll.obj (.text)
                  00015c9c    000001e8                                 : strtold.obj (.text)
                  00015e84    00000174                                 : strtoull.obj (.text)
                  00015ff8    00000158     esm.obj (.text:retain)
                  00016150    00000134     rtsv7R4_T_le_v3D16_eabi.lib : strtol.obj (.text)
                  00016284    00000114     sys_pmu.obj (.text)
                  00016398    00000110     rtsv7R4_T_le_v3D16_eabi.lib : strtoul.obj (.text)
                  000164a8    00000108     notification.obj (.text)
                  000165b0    00000100     can.obj (.text:retain)
                  000166b0    000000e8     dabort.obj (.text)
                  00016798    000000cc     rtsv7R4_T_le_v3D16_eabi.lib : sscanf.obj (.text)
                  00016864    000000c8     TaskManaging.obj (.text)
                  0001692c    0000009c     rtsv7R4_T_le_v3D16_eabi.lib : memcpy_t2.obj (.text)
                  000169c8    00000078                                 : memset_t2.obj (.text)
                  00016a40    00000050                                 : atoi.obj (.text)
                  00016a90    00000044                                 : exit.obj (.text)
                  00016ad4    00000038     sys_main.obj (.text)
                  00016b0c    00000030     rtsv7R4_T_le_v3D16_eabi.lib : strncpy.obj (.text)
                  00016b3c    00000026                                 : strncmp.obj (.text)
                  00016b62    00000022                                 : memcmp.obj (.text)
                  00016b84    00000018                                 : ll_mul_t2.obj (.text)
                  00016b9c    00000018                                 : strrchr.obj (.text)
                  00016bb4    00000016                                 : strchr.obj (.text)
                  00016bca    00000016                                 : strlen.obj (.text)
                  00016be0    00000014                                 : _lock.obj (.text)
                  00016bf4    00000010                                 : strcpy.obj (.text)
                  00016c04    00000004     sys_phantom.obj (.text:retain)

.const     0    00016c08    0000044c     
                  00016c08    00000180     sys_vim.obj (.const:s_vim_init)
                  00016d88    00000102     rtsv7R4_T_le_v3D16_eabi.lib : ctype.obj (.const:.string:_ctypes_)
                  00016e8a    00000006     --HOLE-- [fill = 0]
                  00016e90    00000098                                 : strtod.obj (.const)
                  00016f28    00000098                                 : strtold.obj (.const)
                  00016fc0    0000003c     cli.obj (.const:.string)
                  00016ffc    00000038     FreeRTOS_CLI.obj (.const:.string)
                  00017034    00000010     FreeRTOS_CLI.obj (.const)
                  00017044    00000010     rtsv7R4_T_le_v3D16_eabi.lib : _scanfi.obj (.const)

.kernelBSS 
*          0    08001500    00000024     UNINITIALIZED
                  08001500    00000014     os_heap.obj (.kernelBSS:init)
                  08001514    00000008     os_port.obj (.kernelBSS)
                  0800151c    00000008     os_heap.obj (.kernelBSS:uninit)

.kernelHEAP 
*          0    08001d00    000386a0     UNINITIALIZED
                  08001d00    000386a0     os_heap.obj (.kernelHEAP)

.bss       0    0803a3a0    00000394     UNINITIALIZED
                  0803a3a0    000000a0     os_tasks.obj (.bss:pxReadyTasksLists)
                  0803a440    00000098     cli.obj (.bss:cli_input)
                  0803a4d8    00000098     cli.obj (.bss:cli_output)
                  0803a570    00000078     spi.obj (.bss:g_spiPacket_t)
                  0803a5e8    00000034     FreeRTOS_CLI.obj (.bss:cOutputBuffer)
                  0803a61c    00000028     sci.obj (.bss:g_sciTransfer_t)
                  0803a644    00000028     TaskManaging.obj (.bss:queue_array)
                  0803a66c    00000014     (.common:xActiveTimerList1)
                  0803a680    00000014     (.common:xActiveTimerList2)
                  0803a694    00000014     (.common:xDelayedTaskList1)
                  0803a6a8    00000014     (.common:xDelayedTaskList2)
                  0803a6bc    00000014     (.common:xPendingReadyList)
                  0803a6d0    00000014     (.common:xSuspendedTaskList)
                  0803a6e4    00000014     (.common:xTasksWaitingTermination)
                  0803a6f8    0000000c     (.common:g_i2cTransfer_t)
                  0803a704    00000008     (.common:sciM)
                  0803a70c    00000008     (.common:sciRQ)
                  0803a714    00000008     (.common:sciTQ)
                  0803a71c    00000004     (.common:i2c_events)
                  0803a720    00000004     (.common:i2c_mutex)
                  0803a724    00000004     (.common:pxCurrentTimerList)
                  0803a728    00000004     (.common:pxDelayedTaskList)
                  0803a72c    00000004     (.common:pxOverflowDelayedTaskList)
                  0803a730    00000004     (.common:pxOverflowTimerList)

.data      0    0803a734    00000070     UNINITIALIZED
                  0803a734    00000030     os_tasks.obj (.data)
                  0803a764    00000014     FreeRTOS_CLI.obj (.data)
                  0803a778    00000010     cli.obj (.data)
                  0803a788    00000008     os_timer.obj (.data)
                  0803a790    00000008     rtsv7R4_T_le_v3D16_eabi.lib : _lock.obj (.data)
                  0803a798    00000008                                 : exit.obj (.data)
                  0803a7a0    00000004                                 : errno.obj (.data)


LINKER GENERATED COPY TABLES

__TI_cinit_table @ 000014b0 records: 4, size/record: 8, table size: 32
	.data: load addr=00001448, load size=00000036 bytes, run addr=0803a734, run size=00000070 bytes, compression=rle
	.kernelBSS: load addr=00001480, load size=0000000f bytes, run addr=08001500, run size=00000024 bytes, compression=rle
	.bss: load addr=000014a0, load size=00000008 bytes, run addr=0803a3a0, run size=00000394 bytes, compression=zero_init
	.kernelHEAP: load addr=000014a8, load size=00000008 bytes, run addr=08001d00, run size=000386a0 bytes, compression=zero_init


LINKER GENERATED HANDLER TABLE

__TI_handler_table @ 00001490 records: 3, size/record: 4, table size: 12
	index: 0, handler: __TI_decompress_rle24
	index: 1, handler: __TI_decompress_none
	index: 2, handler: __TI_zero_init


GLOBAL SYMBOLS: SORTED ALPHABETICALLY BY Name 

address    name
--------   ----
00016a91   C$$EXIT
00013d98   FreeRTOS_CLIGetOutputBuffer
00013da0   FreeRTOS_CLIGetParameter
00013bd8   FreeRTOS_CLIProcessCommand
00013b3c   FreeRTOS_CLIRegisterCommand
00013484   MPU_pvPortMalloc
0001330c   MPU_uxQueueMessagesWaiting
000131e0   MPU_uxTaskGetNumberOfTasks
0001320c   MPU_uxTaskGetStackHighWaterMark
000130a4   MPU_uxTaskPriorityGet
000134b8   MPU_vPortFree
000134e4   MPU_vPortInitialiseBlocks
00012fe4   MPU_vTaskAllocateMPURegions
00013078   MPU_vTaskDelay
00013044   MPU_vTaskDelayUntil
00013018   MPU_vTaskDelete
000130d8   MPU_vTaskPrioritySet
00013138   MPU_vTaskResume
0001310c   MPU_vTaskSuspend
00013164   MPU_vTaskSuspendAll
00013534   MPU_xEventGroupWaitBits
00013508   MPU_xPortGetFreeHeapSize
000133c8   MPU_xQueueCreateCountingSemaphore
00013394   MPU_xQueueCreateMutex
0001326c   MPU_xQueueGenericCreate
00013340   MPU_xQueueGenericReceive
000132b8   MPU_xQueueGenericSend
00013450   MPU_xQueueGiveMutexRecursive
0001340c   MPU_xQueueTakeMutexRecursive
00012f70   MPU_xTaskGenericCreate
00013240   MPU_xTaskGetSchedulerState
000131b4   MPU_xTaskGetTickCount
00013188   MPU_xTaskResumeAll
000168c4   MallocTaskArgument
UNDEFED    SHT$$INIT_ARRAY$$Base
UNDEFED    SHT$$INIT_ARRAY$$Limit
00016864   TaskManaging
0803a7a0   _Errno
000014b0   __TI_CINIT_Base
000014d0   __TI_CINIT_Limit
00001490   __TI_Handler_Table_Base
0000149c   __TI_Handler_Table_Limit
000149e4   __TI_PINIT_Base
000149e8   __TI_PINIT_Limit
00000035   __TI_auto_init
0803a798   __TI_cleanup_ptr
0000018b   __TI_decompress_none
00000129   __TI_decompress_rle24
0803a79c   __TI_dtors_ptr
000113e5   __TI_scanfi
00000000   __TI_static_base__
00000179   __TI_zero_init
00016b85   __aeabi_lmul
000169c9   __aeabi_memclr
000169c9   __aeabi_memclr4
000169c9   __aeabi_memclr8
0001692d   __aeabi_memcpy
0001692d   __aeabi_memcpy4
0001692d   __aeabi_memcpy8
000169cb   __aeabi_memset
000169cb   __aeabi_memset4
000169cb   __aeabi_memset8
00014d68   __aeabi_uldivmod
ffffffff   __binit__
ffffffff   __c_args__
000152b4   _c_int00
000148dc   _coreClearAuxiliaryDataFault_
000148f8   _coreClearAuxiliaryInstructionFault_
000148a4   _coreClearDataFaultAddress_
0001486c   _coreClearDataFault_
000148c0   _coreClearInstructionFaultAddress_
00014888   _coreClearInstructionFault_
000147d0   _coreDisableEventBusExport_
00014834   _coreDisableFlashEcc_
00014800   _coreDisableRamEcc_
000147b8   _coreEnableEventBusExport_
00014818   _coreEnableFlashEcc_
0001484c   _coreEnableIrqVicOffset_
000147e8   _coreEnableRamEcc_
000147a0   _coreEnableVfp_
000148d4   _coreGetAuxiliaryDataFault_
000148f0   _coreGetAuxiliaryInstructionFault_
0001489c   _coreGetDataFaultAddress_
00014864   _coreGetDataFault_
000148b8   _coreGetInstructionFaultAddress_
00014880   _coreGetInstructionFault_
00014628   _coreInitRegisters_
00014734   _coreInitStackPointer_
00016d88   _ctypes_
000166b0   _dabort
00014914   _disable_FIQ_interrupt_
0001491c   _disable_IRQ_interrupt_
0001490c   _disable_interrupt_
00014924   _enable_interrupt_
000149b4   _errata_CORTEXR4_57_
000149cc   _errata_CORTEXR4_66_
0001492c   _esmCcmErrorsClear_
00014780   _getCPSRValue_
00014788   _gotoCPUIdle_
0803a790   _lock
00016bef   _nop
000162ec   _pmuDisableCountersGlobal_
000162d4   _pmuEnableCountersGlobal_
0001636c   _pmuGetCycleCount_
00016374   _pmuGetEventCount_
00016384   _pmuGetOverflow_
00016284   _pmuInit_
00016334   _pmuResetCounters_
00016304   _pmuResetCycleCounter_
0001631c   _pmuResetEventCounters_
0001635c   _pmuSetCountEvent_
0001634c   _pmuStartCounters_
00016354   _pmuStopCounters_
00016be7   _register_lock
00016be1   _register_unlock
0803a794   _unlock
00016a95   abort
0000924c   adc1ParityCheck
00009314   adc2ParityCheck
00016a41   atoi
ffffffff   binit
000165b0   can1HighLevelInterrupt
000093f0   can1ParityCheck
000094c8   can2ParityCheck
00009590   can3ParityCheck
00016500   canErrorNotification
00016528   canMessageNotification
00016514   canStatusChangeNotification
00008030   ccmSelfCheck
0000a6ec   ccmr4GetConfigValue
00008918   checkB0RAMECC
00008b08   checkB1RAMECC
00009bf8   checkClockMonitor
00008cf8   checkFlashECC
00009cd4   checkFlashEEPROMECC
00009e6c   checkPLL1Slip
00009f6c   checkPLL2Slip
0000a030   checkRAMAddrParity
000099b0   checkRAMECC
0000a150   checkRAMUERRTest
0000879c   checkefcSelfTest
0001559c   cliInit
000155ac   cliTask
00000131   copy_in
00008234   cpuSelfTest
00008ddc   cpuSelfTestFail
00008dd4   custom_dabort
0000aae8   disableParity
0001659c   dmaGroupANotification
00008e8c   dmaParityCheck
00008640   efcCheck
0000a654   efcGetConfigValue
00008774   efcSelfTest
000086c8   efcStuckZeroTest
0000aac0   enableParity
0000a75c   errata_PBIST_4
00012aec   esmActivateNormalOperation
00012bd8   esmClearStatus
00012c18   esmClearStatusBuffer
00012ab0   esmDisableError
00012b28   esmDisableInterrupt
00012a84   esmEnableError
00012afc   esmEnableInterrupt
00012d38   esmEnterSelfTest
00012a68   esmError
00012e10   esmGetConfigValue
00012c64   esmGetStatus
00012cd8   esmGetStatusBuffer
000164a8   esmGroup1Notification
000164b8   esmGroup2Notification
00015ff8   esmHighInterrupt
0001293c   esmInit
00012dc0   esmSelfTestStatus
00012c44   esmSetCounterPreloadValue
00012b54   esmSetInterruptLevel
00012adc   esmTriggerErrorPinReset
00016a9d   exit
0000a2b4   fmcBus1ParityCheck
0000883c   fmcBus2Check
00008878   fmcECCcheck
0001653c   gioNotification
00008f38   het1ParityCheck
000090a0   het2ParityCheck
00008fe4   htu1ParityCheck
0000919c   htu2ParityCheck
000100b4   i2cClearSCD
000101b8   i2cDisableLoopback
0001022c   i2cDisableNotification
00010198   i2cEnableLoopback
000101f0   i2cEnableNotification
000102b4   i2cGetConfigValue
0000fc88   i2cInit
000156d0   i2cInterrupt
0001004c   i2cIsRxReady
00010068   i2cIsStopDetected
0000ff34   i2cIsTxReady
0001047c   i2cNotification
000100f8   i2cReceive
000100d0   i2cReceiveByte
0000fb34   i2cReceiveMessageOS
00010084   i2cRxError
0000ff80   i2cSend
0000ff50   i2cSendByte
0000fa30   i2cSendMessageOS
0000fdd4   i2cSetBaudrate
0000ff14   i2cSetCount
0001027c   i2cSetMode
0000fd94   i2cSetOwnAdd
0000fdb4   i2cSetSlaveAdd
0000fed4   i2cSetStart
0000fef4   i2cSetStop
0803a71c   i2c_events
0803a720   i2c_mutex
00014b84   linHighLevelInterrupt
00016ad4   main
0000f044   mapClocks
00016b63   memcmp
0001692d   memcpy
00008174   memoryInit
000164c8   memoryPort0TestFailNotification
000164e4   memoryPort1TestFailNotification
000169d1   memset
00009664   mibspi1ParityCheck
000140cc   mibspi3HighInterruptLevel
0000976c   mibspi3ParityCheck
00009890   mibspi5ParityCheck
00013590   muxInit
0000a3e0   pbistFail
0000a460   pbistGetConfigValue
000085a8   pbistIsTestCompleted
000085c4   pbistIsTestPassed
000085f8   pbistPortTestStatus
000084ac   pbistRun
000082cc   pbistSelfCheck
00008578   pbistStop
00010734   pcTimerGetTimerName
0000eff0   periphInit
00016c04   phantomInterrupt
00013884   pinmuxGetConfigValue
000011e4   prvMpuDisable
000011cc   prvMpuEnable
000011b4   prvMpuSetRegion
00000198   pvPortMalloc
0000cccc   pvTaskIncrementMutexHeldCount
00010e70   pvTimerGetTimerID
0803a734   pxCurrentTCB
000007bc   pxPortInitialiseStack
00000000   resetEntry
0000e6a0   sciDisableLoopback
0000e72c   sciDisableNotification
0000e66c   sciEnableLoopback
0000e6c4   sciEnableNotification
0000e794   sciGetConfigValue
000149ec   sciHighLevelInterrupt
0000e088   sciInit
0000e51c   sciIsIdleDetected
0000e500   sciIsRxReady
0000e380   sciIsTxReady
0803a704   sciM
00016564   sciNotification
0803a70c   sciRQ
0000e594   sciReceive
0000e568   sciReceiveByte
0000ecc0   sciReceiveByteOS
0000ed24   sciReceiveOS
0000e538   sciRxError
0000e3cc   sciSend
0000e39c   sciSendByte
0000ea44   sciSendByteOS
0000eaf4   sciSendOS
0000e300   sciSetBaudrate
0000e2e0   sciSetFunctional
0803a714   sciTQ
0000e8ec   scilinGetConfigValue
00008020   selftestFailNotification
0000efb0   setupFlash
0000ef08   setupPLL
00014334   spi4HighLevelInterrupt
0001658c   spiEndNotification
00016578   spiNotification
0000f828   sramGetConfigValue
000167ab   sscanf
0000a5ac   stcGetConfigValue
000081b8   stcSelfCheck
00008dd8   stcSelfCheckFail
00016bb5   strchr
00016bf5   strcpy
00016bcb   strlen
00016b3d   strncmp
00016b0d   strncpy
00016b9d   strrchr
000158c1   strtod
00016151   strtol
00015c9d   strtold
00015ab1   strtoll
00016399   strtoul
00015e85   strtoull
0000f268   systemGetConfigValue
0000f16c   systemInit
0000f238   systemPowerDown
0000f67c   tcmflashGetConfigValue
0000ef68   trimLPO
08001514   ulCriticalNesting
000010d0   ulPortCountLeadingZeros
08001518   ulTaskHasFPUContext
000013b8   uxListRemove
0000db10   uxQueueMessagesWaiting
0000db94   uxQueueMessagesWaitingFromISR
0000db48   uxQueueSpacesAvailable
0000bb38   uxTaskGetNumberOfTasks
0000c89c   uxTaskGetStackHighWaterMark
0000b244   uxTaskPriorityGet
0000cc90   uxTaskResetEventItemValue
00016aec   vApplicationMallocFailedHook
00016afc   vApplicationStackOverflowHook
000128b4   vEventGroupClearBitsCallback
00012814   vEventGroupDelete
00012898   vEventGroupSetBitsCallback
0000120c   vListInitialise
00001264   vListInitialiseItem
000012f4   vListInsert
00001280   vListInsertEnd
00000ce4   vPortEndScheduler
00000418   vPortFree
00000530   vPortInitialiseBlocks
000010c4   vPortInitialiseFPSCR
00000fc4   vPortPreemptiveTick
000010d8   vPortSWI
00000d54   vPortStartFirstTask
0000093c   vPortStoreTaskMPUSettings
00000ed0   vPortYeildWithinAPI
00000de4   vPortYieldProcessor
0000dbc4   vQueueDelete
0000e008   vQueueWaitForMessageRestricted
0000c5b0   vTaskAllocateMPURegions
0000b178   vTaskDelay
0000afe0   vTaskDelayUntil
0000aea0   vTaskDelete
0000b924   vTaskEndScheduler
0000c458   vTaskMissedYield
0000bee8   vTaskPlaceOnEventList
0000c094   vTaskPlaceOnEventListRestricted
0000bf9c   vTaskPlaceOnUnorderedEventList
0000c9e8   vTaskPriorityInherit
0000b288   vTaskPrioritySet
0000b6b0   vTaskResume
0000c310   vTaskSetTimeOutState
0000b87c   vTaskStartScheduler
0000b4a4   vTaskSuspend
0000b940   vTaskSuspendAll
0000bd8c   vTaskSwitchContext
00011998   vimChannelMap
00011b8c   vimDisableInterrupt
00011a34   vimEnableInterrupt
00011c10   vimGetConfigValue
000118c4   vimInit
00008de0   vimParityCheck
00015020   vimParityErrorHandler
00016799   vsscanf
000125d8   xEventGroupClearBits
0001215c   xEventGroupCreate
00012648   xEventGroupGetBitsFromISR
00012678   xEventGroupSetBits
00012198   xEventGroupSync
00012398   xEventGroupWaitBits
00000518   xPortGetFreeHeapSize
00000524   xPortGetMinimumEverFreeHeapSize
00000cc0   xPortStartScheduler
0000d104   xQueueCreateCountingSemaphore
0000cf0c   xQueueCreateMutex
0000ce3c   xQueueGenericCreate
0000d60c   xQueueGenericReceive
0000cd14   xQueueGenericReset
0000d1a4   xQueueGenericSend
0000d464   xQueueGenericSendFromISR
0000cfe0   xQueueGiveMutexRecursive
0000df2c   xQueueIsQueueEmptyFromISR
0000dfb8   xQueueIsQueueFullFromISR
0000da44   xQueuePeekFromISR
0000d90c   xQueueReceiveFromISR
0000d068   xQueueTakeMutexRecursive
0803a778   xSciSendCommand
0000c350   xTaskCheckForTimeOut
0000ac2c   xTaskGenericCreate
0000c970   xTaskGetCurrentTaskHandle
0000c990   xTaskGetSchedulerState
0000baf4   xTaskGetTickCount
0000bb14   xTaskGetTickCountFromISR
0000bb54   xTaskIncrementTick
0000cb54   xTaskPriorityDisinherit
0000c120   xTaskRemoveFromEventList
0000c20c   xTaskRemoveFromUnorderedEventList
0000b954   xTaskResumeAll
0000b794   xTaskResumeFromISR
000105a8   xTimerCreate
0001052c   xTimerCreateTimerTask
0001066c   xTimerGenericCommand
00010e14   xTimerIsTimerActive
00010ef0   xTimerPendFunctionCall
00010e90   xTimerPendFunctionCallFromISR


GLOBAL SYMBOLS: SORTED BY Symbol Address 

address    name
--------   ----
00000000   __TI_static_base__
00000000   resetEntry
00000035   __TI_auto_init
00000129   __TI_decompress_rle24
00000131   copy_in
00000179   __TI_zero_init
0000018b   __TI_decompress_none
00000198   pvPortMalloc
00000418   vPortFree
00000518   xPortGetFreeHeapSize
00000524   xPortGetMinimumEverFreeHeapSize
00000530   vPortInitialiseBlocks
000007bc   pxPortInitialiseStack
0000093c   vPortStoreTaskMPUSettings
00000cc0   xPortStartScheduler
00000ce4   vPortEndScheduler
00000d54   vPortStartFirstTask
00000de4   vPortYieldProcessor
00000ed0   vPortYeildWithinAPI
00000fc4   vPortPreemptiveTick
000010c4   vPortInitialiseFPSCR
000010d0   ulPortCountLeadingZeros
000010d8   vPortSWI
000011b4   prvMpuSetRegion
000011cc   prvMpuEnable
000011e4   prvMpuDisable
0000120c   vListInitialise
00001264   vListInitialiseItem
00001280   vListInsertEnd
000012f4   vListInsert
000013b8   uxListRemove
00001490   __TI_Handler_Table_Base
0000149c   __TI_Handler_Table_Limit
000014b0   __TI_CINIT_Base
000014d0   __TI_CINIT_Limit
00008020   selftestFailNotification
00008030   ccmSelfCheck
00008174   memoryInit
000081b8   stcSelfCheck
00008234   cpuSelfTest
000082cc   pbistSelfCheck
000084ac   pbistRun
00008578   pbistStop
000085a8   pbistIsTestCompleted
000085c4   pbistIsTestPassed
000085f8   pbistPortTestStatus
00008640   efcCheck
000086c8   efcStuckZeroTest
00008774   efcSelfTest
0000879c   checkefcSelfTest
0000883c   fmcBus2Check
00008878   fmcECCcheck
00008918   checkB0RAMECC
00008b08   checkB1RAMECC
00008cf8   checkFlashECC
00008dd4   custom_dabort
00008dd8   stcSelfCheckFail
00008ddc   cpuSelfTestFail
00008de0   vimParityCheck
00008e8c   dmaParityCheck
00008f38   het1ParityCheck
00008fe4   htu1ParityCheck
000090a0   het2ParityCheck
0000919c   htu2ParityCheck
0000924c   adc1ParityCheck
00009314   adc2ParityCheck
000093f0   can1ParityCheck
000094c8   can2ParityCheck
00009590   can3ParityCheck
00009664   mibspi1ParityCheck
0000976c   mibspi3ParityCheck
00009890   mibspi5ParityCheck
000099b0   checkRAMECC
00009bf8   checkClockMonitor
00009cd4   checkFlashEEPROMECC
00009e6c   checkPLL1Slip
00009f6c   checkPLL2Slip
0000a030   checkRAMAddrParity
0000a150   checkRAMUERRTest
0000a2b4   fmcBus1ParityCheck
0000a3e0   pbistFail
0000a460   pbistGetConfigValue
0000a5ac   stcGetConfigValue
0000a654   efcGetConfigValue
0000a6ec   ccmr4GetConfigValue
0000a75c   errata_PBIST_4
0000aac0   enableParity
0000aae8   disableParity
0000ac2c   xTaskGenericCreate
0000aea0   vTaskDelete
0000afe0   vTaskDelayUntil
0000b178   vTaskDelay
0000b244   uxTaskPriorityGet
0000b288   vTaskPrioritySet
0000b4a4   vTaskSuspend
0000b6b0   vTaskResume
0000b794   xTaskResumeFromISR
0000b87c   vTaskStartScheduler
0000b924   vTaskEndScheduler
0000b940   vTaskSuspendAll
0000b954   xTaskResumeAll
0000baf4   xTaskGetTickCount
0000bb14   xTaskGetTickCountFromISR
0000bb38   uxTaskGetNumberOfTasks
0000bb54   xTaskIncrementTick
0000bd8c   vTaskSwitchContext
0000bee8   vTaskPlaceOnEventList
0000bf9c   vTaskPlaceOnUnorderedEventList
0000c094   vTaskPlaceOnEventListRestricted
0000c120   xTaskRemoveFromEventList
0000c20c   xTaskRemoveFromUnorderedEventList
0000c310   vTaskSetTimeOutState
0000c350   xTaskCheckForTimeOut
0000c458   vTaskMissedYield
0000c5b0   vTaskAllocateMPURegions
0000c89c   uxTaskGetStackHighWaterMark
0000c970   xTaskGetCurrentTaskHandle
0000c990   xTaskGetSchedulerState
0000c9e8   vTaskPriorityInherit
0000cb54   xTaskPriorityDisinherit
0000cc90   uxTaskResetEventItemValue
0000cccc   pvTaskIncrementMutexHeldCount
0000cd14   xQueueGenericReset
0000ce3c   xQueueGenericCreate
0000cf0c   xQueueCreateMutex
0000cfe0   xQueueGiveMutexRecursive
0000d068   xQueueTakeMutexRecursive
0000d104   xQueueCreateCountingSemaphore
0000d1a4   xQueueGenericSend
0000d464   xQueueGenericSendFromISR
0000d60c   xQueueGenericReceive
0000d90c   xQueueReceiveFromISR
0000da44   xQueuePeekFromISR
0000db10   uxQueueMessagesWaiting
0000db48   uxQueueSpacesAvailable
0000db94   uxQueueMessagesWaitingFromISR
0000dbc4   vQueueDelete
0000df2c   xQueueIsQueueEmptyFromISR
0000dfb8   xQueueIsQueueFullFromISR
0000e008   vQueueWaitForMessageRestricted
0000e088   sciInit
0000e2e0   sciSetFunctional
0000e300   sciSetBaudrate
0000e380   sciIsTxReady
0000e39c   sciSendByte
0000e3cc   sciSend
0000e500   sciIsRxReady
0000e51c   sciIsIdleDetected
0000e538   sciRxError
0000e568   sciReceiveByte
0000e594   sciReceive
0000e66c   sciEnableLoopback
0000e6a0   sciDisableLoopback
0000e6c4   sciEnableNotification
0000e72c   sciDisableNotification
0000e794   sciGetConfigValue
0000e8ec   scilinGetConfigValue
0000ea44   sciSendByteOS
0000eaf4   sciSendOS
0000ecc0   sciReceiveByteOS
0000ed24   sciReceiveOS
0000ef08   setupPLL
0000ef68   trimLPO
0000efb0   setupFlash
0000eff0   periphInit
0000f044   mapClocks
0000f16c   systemInit
0000f238   systemPowerDown
0000f268   systemGetConfigValue
0000f67c   tcmflashGetConfigValue
0000f828   sramGetConfigValue
0000fa30   i2cSendMessageOS
0000fb34   i2cReceiveMessageOS
0000fc88   i2cInit
0000fd94   i2cSetOwnAdd
0000fdb4   i2cSetSlaveAdd
0000fdd4   i2cSetBaudrate
0000fed4   i2cSetStart
0000fef4   i2cSetStop
0000ff14   i2cSetCount
0000ff34   i2cIsTxReady
0000ff50   i2cSendByte
0000ff80   i2cSend
0001004c   i2cIsRxReady
00010068   i2cIsStopDetected
00010084   i2cRxError
000100b4   i2cClearSCD
000100d0   i2cReceiveByte
000100f8   i2cReceive
00010198   i2cEnableLoopback
000101b8   i2cDisableLoopback
000101f0   i2cEnableNotification
0001022c   i2cDisableNotification
0001027c   i2cSetMode
000102b4   i2cGetConfigValue
0001047c   i2cNotification
0001052c   xTimerCreateTimerTask
000105a8   xTimerCreate
0001066c   xTimerGenericCommand
00010734   pcTimerGetTimerName
00010e14   xTimerIsTimerActive
00010e70   pvTimerGetTimerID
00010e90   xTimerPendFunctionCallFromISR
00010ef0   xTimerPendFunctionCall
000113e5   __TI_scanfi
000118c4   vimInit
00011998   vimChannelMap
00011a34   vimEnableInterrupt
00011b8c   vimDisableInterrupt
00011c10   vimGetConfigValue
0001215c   xEventGroupCreate
00012198   xEventGroupSync
00012398   xEventGroupWaitBits
000125d8   xEventGroupClearBits
00012648   xEventGroupGetBitsFromISR
00012678   xEventGroupSetBits
00012814   vEventGroupDelete
00012898   vEventGroupSetBitsCallback
000128b4   vEventGroupClearBitsCallback
0001293c   esmInit
00012a68   esmError
00012a84   esmEnableError
00012ab0   esmDisableError
00012adc   esmTriggerErrorPinReset
00012aec   esmActivateNormalOperation
00012afc   esmEnableInterrupt
00012b28   esmDisableInterrupt
00012b54   esmSetInterruptLevel
00012bd8   esmClearStatus
00012c18   esmClearStatusBuffer
00012c44   esmSetCounterPreloadValue
00012c64   esmGetStatus
00012cd8   esmGetStatusBuffer
00012d38   esmEnterSelfTest
00012dc0   esmSelfTestStatus
00012e10   esmGetConfigValue
00012f70   MPU_xTaskGenericCreate
00012fe4   MPU_vTaskAllocateMPURegions
00013018   MPU_vTaskDelete
00013044   MPU_vTaskDelayUntil
00013078   MPU_vTaskDelay
000130a4   MPU_uxTaskPriorityGet
000130d8   MPU_vTaskPrioritySet
0001310c   MPU_vTaskSuspend
00013138   MPU_vTaskResume
00013164   MPU_vTaskSuspendAll
00013188   MPU_xTaskResumeAll
000131b4   MPU_xTaskGetTickCount
000131e0   MPU_uxTaskGetNumberOfTasks
0001320c   MPU_uxTaskGetStackHighWaterMark
00013240   MPU_xTaskGetSchedulerState
0001326c   MPU_xQueueGenericCreate
000132b8   MPU_xQueueGenericSend
0001330c   MPU_uxQueueMessagesWaiting
00013340   MPU_xQueueGenericReceive
00013394   MPU_xQueueCreateMutex
000133c8   MPU_xQueueCreateCountingSemaphore
0001340c   MPU_xQueueTakeMutexRecursive
00013450   MPU_xQueueGiveMutexRecursive
00013484   MPU_pvPortMalloc
000134b8   MPU_vPortFree
000134e4   MPU_vPortInitialiseBlocks
00013508   MPU_xPortGetFreeHeapSize
00013534   MPU_xEventGroupWaitBits
00013590   muxInit
00013884   pinmuxGetConfigValue
00013b3c   FreeRTOS_CLIRegisterCommand
00013bd8   FreeRTOS_CLIProcessCommand
00013d98   FreeRTOS_CLIGetOutputBuffer
00013da0   FreeRTOS_CLIGetParameter
000140cc   mibspi3HighInterruptLevel
00014334   spi4HighLevelInterrupt
00014628   _coreInitRegisters_
00014734   _coreInitStackPointer_
00014780   _getCPSRValue_
00014788   _gotoCPUIdle_
000147a0   _coreEnableVfp_
000147b8   _coreEnableEventBusExport_
000147d0   _coreDisableEventBusExport_
000147e8   _coreEnableRamEcc_
00014800   _coreDisableRamEcc_
00014818   _coreEnableFlashEcc_
00014834   _coreDisableFlashEcc_
0001484c   _coreEnableIrqVicOffset_
00014864   _coreGetDataFault_
0001486c   _coreClearDataFault_
00014880   _coreGetInstructionFault_
00014888   _coreClearInstructionFault_
0001489c   _coreGetDataFaultAddress_
000148a4   _coreClearDataFaultAddress_
000148b8   _coreGetInstructionFaultAddress_
000148c0   _coreClearInstructionFaultAddress_
000148d4   _coreGetAuxiliaryDataFault_
000148dc   _coreClearAuxiliaryDataFault_
000148f0   _coreGetAuxiliaryInstructionFault_
000148f8   _coreClearAuxiliaryInstructionFault_
0001490c   _disable_interrupt_
00014914   _disable_FIQ_interrupt_
0001491c   _disable_IRQ_interrupt_
00014924   _enable_interrupt_
0001492c   _esmCcmErrorsClear_
000149b4   _errata_CORTEXR4_57_
000149cc   _errata_CORTEXR4_66_
000149e4   __TI_PINIT_Base
000149e8   __TI_PINIT_Limit
000149ec   sciHighLevelInterrupt
00014b84   linHighLevelInterrupt
00014d68   __aeabi_uldivmod
00015020   vimParityErrorHandler
000152b4   _c_int00
0001559c   cliInit
000155ac   cliTask
000156d0   i2cInterrupt
000158c1   strtod
00015ab1   strtoll
00015c9d   strtold
00015e85   strtoull
00015ff8   esmHighInterrupt
00016151   strtol
00016284   _pmuInit_
000162d4   _pmuEnableCountersGlobal_
000162ec   _pmuDisableCountersGlobal_
00016304   _pmuResetCycleCounter_
0001631c   _pmuResetEventCounters_
00016334   _pmuResetCounters_
0001634c   _pmuStartCounters_
00016354   _pmuStopCounters_
0001635c   _pmuSetCountEvent_
0001636c   _pmuGetCycleCount_
00016374   _pmuGetEventCount_
00016384   _pmuGetOverflow_
00016399   strtoul
000164a8   esmGroup1Notification
000164b8   esmGroup2Notification
000164c8   memoryPort0TestFailNotification
000164e4   memoryPort1TestFailNotification
00016500   canErrorNotification
00016514   canStatusChangeNotification
00016528   canMessageNotification
0001653c   gioNotification
00016564   sciNotification
00016578   spiNotification
0001658c   spiEndNotification
0001659c   dmaGroupANotification
000165b0   can1HighLevelInterrupt
000166b0   _dabort
00016799   vsscanf
000167ab   sscanf
00016864   TaskManaging
000168c4   MallocTaskArgument
0001692d   __aeabi_memcpy
0001692d   __aeabi_memcpy4
0001692d   __aeabi_memcpy8
0001692d   memcpy
000169c9   __aeabi_memclr
000169c9   __aeabi_memclr4
000169c9   __aeabi_memclr8
000169cb   __aeabi_memset
000169cb   __aeabi_memset4
000169cb   __aeabi_memset8
000169d1   memset
00016a41   atoi
00016a91   C$$EXIT
00016a95   abort
00016a9d   exit
00016ad4   main
00016aec   vApplicationMallocFailedHook
00016afc   vApplicationStackOverflowHook
00016b0d   strncpy
00016b3d   strncmp
00016b63   memcmp
00016b85   __aeabi_lmul
00016b9d   strrchr
00016bb5   strchr
00016bcb   strlen
00016be1   _register_unlock
00016be7   _register_lock
00016bef   _nop
00016bf5   strcpy
00016c04   phantomInterrupt
00016d88   _ctypes_
08001514   ulCriticalNesting
08001518   ulTaskHasFPUContext
0803a704   sciM
0803a70c   sciRQ
0803a714   sciTQ
0803a71c   i2c_events
0803a720   i2c_mutex
0803a734   pxCurrentTCB
0803a778   xSciSendCommand
0803a790   _lock
0803a794   _unlock
0803a798   __TI_cleanup_ptr
0803a79c   __TI_dtors_ptr
0803a7a0   _Errno
ffffffff   __binit__
ffffffff   __c_args__
ffffffff   binit
UNDEFED    SHT$$INIT_ARRAY$$Base
UNDEFED    SHT$$INIT_ARRAY$$Limit

[400 symbols]
