<?xml version="1.0"?>
<link_info>
   <banner>TI ARM Linker Unix v5.1.6</banner>
   <copyright>Copyright (c) 1996-2014 Texas Instruments Incorporated</copyright>
   <link_time>0x544156ed</link_time>
   <link_errors>0x0</link_errors>
   <output_file>Aalto2_FreeRTOS.out</output_file>
   <entry_point>
      <name>_c_int00</name>
      <address>0x7c9c</address>
   </entry_point>
   <input_file_list>
      <input_file id="fl-2">
         <path>./subsystems/FreeRTOS-Plus-CLI/</path>
         <kind>object</kind>
         <file>FreeRTOS_CLI.obj</file>
         <name>FreeRTOS_CLI.obj</name>
      </input_file>
      <input_file id="fl-3">
         <path>./subsystems/cli/</path>
         <kind>object</kind>
         <file>cli.obj</file>
         <name>cli.obj</name>
      </input_file>
      <input_file id="fl-4">
         <path>./subsystems/test/</path>
         <kind>object</kind>
         <file>test.obj</file>
         <name>test.obj</name>
      </input_file>
      <input_file id="fl-5">
         <path>./system/source/</path>
         <kind>object</kind>
         <file>system.obj</file>
         <name>system.obj</name>
      </input_file>
      <input_file id="fl-6">
         <path>./system/source/</path>
         <kind>object</kind>
         <file>sys_vim.obj</file>
         <name>sys_vim.obj</name>
      </input_file>
      <input_file id="fl-7">
         <path>./system/source/</path>
         <kind>object</kind>
         <file>sys_startup.obj</file>
         <name>sys_startup.obj</name>
      </input_file>
      <input_file id="fl-8">
         <path>./system/source/</path>
         <kind>object</kind>
         <file>sys_selftest.obj</file>
         <name>sys_selftest.obj</name>
      </input_file>
      <input_file id="fl-9">
         <path>./system/source/</path>
         <kind>object</kind>
         <file>sys_pmu.obj</file>
         <name>sys_pmu.obj</name>
      </input_file>
      <input_file id="fl-a">
         <path>./system/source/</path>
         <kind>object</kind>
         <file>sys_pmm.obj</file>
         <name>sys_pmm.obj</name>
      </input_file>
      <input_file id="fl-b">
         <path>./system/source/</path>
         <kind>object</kind>
         <file>sys_phantom.obj</file>
         <name>sys_phantom.obj</name>
      </input_file>
      <input_file id="fl-c">
         <path>./system/source/</path>
         <kind>object</kind>
         <file>sys_pcr.obj</file>
         <name>sys_pcr.obj</name>
      </input_file>
      <input_file id="fl-d">
         <path>./system/source/</path>
         <kind>object</kind>
         <file>sys_mpu.obj</file>
         <name>sys_mpu.obj</name>
      </input_file>
      <input_file id="fl-e">
         <path>./system/source/</path>
         <kind>object</kind>
         <file>sys_main.obj</file>
         <name>sys_main.obj</name>
      </input_file>
      <input_file id="fl-f">
         <path>./system/source/</path>
         <kind>object</kind>
         <file>sys_intvecs.obj</file>
         <name>sys_intvecs.obj</name>
      </input_file>
      <input_file id="fl-10">
         <path>./system/source/</path>
         <kind>object</kind>
         <file>sys_dma.obj</file>
         <name>sys_dma.obj</name>
      </input_file>
      <input_file id="fl-11">
         <path>./system/source/</path>
         <kind>object</kind>
         <file>sys_core.obj</file>
         <name>sys_core.obj</name>
      </input_file>
      <input_file id="fl-12">
         <path>./system/source/</path>
         <kind>object</kind>
         <file>spi.obj</file>
         <name>spi.obj</name>
      </input_file>
      <input_file id="fl-13">
         <path>./system/source/</path>
         <kind>object</kind>
         <file>sci.obj</file>
         <name>sci.obj</name>
      </input_file>
      <input_file id="fl-14">
         <path>./system/source/</path>
         <kind>object</kind>
         <file>pom.obj</file>
         <name>pom.obj</name>
      </input_file>
      <input_file id="fl-15">
         <path>./system/source/</path>
         <kind>object</kind>
         <file>pinmux.obj</file>
         <name>pinmux.obj</name>
      </input_file>
      <input_file id="fl-16">
         <path>./system/source/</path>
         <kind>object</kind>
         <file>os_timer.obj</file>
         <name>os_timer.obj</name>
      </input_file>
      <input_file id="fl-17">
         <path>./system/source/</path>
         <kind>object</kind>
         <file>os_tasks.obj</file>
         <name>os_tasks.obj</name>
      </input_file>
      <input_file id="fl-18">
         <path>./system/source/</path>
         <kind>object</kind>
         <file>os_queue.obj</file>
         <name>os_queue.obj</name>
      </input_file>
      <input_file id="fl-19">
         <path>./system/source/</path>
         <kind>object</kind>
         <file>os_portasm.obj</file>
         <name>os_portasm.obj</name>
      </input_file>
      <input_file id="fl-1a">
         <path>./system/source/</path>
         <kind>object</kind>
         <file>os_port.obj</file>
         <name>os_port.obj</name>
      </input_file>
      <input_file id="fl-1b">
         <path>./system/source/</path>
         <kind>object</kind>
         <file>os_mpu_wrappers.obj</file>
         <name>os_mpu_wrappers.obj</name>
      </input_file>
      <input_file id="fl-1c">
         <path>./system/source/</path>
         <kind>object</kind>
         <file>os_list.obj</file>
         <name>os_list.obj</name>
      </input_file>
      <input_file id="fl-1d">
         <path>./system/source/</path>
         <kind>object</kind>
         <file>os_heap.obj</file>
         <name>os_heap.obj</name>
      </input_file>
      <input_file id="fl-1e">
         <path>./system/source/</path>
         <kind>object</kind>
         <file>os_event_groups.obj</file>
         <name>os_event_groups.obj</name>
      </input_file>
      <input_file id="fl-1f">
         <path>./system/source/</path>
         <kind>object</kind>
         <file>os_croutine.obj</file>
         <name>os_croutine.obj</name>
      </input_file>
      <input_file id="fl-20">
         <path>./system/source/</path>
         <kind>object</kind>
         <file>notification.obj</file>
         <name>notification.obj</name>
      </input_file>
      <input_file id="fl-21">
         <path>./system/source/</path>
         <kind>object</kind>
         <file>i2c.obj</file>
         <name>i2c.obj</name>
      </input_file>
      <input_file id="fl-22">
         <path>./system/source/</path>
         <kind>object</kind>
         <file>gio.obj</file>
         <name>gio.obj</name>
      </input_file>
      <input_file id="fl-23">
         <path>./system/source/</path>
         <kind>object</kind>
         <file>esm.obj</file>
         <name>esm.obj</name>
      </input_file>
      <input_file id="fl-24">
         <path>./system/source/</path>
         <kind>object</kind>
         <file>dabort.obj</file>
         <name>dabort.obj</name>
      </input_file>
      <input_file id="fl-25">
         <path>./system/source/</path>
         <kind>object</kind>
         <file>can.obj</file>
         <name>can.obj</name>
      </input_file>
      <input_file id="fl-28">
         <path>/opt/ti/ccsv6/tools/compiler/arm_5.1.6/lib/</path>
         <kind>archive</kind>
         <file>rtsv7R4_T_le_v3D16_eabi.lib</file>
         <name>auto_init.obj</name>
      </input_file>
      <input_file id="fl-29">
         <path>/opt/ti/ccsv6/tools/compiler/arm_5.1.6/lib/</path>
         <kind>archive</kind>
         <file>rtsv7R4_T_le_v3D16_eabi.lib</file>
         <name>copy_decompress_none.obj</name>
      </input_file>
      <input_file id="fl-2a">
         <path>/opt/ti/ccsv6/tools/compiler/arm_5.1.6/lib/</path>
         <kind>archive</kind>
         <file>rtsv7R4_T_le_v3D16_eabi.lib</file>
         <name>copy_decompress_rle.obj</name>
      </input_file>
      <input_file id="fl-2b">
         <path>/opt/ti/ccsv6/tools/compiler/arm_5.1.6/lib/</path>
         <kind>archive</kind>
         <file>rtsv7R4_T_le_v3D16_eabi.lib</file>
         <name>copy_zero_init.obj</name>
      </input_file>
      <input_file id="fl-2c">
         <path>/opt/ti/ccsv6/tools/compiler/arm_5.1.6/lib/</path>
         <kind>archive</kind>
         <file>rtsv7R4_T_le_v3D16_eabi.lib</file>
         <name>cpy_tbl.obj</name>
      </input_file>
      <input_file id="fl-2d">
         <path>/opt/ti/ccsv6/tools/compiler/arm_5.1.6/lib/</path>
         <kind>archive</kind>
         <file>rtsv7R4_T_le_v3D16_eabi.lib</file>
         <name>exit.obj</name>
      </input_file>
      <input_file id="fl-2e">
         <path>/opt/ti/ccsv6/tools/compiler/arm_5.1.6/lib/</path>
         <kind>archive</kind>
         <file>rtsv7R4_T_le_v3D16_eabi.lib</file>
         <name>memcmp.obj</name>
      </input_file>
      <input_file id="fl-2f">
         <path>/opt/ti/ccsv6/tools/compiler/arm_5.1.6/lib/</path>
         <kind>archive</kind>
         <file>rtsv7R4_T_le_v3D16_eabi.lib</file>
         <name>memcpy_t2.obj</name>
      </input_file>
      <input_file id="fl-30">
         <path>/opt/ti/ccsv6/tools/compiler/arm_5.1.6/lib/</path>
         <kind>archive</kind>
         <file>rtsv7R4_T_le_v3D16_eabi.lib</file>
         <name>memset_t2.obj</name>
      </input_file>
      <input_file id="fl-31">
         <path>/opt/ti/ccsv6/tools/compiler/arm_5.1.6/lib/</path>
         <kind>archive</kind>
         <file>rtsv7R4_T_le_v3D16_eabi.lib</file>
         <name>strlen.obj</name>
      </input_file>
      <input_file id="fl-32">
         <path>/opt/ti/ccsv6/tools/compiler/arm_5.1.6/lib/</path>
         <kind>archive</kind>
         <file>rtsv7R4_T_le_v3D16_eabi.lib</file>
         <name>strncmp.obj</name>
      </input_file>
      <input_file id="fl-33">
         <path>/opt/ti/ccsv6/tools/compiler/arm_5.1.6/lib/</path>
         <kind>archive</kind>
         <file>rtsv7R4_T_le_v3D16_eabi.lib</file>
         <name>strncpy.obj</name>
      </input_file>
      <input_file id="fl-34">
         <path>/opt/ti/ccsv6/tools/compiler/arm_5.1.6/lib/</path>
         <kind>archive</kind>
         <file>rtsv7R4_T_le_v3D16_eabi.lib</file>
         <name>_lock.obj</name>
      </input_file>
   </input_file_list>
   <object_component_list>
      <object_component id="oc-5d">
         <name>.text</name>
         <load_address>0x20</load_address>
         <run_address>0x20</run_address>
         <size>0x19f0</size>
         <input_file_ref idref="fl-8"/>
      </object_component>
      <object_component id="oc-113">
         <name>.text</name>
         <load_address>0x1a10</load_address>
         <run_address>0x1a10</run_address>
         <size>0x15b4</size>
         <input_file_ref idref="fl-17"/>
      </object_component>
      <object_component id="oc-cb">
         <name>.text</name>
         <load_address>0x2fc4</load_address>
         <run_address>0x2fc4</run_address>
         <size>0xb9c</size>
         <input_file_ref idref="fl-18"/>
      </object_component>
      <object_component id="oc-107">
         <name>.text</name>
         <load_address>0x3b60</load_address>
         <run_address>0x3b60</run_address>
         <size>0x7f8</size>
         <input_file_ref idref="fl-13"/>
      </object_component>
      <object_component id="oc-23d">
         <name>.text</name>
         <load_address>0x4358</load_address>
         <run_address>0x4358</run_address>
         <size>0x6fc</size>
         <input_file_ref idref="fl-12"/>
      </object_component>
      <object_component id="oc-1c1">
         <name>.text</name>
         <load_address>0x4a54</load_address>
         <run_address>0x4a54</run_address>
         <size>0x674</size>
         <input_file_ref idref="fl-16"/>
      </object_component>
      <object_component id="oc-57">
         <name>.text</name>
         <load_address>0x50c8</load_address>
         <run_address>0x50c8</run_address>
         <size>0x60c</size>
         <input_file_ref idref="fl-5"/>
      </object_component>
      <object_component id="oc-d8">
         <name>.text</name>
         <load_address>0x56d4</load_address>
         <run_address>0x56d4</run_address>
         <size>0x598</size>
         <input_file_ref idref="fl-21"/>
      </object_component>
      <object_component id="oc-20">
         <name>.text</name>
         <load_address>0x5c6c</load_address>
         <run_address>0x5c6c</run_address>
         <size>0x528</size>
         <input_file_ref idref="fl-6"/>
      </object_component>
      <object_component id="oc-1b5">
         <name>.text</name>
         <load_address>0x6194</load_address>
         <run_address>0x6194</run_address>
         <size>0x4a4</size>
         <input_file_ref idref="fl-1b"/>
      </object_component>
      <object_component id="oc-1bb">
         <name>.text</name>
         <load_address>0x6638</load_address>
         <run_address>0x6638</run_address>
         <size>0x3cc</size>
         <input_file_ref idref="fl-1e"/>
      </object_component>
      <object_component id="oc-52">
         <name>.text</name>
         <load_address>0x6a04</load_address>
         <run_address>0x6a04</run_address>
         <size>0x3c4</size>
         <input_file_ref idref="fl-11"/>
      </object_component>
      <object_component id="oc-2da">
         <name>.text</name>
         <load_address>0x6dc8</load_address>
         <run_address>0x6dc8</run_address>
         <size>0x34c</size>
         <input_file_ref idref="fl-2"/>
      </object_component>
      <object_component id="oc-63">
         <name>.text</name>
         <load_address>0x7114</load_address>
         <run_address>0x7114</run_address>
         <size>0x330</size>
         <input_file_ref idref="fl-23"/>
      </object_component>
      <object_component id="oc-e5">
         <name>.text</name>
         <load_address>0x7444</load_address>
         <run_address>0x7444</run_address>
         <size>0x314</size>
         <input_file_ref idref="fl-15"/>
      </object_component>
      <object_component id="oc-34">
         <name>.text:retain</name>
         <load_address>0x7758</load_address>
         <run_address>0x7758</run_address>
         <size>0x2c0</size>
         <input_file_ref idref="fl-12"/>
      </object_component>
      <object_component id="oc-3a">
         <name>.text:retain</name>
         <load_address>0x7a18</load_address>
         <run_address>0x7a18</run_address>
         <size>0x284</size>
         <input_file_ref idref="fl-13"/>
      </object_component>
      <object_component id="oc-2">
         <name>.text:retain</name>
         <load_address>0x7c9c</load_address>
         <run_address>0x7c9c</run_address>
         <size>0x1b8</size>
         <input_file_ref idref="fl-7"/>
      </object_component>
      <object_component id="oc-10d">
         <name>.text</name>
         <load_address>0x7e54</load_address>
         <run_address>0x7e54</run_address>
         <size>0x188</size>
         <input_file_ref idref="fl-4"/>
      </object_component>
      <object_component id="oc-243">
         <name>.text</name>
         <load_address>0x7fdc</load_address>
         <run_address>0x7fdc</run_address>
         <size>0x170</size>
         <input_file_ref idref="fl-3"/>
      </object_component>
      <object_component id="oc-40">
         <name>.text:retain</name>
         <load_address>0x814c</load_address>
         <run_address>0x814c</run_address>
         <size>0x130</size>
         <input_file_ref idref="fl-21"/>
      </object_component>
      <object_component id="oc-1f">
         <name>.text:retain</name>
         <load_address>0x827c</load_address>
         <run_address>0x827c</run_address>
         <size>0x124</size>
         <input_file_ref idref="fl-6"/>
      </object_component>
      <object_component id="oc-ed">
         <name>.text</name>
         <load_address>0x83a0</load_address>
         <run_address>0x83a0</run_address>
         <size>0x114</size>
         <input_file_ref idref="fl-9"/>
      </object_component>
      <object_component id="oc-80">
         <name>.text</name>
         <load_address>0x84b4</load_address>
         <run_address>0x84b4</run_address>
         <size>0xe8</size>
         <input_file_ref idref="fl-24"/>
      </object_component>
      <object_component id="oc-46">
         <name>.text:retain</name>
         <load_address>0x859c</load_address>
         <run_address>0x859c</run_address>
         <size>0xd4</size>
         <input_file_ref idref="fl-23"/>
      </object_component>
      <object_component id="oc-4c">
         <name>.text:retain</name>
         <load_address>0x8670</load_address>
         <run_address>0x8670</run_address>
         <size>0xa4</size>
         <input_file_ref idref="fl-25"/>
      </object_component>
      <object_component id="oc-86">
         <name>.text</name>
         <load_address>0x8714</load_address>
         <run_address>0x8714</run_address>
         <size>0x9c</size>
         <input_file_ref idref="fl-2f"/>
      </object_component>
      <object_component id="oc-69">
         <name>.text</name>
         <load_address>0x87b0</load_address>
         <run_address>0x87b0</run_address>
         <size>0x94</size>
         <input_file_ref idref="fl-28"/>
      </object_component>
      <object_component id="oc-250">
         <name>.text</name>
         <load_address>0x8844</load_address>
         <run_address>0x8844</run_address>
         <size>0x78</size>
         <input_file_ref idref="fl-30"/>
      </object_component>
      <object_component id="oc-99">
         <name>.text</name>
         <load_address>0x88bc</load_address>
         <run_address>0x88bc</run_address>
         <size>0x60</size>
         <input_file_ref idref="fl-2a"/>
      </object_component>
      <object_component id="oc-100">
         <name>.text</name>
         <load_address>0x891c</load_address>
         <run_address>0x891c</run_address>
         <size>0x48</size>
         <input_file_ref idref="fl-2c"/>
      </object_component>
      <object_component id="oc-74">
         <name>.text</name>
         <load_address>0x8964</load_address>
         <run_address>0x8964</run_address>
         <size>0x44</size>
         <input_file_ref idref="fl-2d"/>
      </object_component>
      <object_component id="oc-a6">
         <name>.text</name>
         <load_address>0x89a8</load_address>
         <run_address>0x89a8</run_address>
         <size>0x34</size>
         <input_file_ref idref="fl-20"/>
      </object_component>
      <object_component id="oc-2d4">
         <name>.text</name>
         <load_address>0x89dc</load_address>
         <run_address>0x89dc</run_address>
         <size>0x30</size>
         <input_file_ref idref="fl-33"/>
      </object_component>
      <object_component id="oc-338">
         <name>.text</name>
         <load_address>0x8a0c</load_address>
         <run_address>0x8a0c</run_address>
         <size>0x26</size>
         <input_file_ref idref="fl-32"/>
      </object_component>
      <object_component id="oc-25b">
         <name>.text</name>
         <load_address>0x8a32</load_address>
         <run_address>0x8a32</run_address>
         <size>0x22</size>
         <input_file_ref idref="fl-2e"/>
      </object_component>
      <object_component id="oc-6e">
         <name>.text</name>
         <load_address>0x8a54</load_address>
         <run_address>0x8a54</run_address>
         <size>0x20</size>
         <input_file_ref idref="fl-e"/>
      </object_component>
      <object_component id="oc-2e0">
         <name>.text</name>
         <load_address>0x8a74</load_address>
         <run_address>0x8a74</run_address>
         <size>0x16</size>
         <input_file_ref idref="fl-31"/>
      </object_component>
      <object_component id="oc-276">
         <name>.text</name>
         <load_address>0x8a8c</load_address>
         <run_address>0x8a8c</run_address>
         <size>0x14</size>
         <input_file_ref idref="fl-34"/>
      </object_component>
      <object_component id="oc-13">
         <name>.text:decompress:ZI</name>
         <load_address>0x8aa0</load_address>
         <run_address>0x8aa0</run_address>
         <size>0x12</size>
         <input_file_ref idref="fl-2b"/>
      </object_component>
      <object_component id="oc-d">
         <name>.text:decompress:none</name>
         <load_address>0x8ab2</load_address>
         <run_address>0x8ab2</run_address>
         <size>0xe</size>
         <input_file_ref idref="fl-29"/>
      </object_component>
      <object_component id="oc-19">
         <name>.text:decompress:rle24</name>
         <load_address>0x8ac0</load_address>
         <run_address>0x8ac0</run_address>
         <size>0x6</size>
         <input_file_ref idref="fl-2a"/>
      </object_component>
      <object_component id="oc-2b">
         <name>.text:retain</name>
         <load_address>0x8ac8</load_address>
         <run_address>0x8ac8</run_address>
         <size>0x4</size>
         <input_file_ref idref="fl-b"/>
      </object_component>
      <object_component id="oc-399">
         <name>.tramp.uxListRemove.1</name>
         <load_address>0x8acc</load_address>
         <run_address>0x8acc</run_address>
         <size>0xc</size>
         <input_file_ref idref="fl-1c"/>
      </object_component>
      <object_component id="oc-39a">
         <name>.tramp.vListInsertEnd.1</name>
         <load_address>0x8ad8</load_address>
         <run_address>0x8ad8</run_address>
         <size>0xc</size>
         <input_file_ref idref="fl-1c"/>
      </object_component>
      <object_component id="oc-39b">
         <name>.tramp.pvPortMalloc.1</name>
         <load_address>0x8ae4</load_address>
         <run_address>0x8ae4</run_address>
         <size>0xc</size>
         <input_file_ref idref="fl-1d"/>
      </object_component>
      <object_component id="oc-39c">
         <name>.tramp.vPortFree.1</name>
         <load_address>0x8af0</load_address>
         <run_address>0x8af0</run_address>
         <size>0xc</size>
         <input_file_ref idref="fl-1d"/>
      </object_component>
      <object_component id="oc-39e">
         <name>.tramp.vListInitialiseItem.1</name>
         <load_address>0x8afc</load_address>
         <run_address>0x8afc</run_address>
         <size>0xc</size>
         <input_file_ref idref="fl-1c"/>
      </object_component>
      <object_component id="oc-39f">
         <name>.tramp.vPortStoreTaskMPUSettings.1</name>
         <load_address>0x8b08</load_address>
         <run_address>0x8b08</run_address>
         <size>0xc</size>
         <input_file_ref idref="fl-1a"/>
      </object_component>
      <object_component id="oc-3a0">
         <name>.tramp.vListInitialise.1</name>
         <load_address>0x8b14</load_address>
         <run_address>0x8b14</run_address>
         <size>0xc</size>
         <input_file_ref idref="fl-1c"/>
      </object_component>
      <object_component id="oc-3a1">
         <name>.tramp.pxPortInitialiseStack.1</name>
         <load_address>0x8b20</load_address>
         <run_address>0x8b20</run_address>
         <size>0xc</size>
         <input_file_ref idref="fl-1a"/>
      </object_component>
      <object_component id="oc-3a4">
         <name>.tramp.ulPortCountLeadingZeros.1</name>
         <load_address>0x8b2c</load_address>
         <run_address>0x8b2c</run_address>
         <size>0xc</size>
         <input_file_ref idref="fl-19"/>
      </object_component>
      <object_component id="oc-3a6">
         <name>.tramp.xPortStartScheduler.1</name>
         <load_address>0x8b38</load_address>
         <run_address>0x8b38</run_address>
         <size>0xc</size>
         <input_file_ref idref="fl-1a"/>
      </object_component>
      <object_component id="oc-3a7">
         <name>.tramp.vListInsert.1</name>
         <load_address>0x8b44</load_address>
         <run_address>0x8b44</run_address>
         <size>0xc</size>
         <input_file_ref idref="fl-1c"/>
      </object_component>
      <object_component id="oc-3a8">
         <name>.tramp.vPortEndScheduler.1</name>
         <load_address>0x8b50</load_address>
         <run_address>0x8b50</run_address>
         <size>0xc</size>
         <input_file_ref idref="fl-1a"/>
      </object_component>
      <object_component id="oc-3a9">
         <name>.tramp.memcpy.1</name>
         <load_address>0x8b5c</load_address>
         <run_address>0x8b5c</run_address>
         <size>0xc</size>
         <input_file_ref idref="fl-2f"/>
      </object_component>
      <object_component id="oc-3b2">
         <name>.tramp.xPortGetFreeHeapSize.1</name>
         <load_address>0x8b68</load_address>
         <run_address>0x8b68</run_address>
         <size>0xc</size>
         <input_file_ref idref="fl-1d"/>
      </object_component>
      <object_component id="oc-3b3">
         <name>.tramp.vPortInitialiseBlocks.1</name>
         <load_address>0x8b74</load_address>
         <run_address>0x8b74</run_address>
         <size>0xc</size>
         <input_file_ref idref="fl-1d"/>
      </object_component>
      <object_component id="oc-2c">
         <name>.const:s_vim_init</name>
         <load_address>0x8ef0</load_address>
         <run_address>0x8ef0</run_address>
         <size>0x180</size>
         <input_file_ref idref="fl-6"/>
      </object_component>
      <object_component id="oc-361">
         <name>.const:.string</name>
         <load_address>0x9070</load_address>
         <run_address>0x9070</run_address>
         <size>0x38</size>
         <input_file_ref idref="fl-2"/>
      </object_component>
      <object_component id="oc-34b">
         <name>.const:.string</name>
         <load_address>0x90a8</load_address>
         <run_address>0x90a8</run_address>
         <size>0x38</size>
         <input_file_ref idref="fl-3"/>
      </object_component>
      <object_component id="oc-26d">
         <name>.const:.string</name>
         <load_address>0x90e0</load_address>
         <run_address>0x90e0</run_address>
         <size>0x14</size>
         <input_file_ref idref="fl-17"/>
      </object_component>
      <object_component id="oc-249">
         <name>.const</name>
         <load_address>0x90f4</load_address>
         <run_address>0x90f4</run_address>
         <size>0x14</size>
         <input_file_ref idref="fl-4"/>
      </object_component>
      <object_component id="oc-356">
         <name>.const</name>
         <load_address>0x9108</load_address>
         <run_address>0x9108</run_address>
         <size>0x10</size>
         <input_file_ref idref="fl-2"/>
      </object_component>
      <object_component id="oc-11b">
         <name>.data</name>
         <load_address>0x9174</load_address>
         <run_address>0x9174</run_address>
         <size>0x8</size>
         <input_file_ref idref="fl-34"/>
      </object_component>
      <object_component id="oc-11e">
         <name>.data</name>
         <load_address>0x917c</load_address>
         <run_address>0x917c</run_address>
         <size>0x8</size>
         <input_file_ref idref="fl-2d"/>
      </object_component>
      <object_component id="oc-124">
         <name>.data</name>
         <load_address>0x9118</load_address>
         <run_address>0x9118</run_address>
         <size>0x30</size>
         <input_file_ref idref="fl-17"/>
      </object_component>
      <object_component id="oc-2b4">
         <name>.data</name>
         <load_address>0x916c</load_address>
         <run_address>0x916c</run_address>
         <size>0x8</size>
         <input_file_ref idref="fl-16"/>
      </object_component>
      <object_component id="oc-2ec">
         <name>.data</name>
         <load_address>0x915c</load_address>
         <run_address>0x915c</run_address>
         <size>0x10</size>
         <input_file_ref idref="fl-3"/>
      </object_component>
      <object_component id="oc-33e">
         <name>.data</name>
         <load_address>0x9148</load_address>
         <run_address>0x9148</run_address>
         <size>0x14</size>
         <input_file_ref idref="fl-2"/>
      </object_component>
      <object_component id="oc-c1">
         <name>.bss:g_spiPacket_t</name>
         <uninitialized>true</uninitialized>
         <run_address>0x8d50</run_address>
         <size>0x78</size>
         <input_file_ref idref="fl-12"/>
      </object_component>
      <object_component id="oc-234">
         <name>.bss:g_sciTransfer_t</name>
         <uninitialized>true</uninitialized>
         <run_address>0x8dfc</run_address>
         <size>0x28</size>
         <input_file_ref idref="fl-13"/>
      </object_component>
      <object_component id="oc-265">
         <name>.bss:pxReadyTasksLists</name>
         <uninitialized>true</uninitialized>
         <run_address>0x8b80</run_address>
         <size>0xa0</size>
         <input_file_ref idref="fl-17"/>
      </object_component>
      <object_component id="oc-2e6">
         <name>.bss:cli_output</name>
         <uninitialized>true</uninitialized>
         <run_address>0x8cb8</run_address>
         <size>0x98</size>
         <input_file_ref idref="fl-3"/>
      </object_component>
      <object_component id="oc-2e9">
         <name>.bss:cli_input</name>
         <uninitialized>true</uninitialized>
         <run_address>0x8c20</run_address>
         <size>0x98</size>
         <input_file_ref idref="fl-3"/>
      </object_component>
      <object_component id="oc-341">
         <name>.bss:cOutputBuffer</name>
         <uninitialized>true</uninitialized>
         <run_address>0x8dc8</run_address>
         <size>0x34</size>
         <input_file_ref idref="fl-2"/>
      </object_component>
      <object_component id="oc-24c">
         <name>.common:test_mutex</name>
         <uninitialized>true</uninitialized>
         <run_address>0x8eec</run_address>
         <size>0x4</size>
      </object_component>
      <object_component id="oc-23a">
         <name>.common:sciTQ</name>
         <uninitialized>true</uninitialized>
         <run_address>0x8ecc</run_address>
         <size>0x8</size>
      </object_component>
      <object_component id="oc-23b">
         <name>.common:sciRQ</name>
         <uninitialized>true</uninitialized>
         <run_address>0x8ec4</run_address>
         <size>0x8</size>
      </object_component>
      <object_component id="oc-237">
         <name>.common:sciM</name>
         <uninitialized>true</uninitialized>
         <run_address>0x8ebc</run_address>
         <size>0x8</size>
      </object_component>
      <object_component id="oc-2b7">
         <name>.common:xActiveTimerList1</name>
         <uninitialized>true</uninitialized>
         <run_address>0x8e24</run_address>
         <size>0x14</size>
      </object_component>
      <object_component id="oc-2ba">
         <name>.common:xActiveTimerList2</name>
         <uninitialized>true</uninitialized>
         <run_address>0x8e38</run_address>
         <size>0x14</size>
      </object_component>
      <object_component id="oc-2bb">
         <name>.common:pxCurrentTimerList</name>
         <uninitialized>true</uninitialized>
         <run_address>0x8edc</run_address>
         <size>0x4</size>
      </object_component>
      <object_component id="oc-2bc">
         <name>.common:pxOverflowTimerList</name>
         <uninitialized>true</uninitialized>
         <run_address>0x8ee8</run_address>
         <size>0x4</size>
      </object_component>
      <object_component id="oc-26a">
         <name>.common:xDelayedTaskList1</name>
         <uninitialized>true</uninitialized>
         <run_address>0x8e4c</run_address>
         <size>0x14</size>
      </object_component>
      <object_component id="oc-26b">
         <name>.common:xDelayedTaskList2</name>
         <uninitialized>true</uninitialized>
         <run_address>0x8e60</run_address>
         <size>0x14</size>
      </object_component>
      <object_component id="oc-268">
         <name>.common:pxDelayedTaskList</name>
         <uninitialized>true</uninitialized>
         <run_address>0x8ee0</run_address>
         <size>0x4</size>
      </object_component>
      <object_component id="oc-269">
         <name>.common:pxOverflowDelayedTaskList</name>
         <uninitialized>true</uninitialized>
         <run_address>0x8ee4</run_address>
         <size>0x4</size>
      </object_component>
      <object_component id="oc-264">
         <name>.common:xPendingReadyList</name>
         <uninitialized>true</uninitialized>
         <run_address>0x8e74</run_address>
         <size>0x14</size>
      </object_component>
      <object_component id="oc-26c">
         <name>.common:xTasksWaitingTermination</name>
         <uninitialized>true</uninitialized>
         <run_address>0x8e9c</run_address>
         <size>0x14</size>
      </object_component>
      <object_component id="oc-261">
         <name>.common:xSuspendedTaskList</name>
         <uninitialized>true</uninitialized>
         <run_address>0x8e88</run_address>
         <size>0x14</size>
      </object_component>
      <object_component id="oc-1cb">
         <name>.common:g_i2cTransfer_t</name>
         <uninitialized>true</uninitialized>
         <run_address>0x8eb0</run_address>
         <size>0xc</size>
      </object_component>
      <object_component id="oc-1c7">
         <name>.common:i2c_mutex</name>
         <uninitialized>true</uninitialized>
         <run_address>0x8ed8</run_address>
         <size>0x4</size>
      </object_component>
      <object_component id="oc-1ca">
         <name>.common:i2c_events</name>
         <uninitialized>true</uninitialized>
         <run_address>0x8ed4</run_address>
         <size>0x4</size>
      </object_component>
      <object_component id="oc-38b">
         <name>.cinit..data.load</name>
         <load_address>0x29d10</load_address>
         <run_address>0x29d10</run_address>
         <size>0x2f</size>
      </object_component>
      <object_component id="oc-38d">
         <name>.cinit..kernelBSS.load</name>
         <load_address>0x29d40</load_address>
         <run_address>0x29d40</run_address>
         <size>0xf</size>
      </object_component>
      <object_component id="oc-389">
         <name>__TI_handler_table</name>
         <load_address>0x29d50</load_address>
         <run_address>0x29d50</run_address>
         <size>0xc</size>
      </object_component>
      <object_component id="oc-38c">
         <name>.cinit..bss.load</name>
         <load_address>0x29d60</load_address>
         <run_address>0x29d60</run_address>
         <size>0x8</size>
      </object_component>
      <object_component id="oc-38e">
         <name>.cinit..kernelHEAP.load</name>
         <load_address>0x29d68</load_address>
         <run_address>0x29d68</run_address>
         <size>0x8</size>
      </object_component>
      <object_component id="oc-38a">
         <name>__TI_cinit_table</name>
         <load_address>0x29d70</load_address>
         <run_address>0x29d70</run_address>
         <size>0x20</size>
      </object_component>
      <object_component id="oc-3">
         <name>.debug_info</name>
         <load_address>0x0</load_address>
         <run_address>0x0</run_address>
         <size>0x4f6</size>
         <input_file_ref idref="fl-7"/>
      </object_component>
      <object_component id="oc-9">
         <name>.debug_info</name>
         <load_address>0x4f6</load_address>
         <run_address>0x4f6</run_address>
         <size>0x140</size>
         <input_file_ref idref="fl-f"/>
      </object_component>
      <object_component id="oc-e">
         <name>.debug_info</name>
         <load_address>0x636</load_address>
         <run_address>0x636</run_address>
         <size>0x194</size>
         <input_file_ref idref="fl-29"/>
      </object_component>
      <object_component id="oc-16">
         <name>.debug_info</name>
         <load_address>0x7ca</load_address>
         <run_address>0x7ca</run_address>
         <size>0x16a</size>
         <input_file_ref idref="fl-2b"/>
      </object_component>
      <object_component id="oc-1a">
         <name>.debug_info</name>
         <load_address>0x934</load_address>
         <run_address>0x934</run_address>
         <size>0x18e</size>
         <input_file_ref idref="fl-2a"/>
      </object_component>
      <object_component id="oc-21">
         <name>.debug_info</name>
         <load_address>0xac2</load_address>
         <run_address>0xac2</run_address>
         <size>0x4ab</size>
         <input_file_ref idref="fl-6"/>
      </object_component>
      <object_component id="oc-26">
         <name>.debug_info</name>
         <load_address>0xf6d</load_address>
         <run_address>0xf6d</run_address>
         <size>0x1e7</size>
         <input_file_ref idref="fl-6"/>
      </object_component>
      <object_component id="oc-2d">
         <name>.debug_info</name>
         <load_address>0x1154</load_address>
         <run_address>0x1154</run_address>
         <size>0x10d</size>
         <input_file_ref idref="fl-6"/>
      </object_component>
      <object_component id="oc-2f">
         <name>.debug_info</name>
         <load_address>0x1261</load_address>
         <run_address>0x1261</run_address>
         <size>0x173</size>
         <input_file_ref idref="fl-b"/>
      </object_component>
      <object_component id="oc-35">
         <name>.debug_info</name>
         <load_address>0x13d4</load_address>
         <run_address>0x13d4</run_address>
         <size>0x3d9</size>
         <input_file_ref idref="fl-12"/>
      </object_component>
      <object_component id="oc-3b">
         <name>.debug_info</name>
         <load_address>0x17ad</load_address>
         <run_address>0x17ad</run_address>
         <size>0x377</size>
         <input_file_ref idref="fl-13"/>
      </object_component>
      <object_component id="oc-41">
         <name>.debug_info</name>
         <load_address>0x1b24</load_address>
         <run_address>0x1b24</run_address>
         <size>0x18c</size>
         <input_file_ref idref="fl-21"/>
      </object_component>
      <object_component id="oc-47">
         <name>.debug_info</name>
         <load_address>0x1cb0</load_address>
         <run_address>0x1cb0</run_address>
         <size>0x1a5</size>
         <input_file_ref idref="fl-23"/>
      </object_component>
      <object_component id="oc-4d">
         <name>.debug_info</name>
         <load_address>0x1e55</load_address>
         <run_address>0x1e55</run_address>
         <size>0x1f0</size>
         <input_file_ref idref="fl-25"/>
      </object_component>
      <object_component id="oc-53">
         <name>.debug_info</name>
         <load_address>0x2045</load_address>
         <run_address>0x2045</run_address>
         <size>0x93b</size>
         <input_file_ref idref="fl-11"/>
      </object_component>
      <object_component id="oc-58">
         <name>.debug_info</name>
         <load_address>0x2980</load_address>
         <run_address>0x2980</run_address>
         <size>0x79d</size>
         <input_file_ref idref="fl-5"/>
      </object_component>
      <object_component id="oc-5e">
         <name>.debug_info</name>
         <load_address>0x311d</load_address>
         <run_address>0x311d</run_address>
         <size>0x2afe</size>
         <input_file_ref idref="fl-8"/>
      </object_component>
      <object_component id="oc-64">
         <name>.debug_info</name>
         <load_address>0x5c1b</load_address>
         <run_address>0x5c1b</run_address>
         <size>0xc7e</size>
         <input_file_ref idref="fl-23"/>
      </object_component>
      <object_component id="oc-6b">
         <name>.debug_info</name>
         <load_address>0x6899</load_address>
         <run_address>0x6899</run_address>
         <size>0x13d</size>
         <input_file_ref idref="fl-28"/>
      </object_component>
      <object_component id="oc-6f">
         <name>.debug_info</name>
         <load_address>0x69d6</load_address>
         <run_address>0x69d6</run_address>
         <size>0x2f2</size>
         <input_file_ref idref="fl-e"/>
      </object_component>
      <object_component id="oc-75">
         <name>.debug_info</name>
         <load_address>0x6cc8</load_address>
         <run_address>0x6cc8</run_address>
         <size>0x1c2</size>
         <input_file_ref idref="fl-2d"/>
      </object_component>
      <object_component id="oc-7c">
         <name>.debug_info</name>
         <load_address>0x6e8a</load_address>
         <run_address>0x6e8a</run_address>
         <size>0x5a0</size>
         <input_file_ref idref="fl-19"/>
      </object_component>
      <object_component id="oc-81">
         <name>.debug_info</name>
         <load_address>0x742a</load_address>
         <run_address>0x742a</run_address>
         <size>0x138</size>
         <input_file_ref idref="fl-24"/>
      </object_component>
      <object_component id="oc-88">
         <name>.debug_info</name>
         <load_address>0x7562</load_address>
         <run_address>0x7562</run_address>
         <size>0xcc</size>
         <input_file_ref idref="fl-2f"/>
      </object_component>
      <object_component id="oc-8c">
         <name>.debug_info</name>
         <load_address>0x762e</load_address>
         <run_address>0x762e</run_address>
         <size>0x46</size>
         <input_file_ref idref="fl-29"/>
      </object_component>
      <object_component id="oc-91">
         <name>.debug_info</name>
         <load_address>0x7674</load_address>
         <run_address>0x7674</run_address>
         <size>0xf2</size>
         <input_file_ref idref="fl-29"/>
      </object_component>
      <object_component id="oc-93">
         <name>.debug_info</name>
         <load_address>0x7766</load_address>
         <run_address>0x7766</run_address>
         <size>0x46</size>
         <input_file_ref idref="fl-2b"/>
      </object_component>
      <object_component id="oc-98">
         <name>.debug_info</name>
         <load_address>0x77ac</load_address>
         <run_address>0x77ac</run_address>
         <size>0xad</size>
         <input_file_ref idref="fl-2b"/>
      </object_component>
      <object_component id="oc-9a">
         <name>.debug_info</name>
         <load_address>0x7859</load_address>
         <run_address>0x7859</run_address>
         <size>0x1ef</size>
         <input_file_ref idref="fl-2a"/>
      </object_component>
      <object_component id="oc-a0">
         <name>.debug_info</name>
         <load_address>0x7a48</load_address>
         <run_address>0x7a48</run_address>
         <size>0xb7</size>
         <input_file_ref idref="fl-2a"/>
      </object_component>
      <object_component id="oc-a1">
         <name>.debug_info</name>
         <load_address>0x7aff</load_address>
         <run_address>0x7aff</run_address>
         <size>0x39</size>
         <input_file_ref idref="fl-2a"/>
      </object_component>
      <object_component id="oc-a7">
         <name>.debug_info</name>
         <load_address>0x7b38</load_address>
         <run_address>0x7b38</run_address>
         <size>0xa34</size>
         <input_file_ref idref="fl-20"/>
      </object_component>
      <object_component id="oc-ad">
         <name>.debug_info</name>
         <load_address>0x856c</load_address>
         <run_address>0x856c</run_address>
         <size>0xae</size>
         <input_file_ref idref="fl-3"/>
      </object_component>
      <object_component id="oc-b2">
         <name>.debug_info</name>
         <load_address>0x861a</load_address>
         <run_address>0x861a</run_address>
         <size>0x18c</size>
         <input_file_ref idref="fl-5"/>
      </object_component>
      <object_component id="oc-b7">
         <name>.debug_info</name>
         <load_address>0x87a6</load_address>
         <run_address>0x87a6</run_address>
         <size>0x464</size>
         <input_file_ref idref="fl-6"/>
      </object_component>
      <object_component id="oc-b8">
         <name>.debug_info</name>
         <load_address>0x8c0a</load_address>
         <run_address>0x8c0a</run_address>
         <size>0x86</size>
         <input_file_ref idref="fl-3"/>
      </object_component>
      <object_component id="oc-c2">
         <name>.debug_info</name>
         <load_address>0x8c90</load_address>
         <run_address>0x8c90</run_address>
         <size>0x10f</size>
         <input_file_ref idref="fl-12"/>
      </object_component>
      <object_component id="oc-c5">
         <name>.debug_info</name>
         <load_address>0x8d9f</load_address>
         <run_address>0x8d9f</run_address>
         <size>0x375</size>
         <input_file_ref idref="fl-4"/>
      </object_component>
      <object_component id="oc-ca">
         <name>.debug_info</name>
         <load_address>0x9114</load_address>
         <run_address>0x9114</run_address>
         <size>0x1e1</size>
         <input_file_ref idref="fl-12"/>
      </object_component>
      <object_component id="oc-cc">
         <name>.debug_info</name>
         <load_address>0x92f5</load_address>
         <run_address>0x92f5</run_address>
         <size>0x25f6</size>
         <input_file_ref idref="fl-18"/>
      </object_component>
      <object_component id="oc-d2">
         <name>.debug_info</name>
         <load_address>0xb8eb</load_address>
         <run_address>0xb8eb</run_address>
         <size>0x560</size>
         <input_file_ref idref="fl-13"/>
      </object_component>
      <object_component id="oc-d9">
         <name>.debug_info</name>
         <load_address>0xbe4b</load_address>
         <run_address>0xbe4b</run_address>
         <size>0x13c7</size>
         <input_file_ref idref="fl-21"/>
      </object_component>
      <object_component id="oc-df">
         <name>.debug_info</name>
         <load_address>0xd212</load_address>
         <run_address>0xd212</run_address>
         <size>0x496</size>
         <input_file_ref idref="fl-21"/>
      </object_component>
      <object_component id="oc-e6">
         <name>.debug_info</name>
         <load_address>0xd6a8</load_address>
         <run_address>0xd6a8</run_address>
         <size>0x228</size>
         <input_file_ref idref="fl-15"/>
      </object_component>
      <object_component id="oc-ec">
         <name>.debug_info</name>
         <load_address>0xd8d0</load_address>
         <run_address>0xd8d0</run_address>
         <size>0x3af</size>
         <input_file_ref idref="fl-5"/>
      </object_component>
      <object_component id="oc-ee">
         <name>.debug_info</name>
         <load_address>0xdc7f</load_address>
         <run_address>0xdc7f</run_address>
         <size>0x400</size>
         <input_file_ref idref="fl-9"/>
      </object_component>
      <object_component id="oc-f3">
         <name>.debug_info</name>
         <load_address>0xe07f</load_address>
         <run_address>0xe07f</run_address>
         <size>0x511</size>
         <input_file_ref idref="fl-8"/>
      </object_component>
      <object_component id="oc-f4">
         <name>.debug_info</name>
         <load_address>0xe590</load_address>
         <run_address>0xe590</run_address>
         <size>0x84</size>
         <input_file_ref idref="fl-2"/>
      </object_component>
      <object_component id="oc-fa">
         <name>.debug_info</name>
         <load_address>0xe614</load_address>
         <run_address>0xe614</run_address>
         <size>0x1ad</size>
         <input_file_ref idref="fl-23"/>
      </object_component>
      <object_component id="oc-fb">
         <name>.debug_info</name>
         <load_address>0xe7c1</load_address>
         <run_address>0xe7c1</run_address>
         <size>0x129</size>
         <input_file_ref idref="fl-5"/>
      </object_component>
      <object_component id="oc-103">
         <name>.debug_info</name>
         <load_address>0xe8ea</load_address>
         <run_address>0xe8ea</run_address>
         <size>0x14b</size>
         <input_file_ref idref="fl-2c"/>
      </object_component>
      <object_component id="oc-108">
         <name>.debug_info</name>
         <load_address>0xea35</load_address>
         <run_address>0xea35</run_address>
         <size>0x1339</size>
         <input_file_ref idref="fl-13"/>
      </object_component>
      <object_component id="oc-10e">
         <name>.debug_info</name>
         <load_address>0xfd6e</load_address>
         <run_address>0xfd6e</run_address>
         <size>0x5c5</size>
         <input_file_ref idref="fl-4"/>
      </object_component>
      <object_component id="oc-114">
         <name>.debug_info</name>
         <load_address>0x10333</load_address>
         <run_address>0x10333</run_address>
         <size>0x36e3</size>
         <input_file_ref idref="fl-17"/>
      </object_component>
      <object_component id="oc-11a">
         <name>.debug_info</name>
         <load_address>0x13a16</load_address>
         <run_address>0x13a16</run_address>
         <size>0x1f5</size>
         <input_file_ref idref="fl-e"/>
      </object_component>
      <object_component id="oc-11c">
         <name>.debug_info</name>
         <load_address>0x13c0b</load_address>
         <run_address>0x13c0b</run_address>
         <size>0xc8</size>
         <input_file_ref idref="fl-34"/>
      </object_component>
      <object_component id="oc-11f">
         <name>.debug_info</name>
         <load_address>0x13cd3</load_address>
         <run_address>0x13cd3</run_address>
         <size>0xeb</size>
         <input_file_ref idref="fl-2d"/>
      </object_component>
      <object_component id="oc-122">
         <name>.debug_info</name>
         <load_address>0x13dbe</load_address>
         <run_address>0x13dbe</run_address>
         <size>0x146</size>
         <input_file_ref idref="fl-2d"/>
      </object_component>
      <object_component id="oc-125">
         <name>.debug_info</name>
         <load_address>0x13f04</load_address>
         <run_address>0x13f04</run_address>
         <size>0x31f</size>
         <input_file_ref idref="fl-17"/>
      </object_component>
      <object_component id="oc-128">
         <name>.debug_info</name>
         <load_address>0x14223</load_address>
         <run_address>0x14223</run_address>
         <size>0x153</size>
         <input_file_ref idref="fl-1a"/>
      </object_component>
      <object_component id="oc-12d">
         <name>.debug_info</name>
         <load_address>0x14376</load_address>
         <run_address>0x14376</run_address>
         <size>0x2c</size>
         <input_file_ref idref="fl-29"/>
      </object_component>
      <object_component id="oc-134">
         <name>.debug_info</name>
         <load_address>0x143a2</load_address>
         <run_address>0x143a2</run_address>
         <size>0x2c</size>
         <input_file_ref idref="fl-2"/>
      </object_component>
      <object_component id="oc-13f">
         <name>.debug_info</name>
         <load_address>0x143ce</load_address>
         <run_address>0x143ce</run_address>
         <size>0x35a</size>
         <input_file_ref idref="fl-20"/>
      </object_component>
      <object_component id="oc-140">
         <name>.debug_info</name>
         <load_address>0x14728</load_address>
         <run_address>0x14728</run_address>
         <size>0x65a</size>
         <input_file_ref idref="fl-10"/>
      </object_component>
      <object_component id="oc-145">
         <name>.debug_info</name>
         <load_address>0x14d82</load_address>
         <run_address>0x14d82</run_address>
         <size>0x18b</size>
         <input_file_ref idref="fl-2"/>
      </object_component>
      <object_component id="oc-14a">
         <name>.debug_info</name>
         <load_address>0x14f0d</load_address>
         <run_address>0x14f0d</run_address>
         <size>0x2c</size>
         <input_file_ref idref="fl-3"/>
      </object_component>
      <object_component id="oc-151">
         <name>.debug_info</name>
         <load_address>0x14f39</load_address>
         <run_address>0x14f39</run_address>
         <size>0x1f2</size>
         <input_file_ref idref="fl-5"/>
      </object_component>
      <object_component id="oc-156">
         <name>.debug_info</name>
         <load_address>0x1512b</load_address>
         <run_address>0x1512b</run_address>
         <size>0x435</size>
         <input_file_ref idref="fl-5"/>
      </object_component>
      <object_component id="oc-15b">
         <name>.debug_info</name>
         <load_address>0x15560</load_address>
         <run_address>0x15560</run_address>
         <size>0x1d1</size>
         <input_file_ref idref="fl-3"/>
      </object_component>
      <object_component id="oc-160">
         <name>.debug_info</name>
         <load_address>0x15731</load_address>
         <run_address>0x15731</run_address>
         <size>0x6a6</size>
         <input_file_ref idref="fl-5"/>
      </object_component>
      <object_component id="oc-165">
         <name>.debug_info</name>
         <load_address>0x15dd7</load_address>
         <run_address>0x15dd7</run_address>
         <size>0x13e</size>
         <input_file_ref idref="fl-5"/>
      </object_component>
      <object_component id="oc-16a">
         <name>.debug_info</name>
         <load_address>0x15f15</load_address>
         <run_address>0x15f15</run_address>
         <size>0x2cf</size>
         <input_file_ref idref="fl-5"/>
      </object_component>
      <object_component id="oc-16f">
         <name>.debug_info</name>
         <load_address>0x161e4</load_address>
         <run_address>0x161e4</run_address>
         <size>0x4f</size>
         <input_file_ref idref="fl-6"/>
      </object_component>
      <object_component id="oc-178">
         <name>.debug_info</name>
         <load_address>0x16233</load_address>
         <run_address>0x16233</run_address>
         <size>0xb9</size>
         <input_file_ref idref="fl-12"/>
      </object_component>
      <object_component id="oc-17d">
         <name>.debug_info</name>
         <load_address>0x162ec</load_address>
         <run_address>0x162ec</run_address>
         <size>0x26c</size>
         <input_file_ref idref="fl-4"/>
      </object_component>
      <object_component id="oc-183">
         <name>.debug_info</name>
         <load_address>0x16558</load_address>
         <run_address>0x16558</run_address>
         <size>0x51e</size>
         <input_file_ref idref="fl-1c"/>
      </object_component>
      <object_component id="oc-189">
         <name>.debug_info</name>
         <load_address>0x16a76</load_address>
         <run_address>0x16a76</run_address>
         <size>0x74b</size>
         <input_file_ref idref="fl-1d"/>
      </object_component>
      <object_component id="oc-18f">
         <name>.debug_info</name>
         <load_address>0x171c1</load_address>
         <run_address>0x171c1</run_address>
         <size>0xe1</size>
         <input_file_ref idref="fl-2"/>
      </object_component>
      <object_component id="oc-194">
         <name>.debug_info</name>
         <load_address>0x172a2</load_address>
         <run_address>0x172a2</run_address>
         <size>0x46</size>
         <input_file_ref idref="fl-3"/>
      </object_component>
      <object_component id="oc-199">
         <name>.debug_info</name>
         <load_address>0x172e8</load_address>
         <run_address>0x172e8</run_address>
         <size>0x668</size>
         <input_file_ref idref="fl-18"/>
      </object_component>
      <object_component id="oc-19a">
         <name>.debug_info</name>
         <load_address>0x17950</load_address>
         <run_address>0x17950</run_address>
         <size>0x2ab</size>
         <input_file_ref idref="fl-2"/>
      </object_component>
      <object_component id="oc-1a1">
         <name>.debug_info</name>
         <load_address>0x17bfb</load_address>
         <run_address>0x17bfb</run_address>
         <size>0x2c</size>
         <input_file_ref idref="fl-3"/>
      </object_component>
      <object_component id="oc-1a6">
         <name>.debug_info</name>
         <load_address>0x17c27</load_address>
         <run_address>0x17c27</run_address>
         <size>0x91</size>
         <input_file_ref idref="fl-13"/>
      </object_component>
      <object_component id="oc-1ab">
         <name>.debug_info</name>
         <load_address>0x17cb8</load_address>
         <run_address>0x17cb8</run_address>
         <size>0x243</size>
         <input_file_ref idref="fl-3"/>
      </object_component>
      <object_component id="oc-1b0">
         <name>.debug_info</name>
         <load_address>0x17efb</load_address>
         <run_address>0x17efb</run_address>
         <size>0x18e</size>
         <input_file_ref idref="fl-3"/>
      </object_component>
      <object_component id="oc-1b6">
         <name>.debug_info</name>
         <load_address>0x18089</load_address>
         <run_address>0x18089</run_address>
         <size>0x24c1</size>
         <input_file_ref idref="fl-1b"/>
      </object_component>
      <object_component id="oc-1bc">
         <name>.debug_info</name>
         <load_address>0x1a54a</load_address>
         <run_address>0x1a54a</run_address>
         <size>0x1371</size>
         <input_file_ref idref="fl-1e"/>
      </object_component>
      <object_component id="oc-1c2">
         <name>.debug_info</name>
         <load_address>0x1b8bb</load_address>
         <run_address>0x1b8bb</run_address>
         <size>0x1a73</size>
         <input_file_ref idref="fl-16"/>
      </object_component>
      <object_component id="oc-1cd">
         <name>.debug_info</name>
         <load_address>0x1d32e</load_address>
         <run_address>0x1d32e</run_address>
         <size>0x39</size>
         <input_file_ref idref="fl-3"/>
      </object_component>
      <object_component id="oc-1d4">
         <name>.debug_info</name>
         <load_address>0x1d367</load_address>
         <run_address>0x1d367</run_address>
         <size>0x46</size>
         <input_file_ref idref="fl-3"/>
      </object_component>
      <object_component id="oc-1d9">
         <name>.debug_info</name>
         <load_address>0x1d3ad</load_address>
         <run_address>0x1d3ad</run_address>
         <size>0x2e2</size>
         <input_file_ref idref="fl-4"/>
      </object_component>
      <object_component id="oc-1de">
         <name>.debug_info</name>
         <load_address>0x1d68f</load_address>
         <run_address>0x1d68f</run_address>
         <size>0x34f</size>
         <input_file_ref idref="fl-4"/>
      </object_component>
      <object_component id="oc-1e3">
         <name>.debug_info</name>
         <load_address>0x1d9de</load_address>
         <run_address>0x1d9de</run_address>
         <size>0x14c</size>
         <input_file_ref idref="fl-2"/>
      </object_component>
      <object_component id="oc-1e8">
         <name>.debug_info</name>
         <load_address>0x1db2a</load_address>
         <run_address>0x1db2a</run_address>
         <size>0x69</size>
         <input_file_ref idref="fl-21"/>
      </object_component>
      <object_component id="oc-1ee">
         <name>.debug_info</name>
         <load_address>0x1db93</load_address>
         <run_address>0x1db93</run_address>
         <size>0x159</size>
         <input_file_ref idref="fl-15"/>
      </object_component>
      <object_component id="oc-1f1">
         <name>.debug_info</name>
         <load_address>0x1dcec</load_address>
         <run_address>0x1dcec</run_address>
         <size>0x60e</size>
         <input_file_ref idref="fl-5"/>
      </object_component>
      <object_component id="oc-1f6">
         <name>.debug_info</name>
         <load_address>0x1e2fa</load_address>
         <run_address>0x1e2fa</run_address>
         <size>0x4de</size>
         <input_file_ref idref="fl-5"/>
      </object_component>
      <object_component id="oc-1fb">
         <name>.debug_info</name>
         <load_address>0x1e7d8</load_address>
         <run_address>0x1e7d8</run_address>
         <size>0x3ce</size>
         <input_file_ref idref="fl-5"/>
      </object_component>
      <object_component id="oc-200">
         <name>.debug_info</name>
         <load_address>0x1eba6</load_address>
         <run_address>0x1eba6</run_address>
         <size>0x437</size>
         <input_file_ref idref="fl-5"/>
      </object_component>
      <object_component id="oc-205">
         <name>.debug_info</name>
         <load_address>0x1efdd</load_address>
         <run_address>0x1efdd</run_address>
         <size>0x1ca</size>
         <input_file_ref idref="fl-5"/>
      </object_component>
      <object_component id="oc-20a">
         <name>.debug_info</name>
         <load_address>0x1f1a7</load_address>
         <run_address>0x1f1a7</run_address>
         <size>0x3d3</size>
         <input_file_ref idref="fl-5"/>
      </object_component>
      <object_component id="oc-20f">
         <name>.debug_info</name>
         <load_address>0x1f57a</load_address>
         <run_address>0x1f57a</run_address>
         <size>0x3a4</size>
         <input_file_ref idref="fl-5"/>
      </object_component>
      <object_component id="oc-214">
         <name>.debug_info</name>
         <load_address>0x1f91e</load_address>
         <run_address>0x1f91e</run_address>
         <size>0x1de</size>
         <input_file_ref idref="fl-5"/>
      </object_component>
      <object_component id="oc-219">
         <name>.debug_info</name>
         <load_address>0x1fafc</load_address>
         <run_address>0x1fafc</run_address>
         <size>0x2af</size>
         <input_file_ref idref="fl-5"/>
      </object_component>
      <object_component id="oc-21e">
         <name>.debug_info</name>
         <load_address>0x1fdab</load_address>
         <run_address>0x1fdab</run_address>
         <size>0x530</size>
         <input_file_ref idref="fl-5"/>
      </object_component>
      <object_component id="oc-223">
         <name>.debug_info</name>
         <load_address>0x202db</load_address>
         <run_address>0x202db</run_address>
         <size>0x17a</size>
         <input_file_ref idref="fl-5"/>
      </object_component>
      <object_component id="oc-22b">
         <name>.debug_info</name>
         <load_address>0x20455</load_address>
         <run_address>0x20455</run_address>
         <size>0x37b</size>
         <input_file_ref idref="fl-5"/>
      </object_component>
      <object_component id="oc-233">
         <name>.debug_info</name>
         <load_address>0x207d0</load_address>
         <run_address>0x207d0</run_address>
         <size>0x148</size>
         <input_file_ref idref="fl-2c"/>
      </object_component>
      <object_component id="oc-235">
         <name>.debug_info</name>
         <load_address>0x20918</load_address>
         <run_address>0x20918</run_address>
         <size>0x113</size>
         <input_file_ref idref="fl-13"/>
      </object_component>
      <object_component id="oc-23e">
         <name>.debug_info</name>
         <load_address>0x20a2b</load_address>
         <run_address>0x20a2b</run_address>
         <size>0x10f9</size>
         <input_file_ref idref="fl-12"/>
      </object_component>
      <object_component id="oc-244">
         <name>.debug_info</name>
         <load_address>0x21b24</load_address>
         <run_address>0x21b24</run_address>
         <size>0x42e</size>
         <input_file_ref idref="fl-3"/>
      </object_component>
      <object_component id="oc-24a">
         <name>.debug_info</name>
         <load_address>0x21f52</load_address>
         <run_address>0x21f52</run_address>
         <size>0x106</size>
         <input_file_ref idref="fl-4"/>
      </object_component>
      <object_component id="oc-24d">
         <name>.debug_info</name>
         <load_address>0x22058</load_address>
         <run_address>0x22058</run_address>
         <size>0x468</size>
         <input_file_ref idref="fl-4"/>
      </object_component>
      <object_component id="oc-251">
         <name>.debug_info</name>
         <load_address>0x224c0</load_address>
         <run_address>0x224c0</run_address>
         <size>0xfc</size>
         <input_file_ref idref="fl-30"/>
      </object_component>
      <object_component id="oc-256">
         <name>.debug_info</name>
         <load_address>0x225bc</load_address>
         <run_address>0x225bc</run_address>
         <size>0x8b1</size>
         <input_file_ref idref="fl-1a"/>
      </object_component>
      <object_component id="oc-25c">
         <name>.debug_info</name>
         <load_address>0x22e6d</load_address>
         <run_address>0x22e6d</run_address>
         <size>0x1a0</size>
         <input_file_ref idref="fl-2e"/>
      </object_component>
      <object_component id="oc-262">
         <name>.debug_info</name>
         <load_address>0x2300d</load_address>
         <run_address>0x2300d</run_address>
         <size>0x83b</size>
         <input_file_ref idref="fl-17"/>
      </object_component>
      <object_component id="oc-266">
         <name>.debug_info</name>
         <load_address>0x23848</load_address>
         <run_address>0x23848</run_address>
         <size>0x11c</size>
         <input_file_ref idref="fl-17"/>
      </object_component>
      <object_component id="oc-26f">
         <name>.debug_info</name>
         <load_address>0x23964</load_address>
         <run_address>0x23964</run_address>
         <size>0x2c</size>
         <input_file_ref idref="fl-2"/>
      </object_component>
      <object_component id="oc-277">
         <name>.debug_info</name>
         <load_address>0x23990</load_address>
         <run_address>0x23990</run_address>
         <size>0x1d4</size>
         <input_file_ref idref="fl-34"/>
      </object_component>
      <object_component id="oc-27e">
         <name>.debug_info</name>
         <load_address>0x23b64</load_address>
         <run_address>0x23b64</run_address>
         <size>0xd9</size>
         <input_file_ref idref="fl-34"/>
      </object_component>
      <object_component id="oc-28a">
         <name>.debug_info</name>
         <load_address>0x23c3d</load_address>
         <run_address>0x23c3d</run_address>
         <size>0x7cd</size>
         <input_file_ref idref="fl-10"/>
      </object_component>
      <object_component id="oc-28f">
         <name>.debug_info</name>
         <load_address>0x2440a</load_address>
         <run_address>0x2440a</run_address>
         <size>0x1a8</size>
         <input_file_ref idref="fl-10"/>
      </object_component>
      <object_component id="oc-290">
         <name>.debug_info</name>
         <load_address>0x245b2</load_address>
         <run_address>0x245b2</run_address>
         <size>0x421</size>
         <input_file_ref idref="fl-3"/>
      </object_component>
      <object_component id="oc-292">
         <name>.debug_info</name>
         <load_address>0x249d3</load_address>
         <run_address>0x249d3</run_address>
         <size>0x164</size>
         <input_file_ref idref="fl-1c"/>
      </object_component>
      <object_component id="oc-294">
         <name>.debug_info</name>
         <load_address>0x24b37</load_address>
         <run_address>0x24b37</run_address>
         <size>0x1e7</size>
         <input_file_ref idref="fl-1d"/>
      </object_component>
      <object_component id="oc-297">
         <name>.debug_info</name>
         <load_address>0x24d1e</load_address>
         <run_address>0x24d1e</run_address>
         <size>0x105</size>
         <input_file_ref idref="fl-1d"/>
      </object_component>
      <object_component id="oc-29a">
         <name>.debug_info</name>
         <load_address>0x24e23</load_address>
         <run_address>0x24e23</run_address>
         <size>0x105</size>
         <input_file_ref idref="fl-1d"/>
      </object_component>
      <object_component id="oc-29d">
         <name>.debug_info</name>
         <load_address>0x24f28</load_address>
         <run_address>0x24f28</run_address>
         <size>0x276</size>
         <input_file_ref idref="fl-1d"/>
      </object_component>
      <object_component id="oc-29e">
         <name>.debug_info</name>
         <load_address>0x2519e</load_address>
         <run_address>0x2519e</run_address>
         <size>0x110</size>
         <input_file_ref idref="fl-16"/>
      </object_component>
      <object_component id="oc-2a3">
         <name>.debug_info</name>
         <load_address>0x252ae</load_address>
         <run_address>0x252ae</run_address>
         <size>0x327</size>
         <input_file_ref idref="fl-2"/>
      </object_component>
      <object_component id="oc-2a6">
         <name>.debug_info</name>
         <load_address>0x255d5</load_address>
         <run_address>0x255d5</run_address>
         <size>0x155</size>
         <input_file_ref idref="fl-18"/>
      </object_component>
      <object_component id="oc-2ac">
         <name>.debug_info</name>
         <load_address>0x2572a</load_address>
         <run_address>0x2572a</run_address>
         <size>0x825</size>
         <input_file_ref idref="fl-1b"/>
      </object_component>
      <object_component id="oc-2ad">
         <name>.debug_info</name>
         <load_address>0x25f4f</load_address>
         <run_address>0x25f4f</run_address>
         <size>0x46</size>
         <input_file_ref idref="fl-3"/>
      </object_component>
      <object_component id="oc-2b3">
         <name>.debug_info</name>
         <load_address>0x25f95</load_address>
         <run_address>0x25f95</run_address>
         <size>0x48b</size>
         <input_file_ref idref="fl-1e"/>
      </object_component>
      <object_component id="oc-2b5">
         <name>.debug_info</name>
         <load_address>0x26420</load_address>
         <run_address>0x26420</run_address>
         <size>0x110</size>
         <input_file_ref idref="fl-16"/>
      </object_component>
      <object_component id="oc-2b8">
         <name>.debug_info</name>
         <load_address>0x26530</load_address>
         <run_address>0x26530</run_address>
         <size>0x739</size>
         <input_file_ref idref="fl-16"/>
      </object_component>
      <object_component id="oc-2be">
         <name>.debug_info</name>
         <load_address>0x26c69</load_address>
         <run_address>0x26c69</run_address>
         <size>0x1ce</size>
         <input_file_ref idref="fl-16"/>
      </object_component>
      <object_component id="oc-2c5">
         <name>.debug_info</name>
         <load_address>0x26e37</load_address>
         <run_address>0x26e37</run_address>
         <size>0x2c7</size>
         <input_file_ref idref="fl-5"/>
      </object_component>
      <object_component id="oc-2cc">
         <name>.debug_info</name>
         <load_address>0x270fe</load_address>
         <run_address>0x270fe</run_address>
         <size>0xcd</size>
         <input_file_ref idref="fl-2c"/>
      </object_component>
      <object_component id="oc-2d5">
         <name>.debug_info</name>
         <load_address>0x271cb</load_address>
         <run_address>0x271cb</run_address>
         <size>0x182</size>
         <input_file_ref idref="fl-33"/>
      </object_component>
      <object_component id="oc-2db">
         <name>.debug_info</name>
         <load_address>0x2734d</load_address>
         <run_address>0x2734d</run_address>
         <size>0xb3c</size>
         <input_file_ref idref="fl-2"/>
      </object_component>
      <object_component id="oc-2e4">
         <name>.debug_info</name>
         <load_address>0x27e89</load_address>
         <run_address>0x27e89</run_address>
         <size>0x153</size>
         <input_file_ref idref="fl-31"/>
      </object_component>
      <object_component id="oc-2e7">
         <name>.debug_info</name>
         <load_address>0x27fdc</load_address>
         <run_address>0x27fdc</run_address>
         <size>0x10a</size>
         <input_file_ref idref="fl-3"/>
      </object_component>
      <object_component id="oc-2ea">
         <name>.debug_info</name>
         <load_address>0x280e6</load_address>
         <run_address>0x280e6</run_address>
         <size>0x108</size>
         <input_file_ref idref="fl-3"/>
      </object_component>
      <object_component id="oc-2ed">
         <name>.debug_info</name>
         <load_address>0x281ee</load_address>
         <run_address>0x281ee</run_address>
         <size>0x10f</size>
         <input_file_ref idref="fl-3"/>
      </object_component>
      <object_component id="oc-2f6">
         <name>.debug_info</name>
         <load_address>0x282fd</load_address>
         <run_address>0x282fd</run_address>
         <size>0x2a5</size>
         <input_file_ref idref="fl-1a"/>
      </object_component>
      <object_component id="oc-2f8">
         <name>.debug_info</name>
         <load_address>0x285a2</load_address>
         <run_address>0x285a2</run_address>
         <size>0xaa</size>
         <input_file_ref idref="fl-2e"/>
      </object_component>
      <object_component id="oc-2fb">
         <name>.debug_info</name>
         <load_address>0x2864c</load_address>
         <run_address>0x2864c</run_address>
         <size>0x100</size>
         <input_file_ref idref="fl-17"/>
      </object_component>
      <object_component id="oc-309">
         <name>.debug_info</name>
         <load_address>0x2874c</load_address>
         <run_address>0x2874c</run_address>
         <size>0x97</size>
         <input_file_ref idref="fl-3"/>
      </object_component>
      <object_component id="oc-314">
         <name>.debug_info</name>
         <load_address>0x287e3</load_address>
         <run_address>0x287e3</run_address>
         <size>0x62</size>
         <input_file_ref idref="fl-1d"/>
      </object_component>
      <object_component id="oc-31f">
         <name>.debug_info</name>
         <load_address>0x28845</load_address>
         <run_address>0x28845</run_address>
         <size>0x97</size>
         <input_file_ref idref="fl-2"/>
      </object_component>
      <object_component id="oc-324">
         <name>.debug_info</name>
         <load_address>0x288dc</load_address>
         <run_address>0x288dc</run_address>
         <size>0x62</size>
         <input_file_ref idref="fl-2"/>
      </object_component>
      <object_component id="oc-32d">
         <name>.debug_info</name>
         <load_address>0x2893e</load_address>
         <run_address>0x2893e</run_address>
         <size>0x62</size>
         <input_file_ref idref="fl-1e"/>
      </object_component>
      <object_component id="oc-337">
         <name>.debug_info</name>
         <load_address>0x289a0</load_address>
         <run_address>0x289a0</run_address>
         <size>0xab</size>
         <input_file_ref idref="fl-33"/>
      </object_component>
      <object_component id="oc-33a">
         <name>.debug_info</name>
         <load_address>0x28a4b</load_address>
         <run_address>0x28a4b</run_address>
         <size>0x1b0</size>
         <input_file_ref idref="fl-32"/>
      </object_component>
      <object_component id="oc-33f">
         <name>.debug_info</name>
         <load_address>0x28bfb</load_address>
         <run_address>0x28bfb</run_address>
         <size>0x133</size>
         <input_file_ref idref="fl-2"/>
      </object_component>
      <object_component id="oc-342">
         <name>.debug_info</name>
         <load_address>0x28d2e</load_address>
         <run_address>0x28d2e</run_address>
         <size>0x127</size>
         <input_file_ref idref="fl-2"/>
      </object_component>
      <object_component id="oc-346">
         <name>.debug_info</name>
         <load_address>0x28e55</load_address>
         <run_address>0x28e55</run_address>
         <size>0x9f</size>
         <input_file_ref idref="fl-31"/>
      </object_component>
      <object_component id="oc-355">
         <name>.debug_info</name>
         <load_address>0x28ef4</load_address>
         <run_address>0x28ef4</run_address>
         <size>0xa0</size>
         <input_file_ref idref="fl-32"/>
      </object_component>
      <object_component id="oc-357">
         <name>.debug_info</name>
         <load_address>0x28f94</load_address>
         <run_address>0x28f94</run_address>
         <size>0x125</size>
         <input_file_ref idref="fl-2"/>
      </object_component>
      <object_component id="oc-3c4">
         <name>.debug_info</name>
         <load_address>0x290b9</load_address>
         <run_address>0x290b9</run_address>
         <size>0x512</size>
      </object_component>
      <object_component id="oc-4">
         <name>.debug_aranges</name>
         <load_address>0x0</load_address>
         <run_address>0x0</run_address>
         <size>0x20</size>
         <input_file_ref idref="fl-7"/>
      </object_component>
      <object_component id="oc-a">
         <name>.debug_aranges</name>
         <load_address>0x20</load_address>
         <run_address>0x20</run_address>
         <size>0x20</size>
         <input_file_ref idref="fl-f"/>
      </object_component>
      <object_component id="oc-f">
         <name>.debug_aranges</name>
         <load_address>0x40</load_address>
         <run_address>0x40</run_address>
         <size>0x20</size>
         <input_file_ref idref="fl-29"/>
      </object_component>
      <object_component id="oc-15">
         <name>.debug_aranges</name>
         <load_address>0x60</load_address>
         <run_address>0x60</run_address>
         <size>0x20</size>
         <input_file_ref idref="fl-2b"/>
      </object_component>
      <object_component id="oc-1c">
         <name>.debug_aranges</name>
         <load_address>0x80</load_address>
         <run_address>0x80</run_address>
         <size>0x20</size>
         <input_file_ref idref="fl-2a"/>
      </object_component>
      <object_component id="oc-22">
         <name>.debug_aranges</name>
         <load_address>0xa0</load_address>
         <run_address>0xa0</run_address>
         <size>0x40</size>
         <input_file_ref idref="fl-6"/>
      </object_component>
      <object_component id="oc-27">
         <name>.debug_aranges</name>
         <load_address>0xe0</load_address>
         <run_address>0xe0</run_address>
         <size>0x20</size>
         <input_file_ref idref="fl-6"/>
      </object_component>
      <object_component id="oc-30">
         <name>.debug_aranges</name>
         <load_address>0x100</load_address>
         <run_address>0x100</run_address>
         <size>0x20</size>
         <input_file_ref idref="fl-b"/>
      </object_component>
      <object_component id="oc-36">
         <name>.debug_aranges</name>
         <load_address>0x120</load_address>
         <run_address>0x120</run_address>
         <size>0x28</size>
         <input_file_ref idref="fl-12"/>
      </object_component>
      <object_component id="oc-3c">
         <name>.debug_aranges</name>
         <load_address>0x148</load_address>
         <run_address>0x148</run_address>
         <size>0x28</size>
         <input_file_ref idref="fl-13"/>
      </object_component>
      <object_component id="oc-42">
         <name>.debug_aranges</name>
         <load_address>0x170</load_address>
         <run_address>0x170</run_address>
         <size>0x20</size>
         <input_file_ref idref="fl-21"/>
      </object_component>
      <object_component id="oc-48">
         <name>.debug_aranges</name>
         <load_address>0x190</load_address>
         <run_address>0x190</run_address>
         <size>0x20</size>
         <input_file_ref idref="fl-23"/>
      </object_component>
      <object_component id="oc-4e">
         <name>.debug_aranges</name>
         <load_address>0x1b0</load_address>
         <run_address>0x1b0</run_address>
         <size>0x20</size>
         <input_file_ref idref="fl-25"/>
      </object_component>
      <object_component id="oc-54">
         <name>.debug_aranges</name>
         <load_address>0x1d0</load_address>
         <run_address>0x1d0</run_address>
         <size>0x110</size>
         <input_file_ref idref="fl-11"/>
      </object_component>
      <object_component id="oc-59">
         <name>.debug_aranges</name>
         <load_address>0x2e0</load_address>
         <run_address>0x2e0</run_address>
         <size>0x68</size>
         <input_file_ref idref="fl-5"/>
      </object_component>
      <object_component id="oc-5f">
         <name>.debug_aranges</name>
         <load_address>0x348</load_address>
         <run_address>0x348</run_address>
         <size>0x1c0</size>
         <input_file_ref idref="fl-8"/>
      </object_component>
[...]
         <value>0x6450</value>
         <object_component_ref idref="oc-1b5"/>
      </symbol>
      <symbol id="sm-837">
         <name>MPU_uxTaskPriorityGet</name>
         <value>0x6578</value>
         <object_component_ref idref="oc-1b5"/>
      </symbol>
      <symbol id="sm-838">
         <name>MPU_xQueueCreateCountingSemaphore</name>
         <value>0x6390</value>
         <object_component_ref idref="oc-1b5"/>
      </symbol>
      <symbol id="sm-839">
         <name>MPU_uxTaskGetNumberOfTasks</name>
         <value>0x65c8</value>
         <object_component_ref idref="oc-1b5"/>
      </symbol>
      <symbol id="sm-83a">
         <name>MPU_xPortGetFreeHeapSize</name>
         <value>0x63c0</value>
         <object_component_ref idref="oc-1b5"/>
      </symbol>
      <symbol id="sm-83b">
         <name>MPU_uxQueueMessagesWaiting</name>
         <value>0x65e8</value>
         <object_component_ref idref="oc-1b5"/>
      </symbol>
      <symbol id="sm-83c">
         <name>MPU_xQueueGenericSend</name>
         <value>0x62b0</value>
         <object_component_ref idref="oc-1b5"/>
      </symbol>
      <symbol id="sm-83d">
         <name>MPU_xQueueTakeMutexRecursive</name>
         <value>0x6258</value>
         <object_component_ref idref="oc-1b5"/>
      </symbol>
      <symbol id="sm-83e">
         <name>MPU_vTaskDelete</name>
         <value>0x6480</value>
         <object_component_ref idref="oc-1b5"/>
      </symbol>
      <symbol id="sm-83f">
         <name>MPU_xTaskResumeAll</name>
         <value>0x6194</value>
         <object_component_ref idref="oc-1b5"/>
      </symbol>
      <symbol id="sm-840">
         <name>MPU_vTaskDelay</name>
         <value>0x64d8</value>
         <object_component_ref idref="oc-1b5"/>
      </symbol>
      <symbol id="sm-841">
         <name>MPU_xQueueGiveMutexRecursive</name>
         <value>0x6288</value>
         <object_component_ref idref="oc-1b5"/>
      </symbol>
      <symbol id="sm-842">
         <name>MPU_xQueueGenericCreate</name>
         <value>0x6330</value>
         <object_component_ref idref="oc-1b5"/>
      </symbol>
      <symbol id="sm-843">
         <name>MPU_vTaskSuspendAll</name>
         <value>0x63e0</value>
         <object_component_ref idref="oc-1b5"/>
      </symbol>
      <symbol id="sm-857">
         <name>uxListRemove</name>
         <value>0x29c90</value>
         <object_component_ref idref="oc-182"/>
      </symbol>
      <symbol id="sm-858">
         <name>vListInsert</name>
         <value>0x29bf8</value>
         <object_component_ref idref="oc-182"/>
      </symbol>
      <symbol id="sm-859">
         <name>vListInitialiseItem</name>
         <value>0x29c60</value>
         <object_component_ref idref="oc-182"/>
      </symbol>
      <symbol id="sm-85a">
         <name>vListInsertEnd</name>
         <value>0x29bc8</value>
         <object_component_ref idref="oc-182"/>
      </symbol>
      <symbol id="sm-85b">
         <name>vListInitialise</name>
         <value>0x29c6c</value>
         <object_component_ref idref="oc-182"/>
      </symbol>
      <symbol id="sm-8b5">
         <name>vPortInitialiseBlocks</name>
         <value>0x29658</value>
         <object_component_ref idref="oc-188"/>
      </symbol>
      <symbol id="sm-8b6">
         <name>xPortGetFreeHeapSize</name>
         <value>0x2964c</value>
         <object_component_ref idref="oc-188"/>
      </symbol>
      <symbol id="sm-8b7">
         <name>pvPortMalloc</name>
         <value>0x297d0</value>
         <object_component_ref idref="oc-188"/>
      </symbol>
      <symbol id="sm-8b8">
         <name>vPortFree</name>
         <value>0x296dc</value>
         <object_component_ref idref="oc-188"/>
      </symbol>
      <symbol id="sm-8b9">
         <name>xPortGetMinimumEverFreeHeapSize</name>
         <value>0x29640</value>
         <object_component_ref idref="oc-188"/>
      </symbol>
      <symbol id="sm-907">
         <name>xEventGroupSetBits</name>
         <value>0x6794</value>
         <object_component_ref idref="oc-1bb"/>
      </symbol>
      <symbol id="sm-908">
         <name>xEventGroupCreate</name>
         <value>0x6948</value>
         <object_component_ref idref="oc-1bb"/>
      </symbol>
      <symbol id="sm-909">
         <name>vEventGroupSetBitsCallback</name>
         <value>0x69ac</value>
         <object_component_ref idref="oc-1bb"/>
      </symbol>
      <symbol id="sm-90a">
         <name>xEventGroupWaitBits</name>
         <value>0x6668</value>
         <object_component_ref idref="oc-1bb"/>
      </symbol>
      <symbol id="sm-90b">
         <name>xEventGroupSync</name>
         <value>0x6838</value>
         <object_component_ref idref="oc-1bb"/>
      </symbol>
      <symbol id="sm-90c">
         <name>vEventGroupDelete</name>
         <value>0x69b0</value>
         <object_component_ref idref="oc-1bb"/>
      </symbol>
      <symbol id="sm-90d">
         <name>xEventGroupGetBitsFromISR</name>
         <value>0x6940</value>
         <object_component_ref idref="oc-1bb"/>
      </symbol>
      <symbol id="sm-90e">
         <name>vEventGroupClearBitsCallback</name>
         <value>0x6a00</value>
         <object_component_ref idref="oc-1bb"/>
      </symbol>
      <symbol id="sm-90f">
         <name>xEventGroupClearBits</name>
         <value>0x6974</value>
         <object_component_ref idref="oc-1bb"/>
      </symbol>
      <symbol id="sm-929">
         <name>sciNotification</name>
         <value>0x89b0</value>
         <object_component_ref idref="oc-a6"/>
      </symbol>
      <symbol id="sm-92a">
         <name>canErrorNotification</name>
         <value>0x89d8</value>
         <object_component_ref idref="oc-a6"/>
      </symbol>
      <symbol id="sm-92b">
         <name>memoryPort1TestFailNotification</name>
         <value>0x89b4</value>
         <object_component_ref idref="oc-a6"/>
      </symbol>
      <symbol id="sm-92c">
         <name>canMessageNotification</name>
         <value>0x89d4</value>
         <object_component_ref idref="oc-a6"/>
      </symbol>
      <symbol id="sm-92d">
         <name>memoryPort0TestFailNotification</name>
         <value>0x89b8</value>
         <object_component_ref idref="oc-a6"/>
      </symbol>
      <symbol id="sm-92e">
         <name>spiNotification</name>
         <value>0x89a8</value>
         <object_component_ref idref="oc-a6"/>
      </symbol>
      <symbol id="sm-92f">
         <name>esmGroup2Notification</name>
         <value>0x89c4</value>
         <object_component_ref idref="oc-a6"/>
      </symbol>
      <symbol id="sm-930">
         <name>spiEndNotification</name>
         <value>0x89ac</value>
         <object_component_ref idref="oc-a6"/>
      </symbol>
      <symbol id="sm-931">
         <name>esmGroup1Notification</name>
         <value>0x89c8</value>
         <object_component_ref idref="oc-a6"/>
      </symbol>
      <symbol id="sm-932">
         <name>canStatusChangeNotification</name>
         <value>0x89d0</value>
         <object_component_ref idref="oc-a6"/>
      </symbol>
      <symbol id="sm-933">
         <name>dmaGroupANotification</name>
         <value>0x89cc</value>
         <object_component_ref idref="oc-a6"/>
      </symbol>
      <symbol id="sm-934">
         <name>gioNotification</name>
         <value>0x89c0</value>
         <object_component_ref idref="oc-a6"/>
      </symbol>
      <symbol id="sm-98a">
         <name>i2c_mutex</name>
         <value>0x8ed8</value>
      </symbol>
      <symbol id="sm-98b">
         <name>i2c_events</name>
         <value>0x8ed4</value>
      </symbol>
      <symbol id="sm-98c">
         <name>i2cReceiveMessageOS</name>
         <value>0x58d4</value>
         <object_component_ref idref="oc-d8"/>
      </symbol>
      <symbol id="sm-98d">
         <name>i2cSetCount</name>
         <value>0x5718</value>
         <object_component_ref idref="oc-d8"/>
      </symbol>
      <symbol id="sm-98e">
         <name>i2cSetMode</name>
         <value>0x5704</value>
         <object_component_ref idref="oc-d8"/>
      </symbol>
      <symbol id="sm-98f">
         <name>i2cInit</name>
         <value>0x5a4c</value>
         <object_component_ref idref="oc-d8"/>
      </symbol>
      <symbol id="sm-990">
         <name>i2cIsStopDetected</name>
         <value>0x5a34</value>
         <object_component_ref idref="oc-d8"/>
      </symbol>
      <symbol id="sm-991">
         <name>i2cDisableNotification</name>
         <value>0x5bfc</value>
         <object_component_ref idref="oc-d8"/>
      </symbol>
      <symbol id="sm-992">
         <name>i2cDisableLoopback</name>
         <value>0x5c30</value>
         <object_component_ref idref="oc-d8"/>
      </symbol>
      <symbol id="sm-993">
         <name>i2cSetSlaveAdd</name>
         <value>0x56f4</value>
         <object_component_ref idref="oc-d8"/>
      </symbol>
      <symbol id="sm-994">
         <name>i2cReceive</name>
         <value>0x5888</value>
         <object_component_ref idref="oc-d8"/>
      </symbol>
      <symbol id="sm-995">
         <name>i2cSendMessageOS</name>
         <value>0x575c</value>
         <object_component_ref idref="oc-d8"/>
      </symbol>
      <symbol id="sm-996">
         <name>i2cRxError</name>
         <value>0x5870</value>
         <object_component_ref idref="oc-d8"/>
      </symbol>
      <symbol id="sm-997">
         <name>i2cIsRxReady</name>
         <value>0x5a40</value>
         <object_component_ref idref="oc-d8"/>
      </symbol>
      <symbol id="sm-998">
         <name>i2cSendByte</name>
         <value>0x57f8</value>
         <object_component_ref idref="oc-d8"/>
      </symbol>
      <symbol id="sm-999">
         <name>i2cEnableLoopback</name>
         <value>0x5bec</value>
         <object_component_ref idref="oc-d8"/>
      </symbol>
      <symbol id="sm-99a">
         <name>i2cSetBaudrate</name>
         <value>0x5720</value>
         <object_component_ref idref="oc-d8"/>
      </symbol>
      <symbol id="sm-99b">
         <name>i2cSetStart</name>
         <value>0x56e4</value>
         <object_component_ref idref="oc-d8"/>
      </symbol>
      <symbol id="sm-99c">
         <name>i2cSend</name>
         <value>0x580c</value>
         <object_component_ref idref="oc-d8"/>
      </symbol>
      <symbol id="sm-99d">
         <name>i2cSetStop</name>
         <value>0x56d4</value>
         <object_component_ref idref="oc-d8"/>
      </symbol>
      <symbol id="sm-99e">
         <name>i2cGetConfigValue</name>
         <value>0x5aec</value>
         <object_component_ref idref="oc-d8"/>
      </symbol>
      <symbol id="sm-99f">
         <name>i2cClearSCD</name>
         <value>0x5c40</value>
         <object_component_ref idref="oc-d8"/>
      </symbol>
      <symbol id="sm-9a0">
         <name>i2cInterrupt</name>
         <value>0x814c</value>
         <object_component_ref idref="oc-40"/>
      </symbol>
      <symbol id="sm-9a1">
         <name>i2cIsTxReady</name>
         <value>0x5a28</value>
         <object_component_ref idref="oc-d8"/>
      </symbol>
      <symbol id="sm-9a2">
         <name>i2cReceiveByte</name>
         <value>0x59d8</value>
         <object_component_ref idref="oc-d8"/>
      </symbol>
      <symbol id="sm-9a3">
         <name>i2cNotification</name>
         <value>0x59ec</value>
         <object_component_ref idref="oc-d8"/>
      </symbol>
      <symbol id="sm-9a4">
         <name>i2cEnableNotification</name>
         <value>0x5bcc</value>
         <object_component_ref idref="oc-d8"/>
      </symbol>
      <symbol id="sm-9a5">
         <name>i2cSetOwnAdd</name>
         <value>0x56fc</value>
         <object_component_ref idref="oc-d8"/>
      </symbol>
      <symbol id="sm-9ec">
         <name>esmClearStatus</name>
         <value>0x73d0</value>
         <object_component_ref idref="oc-63"/>
      </symbol>
      <symbol id="sm-9ed">
         <name>esmInit</name>
         <value>0x71b4</value>
         <object_component_ref idref="oc-63"/>
      </symbol>
      <symbol id="sm-9ee">
         <name>esmGetStatus</name>
         <value>0x7264</value>
         <object_component_ref idref="oc-63"/>
      </symbol>
      <symbol id="sm-9ef">
         <name>esmSelfTestStatus</name>
         <value>0x7188</value>
         <object_component_ref idref="oc-63"/>
      </symbol>
      <symbol id="sm-9f0">
         <name>esmGetStatusBuffer</name>
         <value>0x7238</value>
         <object_component_ref idref="oc-63"/>
      </symbol>
      <symbol id="sm-9f1">
         <name>esmDisableError</name>
         <value>0x73a0</value>
         <object_component_ref idref="oc-63"/>
      </symbol>
      <symbol id="sm-9f2">
         <name>esmEnterSelfTest</name>
         <value>0x7314</value>
         <object_component_ref idref="oc-63"/>
      </symbol>
      <symbol id="sm-9f3">
         <name>esmError</name>
         <value>0x7308</value>
         <object_component_ref idref="oc-63"/>
      </symbol>
      <symbol id="sm-9f4">
         <name>esmSetCounterPreloadValue</name>
         <value>0x7178</value>
         <object_component_ref idref="oc-63"/>
      </symbol>
      <symbol id="sm-9f5">
         <name>esmSetInterruptLevel</name>
         <value>0x7124</value>
         <object_component_ref idref="oc-63"/>
      </symbol>
      <symbol id="sm-9f6">
         <name>esmHighInterrupt</name>
         <value>0x859c</value>
         <object_component_ref idref="oc-46"/>
      </symbol>
      <symbol id="sm-9f7">
         <name>esmClearStatusBuffer</name>
         <value>0x73b8</value>
         <object_component_ref idref="oc-63"/>
      </symbol>
      <symbol id="sm-9f8">
         <name>esmEnableInterrupt</name>
         <value>0x7358</value>
         <object_component_ref idref="oc-63"/>
      </symbol>
      <symbol id="sm-9f9">
         <name>esmActivateNormalOperation</name>
         <value>0x73e8</value>
         <object_component_ref idref="oc-63"/>
      </symbol>
      <symbol id="sm-9fa">
         <name>esmEnableError</name>
         <value>0x7370</value>
         <object_component_ref idref="oc-63"/>
      </symbol>
      <symbol id="sm-9fb">
         <name>esmTriggerErrorPinReset</name>
         <value>0x7114</value>
         <object_component_ref idref="oc-63"/>
      </symbol>
      <symbol id="sm-9fc">
         <name>esmDisableInterrupt</name>
         <value>0x7388</value>
         <object_component_ref idref="oc-63"/>
      </symbol>
      <symbol id="sm-9fd">
         <name>esmGetConfigValue</name>
         <value>0x7290</value>
         <object_component_ref idref="oc-63"/>
      </symbol>
      <symbol id="sm-a13">
         <name>_dabort</name>
         <value>0x84b4</value>
         <object_component_ref idref="oc-80"/>
      </symbol>
      <symbol id="sm-a23">
         <name>can1HighLevelInterrupt</name>
         <value>0x8670</value>
         <object_component_ref idref="oc-4c"/>
      </symbol>
      <symbol id="sm-a40">
         <name>__TI_auto_init</name>
         <value>0x87b1</value>
         <object_component_ref idref="oc-69"/>
      </symbol>
      <symbol id="sm-a57">
         <name>__TI_decompress_none</name>
         <value>0x8ab3</value>
         <object_component_ref idref="oc-d"/>
      </symbol>
      <symbol id="sm-a7b">
         <name>__TI_decompress_rle24</name>
         <value>0x8ac1</value>
         <object_component_ref idref="oc-19"/>
      </symbol>
      <symbol id="sm-a8f">
         <name>__TI_zero_init</name>
         <value>0x8aa1</value>
         <object_component_ref idref="oc-13"/>
      </symbol>
      <symbol id="sm-aa8">
         <name>copy_in</name>
         <value>0x891d</value>
         <object_component_ref idref="oc-100"/>
      </symbol>
      <symbol id="sm-ac7">
         <name>C$$EXIT</name>
         <value>0x8965</value>
         <object_component_ref idref="oc-74"/>
      </symbol>
      <symbol id="sm-ac8">
         <name>abort</name>
         <value>0x8969</value>
         <object_component_ref idref="oc-74"/>
      </symbol>
      <symbol id="sm-ac9">
         <name>exit</name>
         <value>0x8971</value>
         <object_component_ref idref="oc-74"/>
      </symbol>
      <symbol id="sm-aca">
         <name>__TI_dtors_ptr</name>
         <value>0x9180</value>
         <object_component_ref idref="oc-11e"/>
      </symbol>
      <symbol id="sm-acb">
         <name>__TI_cleanup_ptr</name>
         <value>0x917c</value>
         <object_component_ref idref="oc-11e"/>
      </symbol>
      <symbol id="sm-adb">
         <name>memcmp</name>
         <value>0x8a33</value>
         <object_component_ref idref="oc-25b"/>
      </symbol>
      <symbol id="sm-af6">
         <name>memcpy</name>
         <value>0x8715</value>
         <object_component_ref idref="oc-86"/>
      </symbol>
      <symbol id="sm-af7">
         <name>__aeabi_memcpy</name>
         <value>0x8715</value>
         <object_component_ref idref="oc-86"/>
      </symbol>
      <symbol id="sm-af8">
         <name>__aeabi_memcpy8</name>
         <value>0x8715</value>
         <object_component_ref idref="oc-86"/>
      </symbol>
      <symbol id="sm-af9">
         <name>__aeabi_memcpy4</name>
         <value>0x8715</value>
         <object_component_ref idref="oc-86"/>
      </symbol>
      <symbol id="sm-b0a">
         <name>__aeabi_memset</name>
         <value>0x8847</value>
         <object_component_ref idref="oc-250"/>
      </symbol>
      <symbol id="sm-b0b">
         <name>memset</name>
         <value>0x884d</value>
         <object_component_ref idref="oc-250"/>
      </symbol>
      <symbol id="sm-b0c">
         <name>__aeabi_memset8</name>
         <value>0x8847</value>
         <object_component_ref idref="oc-250"/>
      </symbol>
      <symbol id="sm-b0d">
         <name>__aeabi_memset4</name>
         <value>0x8847</value>
         <object_component_ref idref="oc-250"/>
      </symbol>
      <symbol id="sm-b0e">
         <name>__aeabi_memclr8</name>
         <value>0x8845</value>
         <object_component_ref idref="oc-250"/>
      </symbol>
      <symbol id="sm-b0f">
         <name>__aeabi_memclr4</name>
         <value>0x8845</value>
         <object_component_ref idref="oc-250"/>
      </symbol>
      <symbol id="sm-b10">
         <name>__aeabi_memclr</name>
         <value>0x8845</value>
         <object_component_ref idref="oc-250"/>
      </symbol>
      <symbol id="sm-b1e">
         <name>strlen</name>
         <value>0x8a75</value>
         <object_component_ref idref="oc-2e0"/>
      </symbol>
      <symbol id="sm-b2e">
         <name>strncmp</name>
         <value>0x8a0d</value>
         <object_component_ref idref="oc-338"/>
      </symbol>
      <symbol id="sm-b3e">
         <name>strncpy</name>
         <value>0x89dd</value>
         <object_component_ref idref="oc-2d4"/>
      </symbol>
      <symbol id="sm-b57">
         <name>_nop</name>
         <value>0x8a9b</value>
         <object_component_ref idref="oc-276"/>
      </symbol>
      <symbol id="sm-b58">
         <name>_lock</name>
         <value>0x9174</value>
         <object_component_ref idref="oc-11b"/>
      </symbol>
      <symbol id="sm-b59">
         <name>_unlock</name>
         <value>0x9178</value>
         <object_component_ref idref="oc-11b"/>
      </symbol>
      <symbol id="sm-b5a">
         <name>_register_lock</name>
         <value>0x8a93</value>
         <object_component_ref idref="oc-276"/>
      </symbol>
      <symbol id="sm-b5b">
         <name>_register_unlock</name>
         <value>0x8a8d</value>
         <object_component_ref idref="oc-276"/>
      </symbol>
      <symbol id="sm-b5c">
         <name>__TI_static_base__</name>
         <value>0x29d10</value>
      </symbol>
      <symbol id="sm-b5d">
         <name>SHT$$INIT_ARRAY$$Limit</name>
         <value>0x0</value>
      </symbol>
      <symbol id="sm-b5e">
         <name>SHT$$INIT_ARRAY$$Base</name>
         <value>0x0</value>
      </symbol>
   </symbol_table>
   <title>Link successful</title>
</link_info>
